[main.cpp:527]:
Game Version: EU4 v1.37.5.0 Inca
Time:2026-10-02 14:29
Configuration: Release
[trigger.cpp:4874]: Loaded trigger optimization profile with 6870 entries
[history.cpp:468]: Executing History from -1.01.01 to  2.01.01
[history.cpp:468]: Executing History from 2.01.01 to  1444.11.11
[pdx_dlc.cpp:128]: Setting up DLC Star and Crescent : Enabled
[pdx_dlc.cpp:128]: Setting up DLC American Dream : Enabled
[pdx_dlc.cpp:128]: Setting up DLC Purple Phoenix : Enabled
[pdx_dlc.cpp:128]: Setting up DLC Conquest of Paradise : Enabled
[pdx_dlc.cpp:128]: Setting up DLC Wealth of Nations : Enabled
[pdx_dlc.cpp:128]: Setting up DLC Res Publica : Enabled
[pdx_dlc.cpp:128]: Setting up DLC Art of War : Enabled
[pdx_dlc.cpp:128]: Setting up DLC El Dorado : Enabled
[pdx_dlc.cpp:128]: Setting up DLC Women in History : Enabled
[pdx_dlc.cpp:128]: Setting up DLC Common Sense : Enabled
[pdx_dlc.cpp:128]: Setting up DLC The Cossacks : Enabled
[pdx_dlc.cpp:128]: Setting up DLC Muslim Advisor Portraits : Enabled
[pdx_dlc.cpp:128]: Setting up DLC National Monuments : Enabled
[pdx_dlc.cpp:128]: Setting up DLC National Monuments II : Enabled
[pdx_dlc.cpp:128]: Setting up DLC Mare Nostrum : Enabled
[pdx_dlc.cpp:128]: Setting up DLC Rights of Man : Enabled
[pdx_dlc.cpp:128]: Setting up DLC Mandate of Heaven : Enabled
[pdx_dlc.cpp:128]: Setting up DLC Third Rome : Enabled
[pdx_dlc.cpp:128]: Setting up DLC Cradle of Civilization : Enabled
[pdx_dlc.cpp:128]: Setting up DLC Rule Britannia : Enabled
[pdx_dlc.cpp:128]: Setting up DLC Dharma : Enabled
[pdx_dlc.cpp:128]: Setting up DLC Dharma - Indian Sultanate Pack : Enabled
[pdx_dlc.cpp:128]: Setting up DLC Dharma - Hindu Unit Pack : Enabled
[pdx_dlc.cpp:128]: Setting up DLC Golden Century : Enabled
[pdx_dlc.cpp:128]: Setting up DLC Emperor : Enabled
[pdx_dlc.cpp:128]: Setting up DLC Leviathan : Enabled
[pdx_dlc.cpp:128]: Setting up DLC Origins : Enabled
[pdx_dlc.cpp:128]: Setting up DLC Lions of the North : Enabled
[pdx_dlc.cpp:128]: Setting up DLC Domination : Enabled
[pdx_dlc.cpp:128]: Setting up DLC King of Kings : Enabled
[pdx_dlc.cpp:128]: Setting up DLC Winds of Change : Enabled
[gamesetup.cpp:3784]: Hosting new MP game, Nakama ID :
[pdx_dlc.cpp:128]: Setting up DLC Star and Crescent : Enabled
[pdx_dlc.cpp:128]: Setting up DLC American Dream : Enabled
[pdx_dlc.cpp:128]: Setting up DLC Purple Phoenix : Enabled
[pdx_dlc.cpp:128]: Setting up DLC Conquest of Paradise : Enabled
[pdx_dlc.cpp:128]: Setting up DLC Wealth of Nations : Enabled
[pdx_dlc.cpp:128]: Setting up DLC Res Publica : Enabled
[pdx_dlc.cpp:128]: Setting up DLC Art of War : Enabled
[pdx_dlc.cpp:128]: Setting up DLC El Dorado : Enabled
[pdx_dlc.cpp:128]: Setting up DLC Women in History : Enabled
[pdx_dlc.cpp:128]: Setting up DLC Common Sense : Enabled
[pdx_dlc.cpp:128]: Setting up DLC The Cossacks : Enabled
[pdx_dlc.cpp:128]: Setting up DLC Muslim Advisor Portraits : Enabled
[pdx_dlc.cpp:128]: Setting up DLC National Monuments : Enabled
[pdx_dlc.cpp:128]: Setting up DLC National Monuments II : Enabled
[pdx_dlc.cpp:128]: Setting up DLC Mare Nostrum : Enabled
[pdx_dlc.cpp:128]: Setting up DLC Rights of Man : Enabled
[pdx_dlc.cpp:128]: Setting up DLC Mandate of Heaven : Enabled
[pdx_dlc.cpp:128]: Setting up DLC Third Rome : Enabled
[pdx_dlc.cpp:128]: Setting up DLC Cradle of Civilization : Enabled
[pdx_dlc.cpp:128]: Setting up DLC Rule Britannia : Enabled
[pdx_dlc.cpp:128]: Setting up DLC Dharma : Enabled
[pdx_dlc.cpp:128]: Setting up DLC Dharma - Indian Sultanate Pack : Enabled
[pdx_dlc.cpp:128]: Setting up DLC Dharma - Hindu Unit Pack : Enabled
[pdx_dlc.cpp:128]: Setting up DLC Golden Century : Enabled
[pdx_dlc.cpp:128]: Setting up DLC Emperor : Enabled
[pdx_dlc.cpp:128]: Setting up DLC Leviathan : Enabled
[pdx_dlc.cpp:128]: Setting up DLC Origins : Enabled
[pdx_dlc.cpp:128]: Setting up DLC Lions of the North : Enabled
[pdx_dlc.cpp:128]: Setting up DLC Domination : Enabled
[pdx_dlc.cpp:128]: Setting up DLC King of Kings : Enabled
[pdx_dlc.cpp:128]: Setting up DLC Winds of Change : Enabled
[controlcommands.cpp:160]: Human Yamtom set as primary local, no one before was primary local of Poland
[frontend.cpp:1435]:

		[[ Launching SINGLEPLAYER-game ]]
	Start-date: 1444.11.11

[history.cpp:580]: Executing Late History from -1.01.01 to  2.01.01
[history.cpp:580]: Executing Late History from 2.01.01 to  1444.11.11
[ingameidler.cpp:4971]: Start RestoreDeviceObjects
[ingamelobby.cpp:320]: Making Lobby Human Item for: Yamtom(1)
[ingamelobby.cpp:347]: Adding player Yamtom to list
[ingamelobby.cpp:372]: constr: Local player is Yamtom session id is 1
[ingamelobby.cpp:837]: Onchat:Local player is Yamtom session id is 1
[gamestate.cpp:5196]: CAS is a 'lucky' nation (historical).
[gamestate.cpp:5196]: TUR is a 'lucky' nation (historical).
[gamestate.cpp:5196]: MOS is a 'lucky' nation (historical).
[gamestate.cpp:5196]: ENG is a 'lucky' nation (historical).
[gamestate.cpp:5196]: FRA is a 'lucky' nation (historical).
[gamestate.cpp:5196]: HAB is a 'lucky' nation (historical).
[gamestate.cpp:5196]: POR is a 'lucky' nation (historical).
[gamestate.cpp:5196]: MJZ is a 'lucky' nation (historical).
[ingameidler.cpp:5565]: End RestoreDeviceObjects
[ingamelobby.cpp:565]: A player has arrived. Name: Yamtom, ID: 1
[ingamelobby.cpp:581]: Found Yamtom
[ingamelobby.cpp:837]: Onchat:Local player is Yamtom session id is 1
[ingamelobby.cpp:594]: PlrArrived2: Local player is Poland
[ingamelobby.cpp:837]: Onchat:Local player is Yamtom session id is 1
[ingamelobby.cpp:631]: PlayerArrived3: Local player is Yamtom session id is 1
[effectimplementation.cpp:25901]: SetReligiousSchoolEffect, muslim, hanafi_school, 1, ---, 0, 1
