[pdx_localize.cpp:1063]: Error in localization value! Key: "uniate_church.5.d", Error: "Couldn't find Latin1 character for c5 9b"
[pdx_localize.cpp:1063]: Error in localization value! Key: "uniate_church.5.d", Error: "Couldn't find Latin1 character for c4 87"
[pdx_localize.cpp:1063]: Error in localization value! Key: "zamosc_synod_latinization", Error: "Couldn't find Latin1 character for c5 9b"
[pdx_localize.cpp:1063]: Error in localization value! Key: "zamosc_synod_latinization", Error: "Couldn't find Latin1 character for c4 87"
[pdx_localize.cpp:1063]: Error in localization value! Key: "rip_church_gc_icon_charity_button_tt", Error: "Couldn't find Latin1 character"
[pdx_localize.cpp:1063]: Error in localization value! Key: "rip_church_gc_icon_charity_state_tt", Error: "Couldn't find Latin1 character"
[pdx_localize.cpp:1063]: Error in localization value! Key: "rip_church_gc_icon_learning_button_tt", Error: "Couldn't find Latin1 character"
[pdx_localize.cpp:1063]: Error in localization value! Key: "rip_church_gc_icon_learning_state_tt", Error: "Couldn't find Latin1 character"
[virtualfilesystem.cpp:255]: Failed to find pre specified enumerate for 'localisation/replace'(.yml, (null), -1)
[pdx_localize.cpp:1063]: Error in localization value! Key: "rip_church_gc_icon_charity_button_tt", Error: "Couldn't find Latin1 character"
[pdx_localize.cpp:1063]: Error in localization value! Key: "rip_church_gc_icon_charity_state_tt", Error: "Couldn't find Latin1 character"
[pdx_localize.cpp:1063]: Error in localization value! Key: "rip_church_gc_icon_learning_button_tt", Error: "Couldn't find Latin1 character"
[pdx_localize.cpp:1063]: Error in localization value! Key: "rip_church_gc_icon_learning_state_tt", Error: "Couldn't find Latin1 character"
[localize.cpp:671]: Localization hash collision found, more info in text.log! Language: l_english
[pdx_localize.cpp:1063]: Error in localization value! Key: "uniate_church.5.d", Error: "Couldn't find Latin1 character for c5 9b"
[pdx_localize.cpp:1063]: Error in localization value! Key: "uniate_church.5.d", Error: "Couldn't find Latin1 character for c4 87"
[pdx_localize.cpp:1063]: Error in localization value! Key: "zamosc_synod_latinization", Error: "Couldn't find Latin1 character for c5 9b"
[pdx_localize.cpp:1063]: Error in localization value! Key: "zamosc_synod_latinization", Error: "Couldn't find Latin1 character for c4 87"
[pdx_localize.cpp:1063]: Error in localization value! Key: "rip_church_gc_icon_charity_button_tt", Error: "Couldn't find Latin1 character"
[pdx_localize.cpp:1063]: Error in localization value! Key: "rip_church_gc_icon_charity_state_tt", Error: "Couldn't find Latin1 character"
[pdx_localize.cpp:1063]: Error in localization value! Key: "rip_church_gc_icon_learning_button_tt", Error: "Couldn't find Latin1 character"
[pdx_localize.cpp:1063]: Error in localization value! Key: "rip_church_gc_icon_learning_state_tt", Error: "Couldn't find Latin1 character"
[virtualfilesystem.cpp:255]: Failed to find pre specified enumerate for 'localisation/replace'(.yml, (null), -1)
[pdx_localize.cpp:1063]: Error in localization value! Key: "rip_church_gc_icon_charity_button_tt", Error: "Couldn't find Latin1 character"
[pdx_localize.cpp:1063]: Error in localization value! Key: "rip_church_gc_icon_charity_state_tt", Error: "Couldn't find Latin1 character"
[pdx_localize.cpp:1063]: Error in localization value! Key: "rip_church_gc_icon_learning_button_tt", Error: "Couldn't find Latin1 character"
[pdx_localize.cpp:1063]: Error in localization value! Key: "rip_church_gc_icon_learning_state_tt", Error: "Couldn't find Latin1 character"
[localize.cpp:671]: Localization hash collision found, more info in text.log! Language: l_english
[modifier.cpp:1101]: Unknown modifier. Type: "nobles_influence_modifier", File: "common/factions/RIP_kru_factions.txt", Line: "43"
[modifier.cpp:1101]: Unknown modifier. Type: "nobles_influence_modifier", File: "common/factions/RIP_representation_monarchy_factions.txt", Line: "17"
[persistent.cpp:88]: Parsing Error. File: "", Error: Unknown effect type. Key: on_completed_agenda_effect_estate_magnates: on_completed_agenda_effect_estate_magnates, near line: 1
[persistent.cpp:88]: Parsing Error. File: "common/estate_agendas/RIP_magnate_agendas.txt", Error: Unexpected token: ai_will_do, near line: 78, Last good read: duration=7300
[persistent.cpp:88]: Parsing Error. File: "", Error: Unknown effect type. Key: on_completed_agenda_effect_estate_magnates: on_completed_agenda_effect_estate_magnates, near line: 1
[persistent.cpp:88]: Parsing Error. File: "common/estate_agendas/RIP_magnate_agendas.txt", Error: Unexpected token: ai_will_do, near line: 136, Last good read: duration=7300
[estate_privileges.cpp:568]: Estate privilege estate_nobles_hlc_strong_appanages is unused
[countrydatabase.cpp:272]: ZLK has less than 10 random ship names 
[countrydatabase.cpp:272]: SRK has less than 10 random ship names 
[persistent.cpp:88]: Parsing Errors. File: "missions/RuthenianDiaspora_Missions.txt", Error: 
  [0]: Unknown trigger type. Key: is_coastal: is_coastal, near line: 23
  [1]: Failed to create trigger: yes, near line: 23
[persistent.cpp:88]: Parsing Error. File: "", Error: Unknown effect type. Key: =: =, near line: 6, Last good read: duration=-1
[persistent.cpp:88]: Parsing Error. File: "", Error: Unknown effect type. Key: =: =, near line: 11, Last good read: duration=-1
[persistent.cpp:88]: Parsing Error. File: "", Error: Unknown effect type. Key: =: =, near line: 16, Last good read: duration=-1
[persistent.cpp:88]: Parsing Error. File: "", Error: Unknown effect type. Key: =: =, near line: 21, Last good read: duration=-1
[persistent.cpp:88]: Parsing Error. File: "", Error: Unknown effect type. Key: =: =, near line: 26, Last good read: duration=-1
[persistent.cpp:88]: Parsing Error. File: "", Error: Unknown effect type. Key: =: =, near line: 31, Last good read: duration=-1
[persistent.cpp:88]: Parsing Error. File: "", Error: Unknown effect type. Key: =: =, near line: 36, Last good read: duration=-1
[persistent.cpp:88]: Parsing Error. File: "", Error: Unknown effect type. Key: =: =, near line: 41, Last good read: duration=-1
[persistent.cpp:88]: Parsing Error. File: "", Error: Unknown effect type. Key: =: =, near line: 46, Last good read: duration=-1
[persistent.cpp:88]: Parsing Error. File: "", Error: Unknown effect type. Key: =: =, near line: 51, Last good read: duration=-1
[persistent.cpp:88]: Parsing Error. File: "", Error: Unknown effect type. Key: =: =, near line: 56, Last good read: duration=-1
[persistent.cpp:88]: Parsing Error. File: "", Error: Unknown effect type. Key: =: =, near line: 61, Last good read: duration=-1
[persistent.cpp:88]: Parsing Error. File: "", Error: Unknown effect type. Key: =: =, near line: 66, Last good read: duration=-1
[persistent.cpp:88]: Parsing Error. File: "", Error: Unknown effect type. Key: =: =, near line: 71, Last good read: duration=-1
[persistent.cpp:88]: Parsing Error. File: "", Error: Unknown effect type. Key: =: =, near line: 76, Last good read: duration=-1
[persistent.cpp:88]: Parsing Error. File: "", Error: Unknown effect type. Key: =: =, near line: 81, Last good read: duration=-1
[persistent.cpp:88]: Parsing Error. File: "", Error: Unknown effect type. Key: =: =, near line: 86, Last good read: duration=-1
[persistent.cpp:88]: Parsing Error. File: "", Error: Unknown effect type. Key: =: =, near line: 91, Last good read: duration=-1
[persistent.cpp:88]: Parsing Error. File: "", Error: Unknown effect type. Key: =: =, near line: 96, Last good read: duration=-1
[persistent.cpp:88]: Parsing Error. File: "", Error: Unknown effect type. Key: =: =, near line: 101, Last good read: duration=-1
[persistent.cpp:88]: Parsing Error. File: "", Error: Unknown effect type. Key: =: =, near line: 6, Last good read: duration=-1
[persistent.cpp:88]: Parsing Error. File: "", Error: Unknown effect type. Key: =: =, near line: 11, Last good read: duration=-1
[persistent.cpp:88]: Parsing Error. File: "", Error: Unknown effect type. Key: =: =, near line: 16, Last good read: duration=-1
[persistent.cpp:88]: Parsing Error. File: "", Error: Unknown effect type. Key: =: =, near line: 21, Last good read: duration=-1
[persistent.cpp:88]: Parsing Error. File: "", Error: Unknown effect type. Key: =: =, near line: 26, Last good read: duration=-1
[persistent.cpp:88]: Parsing Error. File: "", Error: Unknown effect type. Key: =: =, near line: 31, Last good read: duration=-1
[persistent.cpp:88]: Parsing Error. File: "", Error: Unknown effect type. Key: =: =, near line: 36, Last good read: duration=-1
[persistent.cpp:88]: Parsing Error. File: "", Error: Unknown effect type. Key: =: =, near line: 41, Last good read: duration=-1
[persistent.cpp:88]: Parsing Error. File: "", Error: Unknown effect type. Key: =: =, near line: 46, Last good read: duration=-1
[persistent.cpp:88]: Parsing Error. File: "", Error: Unknown effect type. Key: =: =, near line: 51, Last good read: duration=-1
[persistent.cpp:88]: Parsing Error. File: "", Error: Unknown effect type. Key: =: =, near line: 56, Last good read: duration=-1
[persistent.cpp:88]: Parsing Error. File: "", Error: Unknown effect type. Key: =: =, near line: 61, Last good read: duration=-1
[persistent.cpp:88]: Parsing Error. File: "", Error: Unknown effect type. Key: =: =, near line: 66, Last good read: duration=-1
[persistent.cpp:88]: Parsing Error. File: "", Error: Unknown effect type. Key: =: =, near line: 71, Last good read: duration=-1
[persistent.cpp:88]: Parsing Error. File: "", Error: Unknown effect type. Key: =: =, near line: 76, Last good read: duration=-1
[persistent.cpp:88]: Parsing Error. File: "", Error: Unknown effect type. Key: =: =, near line: 81, Last good read: duration=-1
[persistent.cpp:88]: Parsing Error. File: "", Error: Unknown effect type. Key: =: =, near line: 86, Last good read: duration=-1
[persistent.cpp:88]: Parsing Error. File: "", Error: Unknown effect type. Key: =: =, near line: 91, Last good read: duration=-1
[persistent.cpp:88]: Parsing Error. File: "", Error: Unknown effect type. Key: =: =, near line: 96, Last good read: duration=-1
[persistent.cpp:88]: Parsing Error. File: "", Error: Unknown effect type. Key: =: =, near line: 101, Last good read: duration=-1
[persistent.cpp:88]: Parsing Error. File: "", Error: Unknown effect type. Key: =: =, near line: 10, Last good read: region=balkan_region
[persistent.cpp:88]: Parsing Error. File: "", Error: Unknown effect type. Key: =: =, near line: 19, Last good read: region=balkan_region
[persistent.cpp:88]: Parsing Error. File: "", Error: Unknown effect type. Key: =: =, near line: 3, Last good read: region=crimea_region
[persistent.cpp:88]: Parsing Error. File: "", Error: Unknown effect type. Key: =: =, near line: 5, Last good read: region=crimea_region
[persistent.cpp:88]: Parsing Error. File: "", Error: Unknown effect type. Key: =: =, near line: 11, Last good read: area=kama_area
[persistent.cpp:88]: Parsing Error. File: "", Error: Unknown effect type. Key: =: =, near line: 21, Last good read: area=kama_area
[persistent.cpp:88]: Parsing Error. File: "", Error: Unknown effect type. Key: =: =, near line: 6, Last good read: region=hindusthan_region
[persistent.cpp:88]: Parsing Error. File: "", Error: Unknown effect type. Key: =: =, near line: 11, Last good read: region=hindusthan_region
[persistent.cpp:88]: Parsing Error. File: "", Error: Unknown effect type. Key: =: =, near line: 3, Last good read: region=mongolia_region
[persistent.cpp:88]: Parsing Error. File: "", Error: Unknown effect type. Key: =: =, near line: 5, Last good read: region=mongolia_region
[persistent.cpp:88]: Parsing Error. File: "decisions/NovgorodZalesyeDecisions.txt", Error: Unexpected token: node, near line: 70, Last good read: country=ROOT
[persistent.cpp:88]: Parsing Errors. File: "decisions/NovgorodZalesyeDecisions.txt", Error: 
  [0]: Unknown trigger type. Key: is_accepted_culture: is_accepted_culture, near line: 83
  [1]: Failed to create trigger: karelian, near line: 83
[persistent.cpp:88]: Parsing Errors. File: "decisions/NovgorodZalesyeDecisions.txt", Error: 
  [0]: Unknown trigger type. Key: owns_province: owns_province, near line: 145
  [1]: Failed to create trigger: 290, near line: 145
[persistent.cpp:88]: Parsing Errors. File: "decisions/NovgorodZalesyeDecisions.txt", Error: 
  [0]: Unknown trigger type. Key: owns_province: owns_province, near line: 146
  [1]: Failed to create trigger: 4542, near line: 146
[persistent.cpp:88]: Parsing Errors. File: "decisions/NovgorodZalesyeDecisions.txt", Error: 
  [0]: Unknown trigger type. Key: owns_province: owns_province, near line: 200
  [1]: Failed to create trigger: 298, near line: 200
[persistent.cpp:88]: Parsing Errors. File: "decisions/NovgorodZalesyeDecisions.txt", Error: 
  [0]: Unknown trigger type. Key: owns_province: owns_province, near line: 201
  [1]: Failed to create trigger: 4543, near line: 201
[persistent.cpp:88]: Parsing Errors. File: "", Error: 
  [0]: Unknown trigger type. Key: has_owner: has_owner, near line: 1
  [1]: Failed to create trigger: yes, near line: 1
[persistent.cpp:88]: Parsing Errors. File: "", Error: 
  [0]: Unknown trigger type. Key: has_owner: has_owner, near line: 1
  [1]: Failed to create trigger: yes, near line: 1
[persistent.cpp:88]: Parsing Errors. File: "", Error: 
  [0]: Unknown trigger type. Key: has_owner: has_owner, near line: 1
  [1]: Failed to create trigger: yes, near line: 1
[persistent.cpp:88]: Parsing Errors. File: "", Error: 
  [0]: Unknown trigger type. Key: has_owner: has_owner, near line: 1
  [1]: Failed to create trigger: yes, near line: 1
[persistent.cpp:88]: Parsing Errors. File: "", Error: 
  [0]: Unknown trigger type. Key: has_owner: has_owner, near line: 1
  [1]: Failed to create trigger: yes, near line: 1
[persistent.cpp:88]: Parsing Error. File: "decisions/ZaporizhiaDecisions.txt", Error: Unknown effect type. Key: zaz_evolve_to_hetmanate_effect: zaz_evolve_to_hetmanate_effect, near line: 211, Last good read: set_country_flag=zaz_evolved_to_hetmanate
[history.cpp:979]: RUT - Ruthenian Tsardom is missing a history file.
[modifier.cpp:4032]: The image for 'magnates_loyalty_modifier' does not exist as a picture!
[persistent.cpp:88]: Parsing Error. File: "events/FreeElection.txt", Error: Unknown effect type. Key: add_estate_influence: add_estate_influence, near line: 69, Last good read: has_estate=estate_magnates
[persistent.cpp:88]: Parsing Error. File: "events/RIP_FaithDisasters.txt", Error: Unknown effect type. Key: add_innovativeness: add_innovativeness, near line: 245, Last good read: add_patriarch_authority=0.03
[eventmanager.cpp:166]: Event #20200001 (rip_ro_authority.1) is missing a title in events/RIP_OrthodoxAuthority.txt
[eventmanager.cpp:169]: Event #20200001 (rip_ro_authority.1) is missing a desc in events/RIP_OrthodoxAuthority.txt
[eventmanager.cpp:172]: Event #20200001 (rip_ro_authority.1) has no options in events/RIP_OrthodoxAuthority.txt
[eventmanager.cpp:175]: Event #20200001 (rip_ro_authority.1) is missing picture in events/RIP_OrthodoxAuthority.txt
[effectimplementation.cpp:4362]: Unknown modifier-type 'KRU_pair_knyazi_boyary'.
[effectimplementation.cpp:4362]: Unknown modifier-type 'KRU_pair_knyazi_hetmany'.
[effectimplementation.cpp:4362]: Unknown modifier-type 'KRU_pair_boyary_hetmany'.
[effectimplementation.cpp:4362]: Unknown modifier-type 'KRU_courting_knyazi'.
[effectimplementation.cpp:4362]: Unknown modifier-type 'KRU_courting_boyary'.
[effectimplementation.cpp:4362]: Unknown modifier-type 'KRU_courting_starshyna'.
[persistent.cpp:88]: Parsing Error. File: "events/UniateCrownUnion.txt", Error: Unexpected token: text, near line: 565, Last good read: has_country_flag=rip_ucr_want_legate
[persistent.cpp:88]: Parsing Error. File: "events/UniateCrownUnion.txt", Error: Unexpected token: text, near line: 569, Last good read: has_country_flag=rip_ucr_want_dispensation
[persistent.cpp:88]: Parsing Error. File: "events/UniateCrownUnion.txt", Error: Unexpected token: text, near line: 573, Last good read: has_country_flag=rip_ucr_want_title
[persistent.cpp:88]: Parsing Error. File: "events/UniateCrownUnion.txt", Error: Unexpected token: text, near line: 577, Last good read: always=yes
[effectimplementation.cpp:4362]: Unknown modifier-type 'rip_church_gc_legate'.
[effectimplementation.cpp:4362]: Unknown modifier-type 'rip_church_gc_dynastic'.
[effectimplementation.cpp:4362]: Unknown modifier-type 'rip_church_gc_prestige'.
[effectimplementation.cpp:4362]: Unknown modifier-type 'rip_church_gc_church_tax'.
[effectimplementation.cpp:4362]: Unknown modifier-type 'rip_church_gc_blessing'.
[effectimplementation.cpp:4362]: Unknown modifier-type 'rip_church_gc_usury'.
[effectimplementation.cpp:4362]: Unknown modifier-type 'rip_church_gc_holy_war'.
[effectimplementation.cpp:4362]: Unknown modifier-type 'rip_church_gc_saint'.
[effectimplementation.cpp:4362]: Unknown modifier-type 'rip_church_gc_monopoly'.
[effectimplementation.cpp:4362]: Unknown modifier-type 'rip_church_gc_legate'.
[effectimplementation.cpp:4362]: Unknown modifier-type 'rip_church_gc_dynastic'.
[effectimplementation.cpp:4362]: Unknown modifier-type 'rip_church_gc_prestige'.
[effectimplementation.cpp:4362]: Unknown modifier-type 'rip_church_gc_church_tax'.
[effectimplementation.cpp:4362]: Unknown modifier-type 'rip_church_gc_blessing'.
[effectimplementation.cpp:4362]: Unknown modifier-type 'rip_church_gc_usury'.
[effectimplementation.cpp:4362]: Unknown modifier-type 'rip_church_gc_holy_war'.
[effectimplementation.cpp:4362]: Unknown modifier-type 'rip_church_gc_saint'.
[effectimplementation.cpp:4362]: Unknown modifier-type 'rip_church_gc_monopoly'.
[effectimplementation.cpp:4362]: Unknown modifier-type 'rip_church_gc_legate'.
[effectimplementation.cpp:4362]: Unknown modifier-type 'rip_church_gc_dynastic'.
[effectimplementation.cpp:4362]: Unknown modifier-type 'rip_church_gc_prestige'.
[effectimplementation.cpp:4362]: Unknown modifier-type 'rip_church_gc_church_tax'.
[effectimplementation.cpp:4362]: Unknown modifier-type 'rip_church_gc_blessing'.
[effectimplementation.cpp:4362]: Unknown modifier-type 'rip_church_gc_usury'.
[effectimplementation.cpp:4362]: Unknown modifier-type 'rip_church_gc_holy_war'.
[effectimplementation.cpp:4362]: Unknown modifier-type 'rip_church_gc_saint'.
[effectimplementation.cpp:4362]: Unknown modifier-type 'rip_church_gc_monopoly'.
[eventmanager.cpp:166]: Event #47100001 (rip_gcpace.1) is missing a title in events/rip_gcpace.txt
[eventmanager.cpp:169]: Event #47100001 (rip_gcpace.1) is missing a desc in events/rip_gcpace.txt
[eventmanager.cpp:172]: Event #47100001 (rip_gcpace.1) has no options in events/rip_gcpace.txt
[eventmanager.cpp:175]: Event #47100001 (rip_gcpace.1) is missing picture in events/rip_gcpace.txt
[lexer.cpp:440]: Location: events/rip_gcpace.txt(66): Quoted string longer than max length (512)
String: "
[eventmanager.cpp:166]: Event #47100002 (rip_gcpace.2) is missing a title in events/rip_gcpace.txt
[eventmanager.cpp:169]: Event #47100002 (rip_gcpace.2) is missing a desc in events/rip_gcpace.txt
[eventmanager.cpp:172]: Event #47100002 (rip_gcpace.2) has no options in events/rip_gcpace.txt
[eventmanager.cpp:175]: Event #47100002 (rip_gcpace.2) is missing picture in events/rip_gcpace.txt
[persistent.cpp:88]: Parsing Error. File: "common/on_actions/kie_on_actions.txt", Error: Unknown effect type. Key: effect: effect, near line: 13
[persistent.cpp:88]: Parsing Error. File: "common/on_actions/rip_rota_on_actions.txt", Error: Unknown effect type. Key: effect: effect, near line: 6
[effectimplementation.cpp:4362]: Unknown modifier-type 'rip_church_gc_legate'.
[effectimplementation.cpp:4362]: Unknown modifier-type 'rip_church_gc_dynastic'.
[effectimplementation.cpp:4362]: Unknown modifier-type 'rip_church_gc_prestige'.
[effectimplementation.cpp:4362]: Unknown modifier-type 'rip_church_gc_church_tax'.
[effectimplementation.cpp:4362]: Unknown modifier-type 'rip_church_gc_blessing'.
[effectimplementation.cpp:4362]: Unknown modifier-type 'rip_church_gc_usury'.
[effectimplementation.cpp:4362]: Unknown modifier-type 'rip_church_gc_holy_war'.
[effectimplementation.cpp:4362]: Unknown modifier-type 'rip_church_gc_saint'.
[effectimplementation.cpp:4362]: Unknown modifier-type 'rip_church_gc_monopoly'.
[effectimplementation.cpp:4362]: Unknown modifier-type 'rip_church_gc_legate'.
[effectimplementation.cpp:4362]: Unknown modifier-type 'rip_church_gc_dynastic'.
[effectimplementation.cpp:4362]: Unknown modifier-type 'rip_church_gc_prestige'.
[effectimplementation.cpp:4362]: Unknown modifier-type 'rip_church_gc_church_tax'.
[effectimplementation.cpp:4362]: Unknown modifier-type 'rip_church_gc_blessing'.
[effectimplementation.cpp:4362]: Unknown modifier-type 'rip_church_gc_usury'.
[effectimplementation.cpp:4362]: Unknown modifier-type 'rip_church_gc_holy_war'.
[effectimplementation.cpp:4362]: Unknown modifier-type 'rip_church_gc_saint'.
[effectimplementation.cpp:4362]: Unknown modifier-type 'rip_church_gc_monopoly'.
[effectimplementation.cpp:4362]: Unknown modifier-type 'rip_church_gc_legate'.
[effectimplementation.cpp:4362]: Unknown modifier-type 'rip_church_gc_dynastic'.
[effectimplementation.cpp:4362]: Unknown modifier-type 'rip_church_gc_prestige'.
[effectimplementation.cpp:4362]: Unknown modifier-type 'rip_church_gc_church_tax'.
[effectimplementation.cpp:4362]: Unknown modifier-type 'rip_church_gc_blessing'.
[effectimplementation.cpp:4362]: Unknown modifier-type 'rip_church_gc_usury'.
[effectimplementation.cpp:4362]: Unknown modifier-type 'rip_church_gc_holy_war'.
[effectimplementation.cpp:4362]: Unknown modifier-type 'rip_church_gc_saint'.
[effectimplementation.cpp:4362]: Unknown modifier-type 'rip_church_gc_monopoly'.
[effectimplementation.cpp:4362]: Unknown modifier-type 'rip_church_gc_legate'.
[effectimplementation.cpp:4362]: Unknown modifier-type 'rip_church_gc_dynastic'.
[effectimplementation.cpp:4362]: Unknown modifier-type 'rip_church_gc_prestige'.
[effectimplementation.cpp:4362]: Unknown modifier-type 'rip_church_gc_church_tax'.
[effectimplementation.cpp:4362]: Unknown modifier-type 'rip_church_gc_blessing'.
[effectimplementation.cpp:4362]: Unknown modifier-type 'rip_church_gc_usury'.
[effectimplementation.cpp:4362]: Unknown modifier-type 'rip_church_gc_holy_war'.
[effectimplementation.cpp:4362]: Unknown modifier-type 'rip_church_gc_saint'.
[effectimplementation.cpp:4362]: Unknown modifier-type 'rip_church_gc_monopoly'.
[effectimplementation.cpp:4362]: Unknown modifier-type 'rip_church_gc_legate'.
[effectimplementation.cpp:4362]: Unknown modifier-type 'rip_church_gc_dynastic'.
[effectimplementation.cpp:4362]: Unknown modifier-type 'rip_church_gc_prestige'.
[effectimplementation.cpp:4362]: Unknown modifier-type 'rip_church_gc_church_tax'.
[effectimplementation.cpp:4362]: Unknown modifier-type 'rip_church_gc_blessing'.
[effectimplementation.cpp:4362]: Unknown modifier-type 'rip_church_gc_usury'.
[effectimplementation.cpp:4362]: Unknown modifier-type 'rip_church_gc_holy_war'.
[effectimplementation.cpp:4362]: Unknown modifier-type 'rip_church_gc_saint'.
[effectimplementation.cpp:4362]: Unknown modifier-type 'rip_church_gc_monopoly'.
[effectimplementation.cpp:4362]: Unknown modifier-type 'rip_church_gc_legate'.
[effectimplementation.cpp:4362]: Unknown modifier-type 'rip_church_gc_dynastic'.
[effectimplementation.cpp:4362]: Unknown modifier-type 'rip_church_gc_prestige'.
[effectimplementation.cpp:4362]: Unknown modifier-type 'rip_church_gc_church_tax'.
[effectimplementation.cpp:4362]: Unknown modifier-type 'rip_church_gc_blessing'.
[effectimplementation.cpp:4362]: Unknown modifier-type 'rip_church_gc_usury'.
[effectimplementation.cpp:4362]: Unknown modifier-type 'rip_church_gc_holy_war'.
[effectimplementation.cpp:4362]: Unknown modifier-type 'rip_church_gc_saint'.
[effectimplementation.cpp:4362]: Unknown modifier-type 'rip_church_gc_monopoly'.
[effectimplementation.cpp:4362]: Unknown modifier-type 'rip_church_gc_legate'.
[effectimplementation.cpp:4362]: Unknown modifier-type 'rip_church_gc_dynastic'.
[effectimplementation.cpp:4362]: Unknown modifier-type 'rip_church_gc_prestige'.
[effectimplementation.cpp:4362]: Unknown modifier-type 'rip_church_gc_church_tax'.
[effectimplementation.cpp:4362]: Unknown modifier-type 'rip_church_gc_blessing'.
[effectimplementation.cpp:4362]: Unknown modifier-type 'rip_church_gc_usury'.
[effectimplementation.cpp:4362]: Unknown modifier-type 'rip_church_gc_holy_war'.
[effectimplementation.cpp:4362]: Unknown modifier-type 'rip_church_gc_saint'.
[effectimplementation.cpp:4362]: Unknown modifier-type 'rip_church_gc_monopoly'.
[diplomacy.cpp:244]: !Remove CDiplomacy::RemActive
[mission.cpp:353]: Non-generic mission series VOL_missions_U_4 overlapping with VOL_missions_4_HLC
[triggerimplementation.cpp:16808]: Script error! Script Object Token: "has_province_flag", Error: Trigger condition set on the wrong scope: Scope.GetProvince()

[triggerimplementation.cpp:27226]: Script error! Script Object Token: "economic_ideas", Error: Trigger condition set on the wrong scope: Scope.GetCountryTag().IsValid()

[triggerimplementation.cpp:27226]: Script error! Script Object Token: "economic_ideas", Error: Trigger condition set on the wrong scope: Scope.GetCountryTag().IsValid()

[triggerimplementation.cpp:27226]: Script error! Script Object Token: "economic_ideas", Error: Trigger condition set on the wrong scope: Scope.GetCountryTag().IsValid()

[triggerimplementation.cpp:27226]: Script error! Script Object Token: "economic_ideas", Error: Trigger condition set on the wrong scope: Scope.GetCountryTag().IsValid()

