[systemsettings.cpp:208]: System memory:   32693MB
[systemsettings.cpp:215]: CPU speed:       0MHz
[systemsettings.cpp:220]: Number of processors: 16
[systemsettings.cpp:226]: CPU type: x64
[systemsettings.cpp:281]: OS: Windows 8     Build: 9200
[gfx_dx9.cpp:4080]: Loading settings for adapter 0, fullscreen=0, multisample=15
[gfx_dx9.cpp:4112]: Graphic Adapters: 
[gfx_dx9.cpp:4120]: 	0: NVIDIA GeForce RTX 3060
[gfx_dx9.cpp:4120]: 	1: NVIDIA GeForce RTX 3060
[gfx_dx9.cpp:4142]: Using Adapter [0] to check for multi-sampling support:
[gfx_dx9.cpp:4161]: Using Adapter [0]:
[gfx_dx9.cpp:4170]: Graphics device: NVIDIA GeForce RTX 3060
[gfx_dx9.cpp:4171]: Graphics driver: nvldumdx.dll
[gfx_dx9.cpp:4172]: Driver version: 1088
[gfx_dx9.cpp:4215]: Attempting to Create Device for Adapter 0 ...
[gfx_dx9.cpp:4222]: Succeeded to create a device [D3DCREATE_HARDWARE_VERTEXPROCESSING].
[gfx_dx9.cpp:4275]: 


Dumping all gfx info:
DeviceIdentifier:	{D7B71E3E-6644-11CF-9273-66190EC2ED35}
VendorId:	4318
DeviceId:	9476
SubSysId:	964039778
Revision:	161
DriverVersion.HighPart:	2097152
DriverVersion.LowPart:	1049664


[gfx_dx9.cpp:4294]: Instancing supported.
[gfx_dx9.cpp:4304]: Video memory amount: 12113MB
[gfx_dx9.cpp:4305]: MaxSimultaneousTextures: 8
[gfx_dx9.cpp:4306]: MaxVertexBlendMatrices: 4
[gfx_dx9.cpp:4307]: MaxVertexBlendMatrixIndex: 8
[gfx_dx9.cpp:4308]: MaxSimultaneousTextures: 8
[gfx_dx9.cpp:4309]: MaxTextureBlendStages: 8
[gfx_dx9.cpp:4310]: MaxTextureWidth: 16384
[gfx_dx9.cpp:4311]: MaxTextureHeight: 16384
[gfx_dx9.cpp:4314]: Vertex Shader version: 3.0
[gfx_dx9.cpp:4320]: Pixel Shader version: 3.0
[graphicssettings.cpp:153]: 	2 samples supported.
[graphicssettings.cpp:153]: 	4 samples supported.
[graphicssettings.cpp:153]: 	8 samples supported.
[graphicssettings.cpp:191]: Support for Anisotropic filtering found.
[graphicssettings.cpp:195]: 	Max Anisotropic filtering supported: 16
[graphicssettings.cpp:196]: 	Anisotropic filtering set to: 0
[main.cpp:1563]: EU4 Version Oct  3 2024 : 09:26:40
[main.cpp:1572]: Creating application...
[main.cpp:1618]: Initializing application...
[main.cpp:1619]: Language: l_english
[eu4application.cpp:643]: Initializing application...
[eu4application.cpp:650]: Done initializing application
[eu4application.cpp:657]: Loading cursor...
[eu4application.cpp:731]: Done loading cursor
[eu4application.cpp:733]: Initializing sound...
[eu4application.cpp:748]: Done initializing sound
[eu4application.cpp:750]: Initializing graphics...
[graphicssettings.cpp:741]: Not using multisampling.
[graphics.cpp:797]: Creating device with: HARDWARE_VERTEXPROCESSING
	Fullscreen=no
	Resolution=1280x720
[graphicssettings.cpp:698]: Usable res: 640 480 59
[graphicssettings.cpp:698]: Usable res: 640 480 120
[graphicssettings.cpp:698]: Usable res: 640 480 240
[graphicssettings.cpp:698]: Usable res: 640 480 72
[graphicssettings.cpp:698]: Usable res: 640 480 75
[graphicssettings.cpp:698]: Usable res: 720 480 60
[graphicssettings.cpp:698]: Usable res: 720 480 120
[graphicssettings.cpp:698]: Usable res: 720 480 240
[graphicssettings.cpp:698]: Usable res: 720 576 50
[graphicssettings.cpp:698]: Usable res: 720 576 120
[graphicssettings.cpp:698]: Usable res: 720 576 240
[graphicssettings.cpp:698]: Usable res: 800 600 120
[graphicssettings.cpp:698]: Usable res: 800 600 240
[graphicssettings.cpp:698]: Usable res: 800 600 56
[graphicssettings.cpp:698]: Usable res: 800 600 60
[graphicssettings.cpp:698]: Usable res: 800 600 72
[graphicssettings.cpp:698]: Usable res: 800 600 75
[graphicssettings.cpp:698]: Usable res: 1024 768 120
[graphicssettings.cpp:698]: Usable res: 1024 768 240
[graphicssettings.cpp:698]: Usable res: 1024 768 60
[graphicssettings.cpp:698]: Usable res: 1024 768 70
[graphicssettings.cpp:698]: Usable res: 1024 768 75
[graphicssettings.cpp:698]: Usable res: 1152 864 120
[graphicssettings.cpp:698]: Usable res: 1152 864 240
[graphicssettings.cpp:698]: Usable res: 1152 864 75
[graphicssettings.cpp:698]: Usable res: 1176 664 60
[graphicssettings.cpp:698]: Usable res: 1176 664 50
[graphicssettings.cpp:698]: Usable res: 1176 664 120
[graphicssettings.cpp:698]: Usable res: 1176 664 240
[graphicssettings.cpp:698]: Usable res: 1280 720 60
[graphicssettings.cpp:698]: Usable res: 1280 720 50
[graphicssettings.cpp:698]: Usable res: 1280 720 120
[graphicssettings.cpp:698]: Usable res: 1280 720 240
[graphicssettings.cpp:698]: Usable res: 1280 768 120
[graphicssettings.cpp:698]: Usable res: 1280 768 240
[graphicssettings.cpp:698]: Usable res: 1280 768 60
[graphicssettings.cpp:698]: Usable res: 1280 800 120
[graphicssettings.cpp:698]: Usable res: 1280 800 240
[graphicssettings.cpp:698]: Usable res: 1280 800 60
[graphicssettings.cpp:698]: Usable res: 1280 960 120
[graphicssettings.cpp:698]: Usable res: 1280 960 240
[graphicssettings.cpp:698]: Usable res: 1280 960 60
[graphicssettings.cpp:698]: Usable res: 1280 1024 120
[graphicssettings.cpp:698]: Usable res: 1280 1024 240
[graphicssettings.cpp:698]: Usable res: 1280 1024 60
[graphicssettings.cpp:698]: Usable res: 1280 1024 75
[graphicssettings.cpp:698]: Usable res: 1360 768 120
[graphicssettings.cpp:698]: Usable res: 1360 768 240
[graphicssettings.cpp:698]: Usable res: 1360 768 60
[graphicssettings.cpp:698]: Usable res: 1366 768 120
[graphicssettings.cpp:698]: Usable res: 1366 768 240
[graphicssettings.cpp:698]: Usable res: 1366 768 60
[graphicssettings.cpp:698]: Usable res: 1440 1080 60
[graphicssettings.cpp:698]: Usable res: 1440 1080 50
[graphicssettings.cpp:698]: Usable res: 1440 1080 85
[graphicssettings.cpp:698]: Usable res: 1440 1080 120
[graphicssettings.cpp:698]: Usable res: 1440 1080 240
[graphicssettings.cpp:698]: Usable res: 1600 900 120
[graphicssettings.cpp:698]: Usable res: 1600 900 240
[graphicssettings.cpp:698]: Usable res: 1600 900 59
[graphicssettings.cpp:698]: Usable res: 1600 1024 120
[graphicssettings.cpp:698]: Usable res: 1600 1024 240
[graphicssettings.cpp:698]: Usable res: 1600 1024 59
[graphicssettings.cpp:698]: Usable res: 1680 1050 120
[graphicssettings.cpp:698]: Usable res: 1680 1050 240
[graphicssettings.cpp:698]: Usable res: 1680 1050 59
[graphicssettings.cpp:698]: Usable res: 1920 1080 240
[graphicssettings.cpp:698]: Usable res: 1920 1080 60
[graphicssettings.cpp:698]: Usable res: 1920 1080 50
[graphicssettings.cpp:698]: Usable res: 1920 1080 85
[graphicssettings.cpp:698]: Usable res: 1920 1080 120
[graphicssettings.cpp:698]: Usable res: 1440 900 120
[graphicssettings.cpp:698]: Usable res: 1440 900 240
[graphicssettings.cpp:698]: Usable res: 1440 900 60
[graphics.cpp:831]: Done creating device.
[eu4application.cpp:876]: Done initializing graphics
[main.cpp:1721]: Running application...
