=== tests/check_vanilla_version.py -> Exit code 0 ===
PASS: target metadata, donor rejection, unknown metadata and version boundaries



=== tests/check_donor_audit.py -> Exit code 0 ===
DONOR AUDIT PASS: definitions, nested callers, quoted braces, DLC and reform dependencies.



=== tests/check_colonial_names.py -> Exit code 0 ===
VERIFIED 44 native choices; all other source bytes preserved.
COLONIAL NAMES PASS: 44 choices, 9 culture keys, all 11 American regions; source and rejection checks.



=== tests/check_clausewitz_braces.py -> Exit code 0 ===
Clausewitz data files are BOM-free and braces are balanced



=== tests/check_ro_blessing_window.py -> Exit code 0 ===
PASS: balance baseline and icon cost/duration match installed vanilla
95% payload: country stability_cost_modifier=-0.095, tolerance_own=0.95, global_missionary_strength=-0.001, global_manpower_modifier=-0.0165, global_unrest=0.15
95% payload: michael discipline=0.0475, manpower_recovery_speed=0.095
95% payload: eleusa global_unrest=-2.85, harsh_treatment_cost=-0.2375
95% payload: pancreator development_cost=-0.095, build_cost=-0.095
95% payload: nicholas improve_relation_modifier=0.2375, ae_impact=-0.095
PASS: one native panel, 95% configurable bonuses, legacy cleanup, site navigation and reachable Raskol conditions



=== tests/check_uc_curia.py -> Exit code 0 ===
PASS: all baselines match the installed vanilla
PASS: 105% vanilla payload and guarded payment: church_tax
PASS: 105% vanilla payload and guarded payment: blessing
PASS: 105% vanilla payload and guarded payment: indulgence
PASS: 105% vanilla payload and guarded payment: usury
PASS: 105% vanilla payload and guarded payment: legate
PASS: 105% vanilla payload and guarded payment: holy_war
PASS: one benefit, no free cancel, retired conversion rewards, migration, native GUI isolation
LIMIT: 105% compares matching numeric bonuses, not total religion/campaign effectiveness



=== tests/check_faith_content_balance.py -> Exit code 0 ===
PASS: paid parish transaction, conversion retirement, event caps, history/modifier limits, target PA sources
LIMIT: 95/105 numeric packets and source constraints do not prove total campaign effectiveness



=== tests/check_scripted_faith_links.py -> Exit code 0 ===
FAITH SCRIPTED LINKS PASS: 42 religious helpers; no unresolved direct custom calls.



=== tests/check_culture_key_compatibility.py -> Exit code 0 ===
Severian uses vanilla ryazanian keys; legacy aliases are save-only



=== tests/check_cultural_authenticity.py -> Exit code 0 ===
CULTURAL AUTHENTICITY CHECK: PASS (9 explicit pools, 9 map layers, 217 provenance records; source contracts only)



=== tests/check_estate_layer.py -> Exit code 0 ===
Estate files are separated by country and all RIP links are registered



=== tests/check_event_modifier_layer.py -> Exit code 0 ===
EVENT MODIFIER CHECK: PASS (1187 unique definitions; no mixed-scope calls)



=== tests/check_opinion_modifier_layer.py -> Exit code 0 ===
OPINION MODIFIER LAYER CHECK: PASS (113 unique definitions; all externally used)



=== tests/check_province_names.py -> Exit code 0 ===
PROVINCE NAME CHECK: PASS (25 files, 1659 names; target ids, areas, encoding, period, layering and transition continuity hold)



=== tests/check_government_reforms.py -> Exit code 0 ===
GOVERNMENT REFORM CHECK: PASS (109 definitions; VFS, tiers, gates, and lifecycle hold)



=== tests/check_government_reviews.py -> Exit code 0 ===
EU4 1.37 base-bundle envelope: PASS (Prykaz/Tsardom M1; Cossacks R1; Assembly/Parliament M6)
GOVERNMENT COMPARATOR COVERAGE: PASS (109 definitions; 115 tier rows verified against installed 1.37)
GOVERNMENT REVIEW CHECK: PASS (36 payment/stale-state cases; three reviews; one shared term)
Government campaign power <=105% of EU4 1.37.5: NOT CERTIFIED by this source-contract check.



=== tests/check_government_names.py -> Exit code 0 ===
GOVERNMENT NAME CHECK: PASS (60 blocks; priority, reachability, lifecycle, and title contracts hold)



=== tests/check_glossary.py -> Exit code 0 ===
глосарій дотримано ✓



=== tests/check_claim_pacing.py -> Exit code 0 ===
KIE/KRU, Russia, and long-range claim pacing contracts hold



=== tests/check_subject_cb_limits.py -> Exit code 0 ===
Subject-CB durations, eligibility, and target exclusivity are bounded



=== tests/check_border_principalities.py -> Exit code 0 ===
Border Principalities and Qasim event contracts hold



=== tests/check_steppe_expansions.py -> Exit code 0 ===
Don/Circassian raids, Ottoman reaction, and Kaffa market contracts hold



=== tests/check_docs_language.py -> Exit code 0 ===
   92%  [##################..]  EU4_MOD_AUDITOR_SKILL_IMPORT.uk.md  (24/26)
   92%  [##################..]  GAME_DESIGN_DOCUMENT.uk.md  (340/366)
   94%  [##################..]  core_ruthenia_visual_audit.md  (32/34)
   94%  [##################..]  PROVINCE_NAMES.md  (93/98)
   94%  [##################..]  BALANCE_PLAYTEST_REPORT.md  (127/135)
   95%  [###################.]  MAP_REWORK_SUGGESTIONS.md  (433/452)
   96%  [###################.]  RUSSIAN_ORTHODOX_README.md  (205/212)
   97%  [###################.]  STYLE_GLOSSARY.md  (122/125)
   97%  [###################.]  GOVERNMENT_REFORMS_MAP.uk.md  (259/266)
   97%  [###################.]  VOLHYNIA_AUSTRIAN_POLISH_PATHS.md  (281/288)
   98%  [###################.]  OLD_MOD_INTEGRATION.md  (123/125)
   98%  [###################.]  STEPPE_RAIDING_SYSTEM.md  (194/196)
   98%  [###################.]  RUSSIAN_ORTHODOX_QUICKREF.md  (221/224)
   99%  [###################.]  HANDOFF.md  (190/191)
   99%  [###################.]  KYIV_DNIEPER_HISTORICAL_PROCESSES.md  (259/260)
   99%  [###################.]  WEST_UKRAINE_HISTORY.md  (481/485)
  100%  [####################]  core_ruthenia_visual_prompts.md  (3/3)
  100%  [####################]  README.md  (8/8)
  100%  [####################]  RUTHENIANEW_EXTRACTION_AUDIT.md  (30/30)
  100%  [####################]  CANONICAL_ROOT_MIGRATION.md  (42/42)
  100%  [####################]  EVENT_CHAINS_AUDIT_2026-02-28.md  (50/50)
  100%  [####################]  README.md  (52/52)
  100%  [####################]  AUTHENTICITY_IMPLEMENTATION_137.uk.md  (59/59)
  100%  [####################]  NOVGOROD_ZALESYE_MANSUR_JAGOLDAI_SYSTEM.md  (59/59)
  100%  [####################]  PROVINCE_NAMES_NORMALIZATION_NOTES.md  (66/66)
  100%  [####################]  VOL_PATHS_QUICKREF.md  (66/66)
  100%  [####################]  GREEK_CATHOLIC_CURIA_BALANCE.uk.md  (74/74)
  100%  [####################]  WORKSHOP_LISTING.md  (78/78)
  100%  [####################]  ZAPORIZHIA_PATHS.md  (81/81)
  100%  [####################]  RUSSIAN_ORTHODOX_BLESSING_WINDOW.uk.md  (93/93)
  100%  [####################]  README.md  (95/95)
  100%  [####################]  RELIGION_CONTENT_REVIEW_20260907.uk.md  (101/101)
  100%  [####################]  CHERNIHIV_HISTORICAL_PROCESSES.md  (122/122)
  100%  [####################]  CHERNIHIV_PATHS.md  (131/131)
  100%  [####################]  CULTURAL_AUTHENTICITY_130.uk.md  (139/139)
  100%  [####################]  LITHUANIA_GRAND_DUCHY.md  (144/144)
  100%  [####################]  SLOBOZHANSHCHYNA_HISTORICAL_PROCESSES.md  (188/188)
  100%  [####################]  FAITH_MECHANICS_REWORK.md  (197/197)
  100%  [####################]  ORTHODOX_CRUSADE_SYSTEM.md  (203/203)
  100%  [####################]  GOVERNMENT_AUTHENTICITY_105.uk.md  (269/269)
  100%  [####################]  BORDER_PRINCIPALITIES_SYSTEM.md  (351/351)
  100%  [####################]  RUSSIAN_ORTHODOX_IMPLEMENTATION.md  (385/385)

  Разом: 6470/6569 перекладних рядків українською (98%)



=== tests/check_script_layer.py -> Exit code 0 ===
WARN  events/KIEmission.txt:3: M_UKR_Events.1 is is_triggered_only but nothing fires it
WARN  events/VOLmission.txt:3: M_VOL_Events.1 is is_triggered_only but nothing fires it
WARN  events/RIP.txt:769: bs_flavor.1 is is_triggered_only but nothing fires it
WARN  events/Chernihiv.txt:3: chr_flavor.1 is is_triggered_only but nothing fires it
WARN  events/Chernihiv.txt:530: chr_flavor.2 is is_triggered_only but nothing fires it
WARN  events/Chernihiv.txt:566: chr_flavor.3 is is_triggered_only but nothing fires it
WARN  events/RIP.txt:439: harass_tatar.1 is is_triggered_only but nothing fires it
WARN  events/HetmanateCossackRaids.txt:313: het_cossack_raids.7 is is_triggered_only but nothing fires it
WARN  events/RIP.txt:569: kyiv_independence.1 is is_triggered_only but nothing fires it
WARN  events/RIP.txt:621: kyiv_independence.2 is is_triggered_only but nothing fires it
WARN  events/Podillia_Events.txt:340: podillia_events.11 is is_triggered_only but nothing fires it
WARN  events/PolesianBelarus.txt:416: polesian_belarus.20 is is_triggered_only but nothing fires it
WARN  events/RIP.txt:532: princes_revolt.3 is is_triggered_only but nothing fires it
WARN  events/RIP_FaithCanons.txt:19: rip_faith.1 is is_triggered_only but nothing fires it
WARN  events/RIP_FaithCanons.txt:103: rip_faith.3 is is_triggered_only but nothing fires it
WARN  events/RIP_OrthodoxAuthority.txt:3: rip_ro_authority.1 is is_triggered_only but nothing fires it
WARN  events/Volhynia_Alt_History.txt:91: rip_vol_alt_history.5 is is_triggered_only but nothing fires it
WARN  events/Volhynia_Alt_History.txt:111: rip_vol_alt_history.6 is is_triggered_only but nothing fires it
WARN  events/Volhynia_Alt_History.txt:138: rip_vol_alt_history.7 is is_triggered_only but nothing fires it
WARN  events/Volhynia_Alt_History.txt:157: rip_vol_alt_history.8 is is_triggered_only but nothing fires it
WARN  events/RIP.txt:670: ruth_instituties.1 is is_triggered_only but nothing fires it
WARN  events/RIP.txt:719: ruth_instituties.2 is is_triggered_only but nothing fires it
WARN  events/svydrigaylo_independence.txt:11: svydrigaylo.001 is is_triggered_only but nothing fires it
WARN  events/RIP.txt:45: ukr_flavor.2 is is_triggered_only but nothing fires it
WARN  events/RIP.txt:142: ukr_flavor.3 is is_triggered_only but nothing fires it
WARN  events/Uzh.txt:12: uzh.1 is is_triggered_only but nothing fires it
WARN  events/Uzh.txt:381: uzh.10 is is_triggered_only but nothing fires it
WARN  events/Uzh.txt:339: uzh.9 is is_triggered_only but nothing fires it
WARN  events/CossackRevolts.txt:908: zaz.17 is is_triggered_only but nothing fires it
WARN  events/ZAZmission.txt:3: zaz_flavor_m_1.1 is is_triggered_only but nothing fires it
WARN  events/ZAZmission.txt:489: zaz_flavor_m_5.2 is is_triggered_only but nothing fires it
WARN  events/CossackRevolts.txt: event zaz.1001 references missing localisation key 'zaz_1001_title' (hidden event - never displayed)
WARN  events/CossackRevolts.txt: event zaz.1001 references missing localisation key 'zaz_1001_desc' (hidden event - never displayed)
WARN  events/CossackRevolts.txt: event zaz.1001 references missing localisation key 'zaz_1001_a' (hidden event - never displayed)
WARN  events/CossackRevolts.txt: event zaz.1002 references missing localisation key 'zaz_1002_title' (hidden event - never displayed)
WARN  events/CossackRevolts.txt: event zaz.1002 references missing localisation key 'zaz_1002_desc' (hidden event - never displayed)
WARN  events/CossackRevolts.txt: event zaz.1002 references missing localisation key 'zaz_1002_a' (hidden event - never displayed)
WARN  events/CossackRevolts.txt: event zaz.1003 references missing localisation key 'zaz_1003_title' (hidden event - never displayed)
WARN  events/CossackRevolts.txt: event zaz.1003 references missing localisation key 'zaz_1003_desc' (hidden event - never displayed)
WARN  events/CossackRevolts.txt: event zaz.1003 references missing localisation key 'zaz_1003_a' (hidden event - never displayed)
WARN  events/CossackRevolts.txt: event zaz.1004 references missing localisation key 'zaz_1004_title' (hidden event - never displayed)
WARN  events/CossackRevolts.txt: event zaz.1004 references missing localisation key 'zaz_1004_desc' (hidden event - never displayed)
WARN  events/CossackRevolts.txt: event zaz.1004 references missing localisation key 'zaz_1004_a' (hidden event - never displayed)
WARN  events/CossackRevolts.txt: event zaz.1005 references missing localisation key 'zaz_1005_title' (hidden event - never displayed)
WARN  events/CossackRevolts.txt: event zaz.1005 references missing localisation key 'zaz_1005_desc' (hidden event - never displayed)
WARN  events/CossackRevolts.txt: event zaz.1005 references missing localisation key 'zaz_1005_a' (hidden event - never displayed)
WARN  common/event_modifiers/RIP_KIE_modifiers.txt: modifier 'KIE_Subdued_by_ruthenians' is defined but never used
WARN  common/event_modifiers/RIP_KIE_modifiers.txt: modifier 'KIE_army_renovation' is defined but never used
WARN  common/event_modifiers/RIP_KIE_modifiers.txt: modifier 'KIE_dominance_of_crimea' is defined but never used
WARN  common/event_modifiers/RIP_KIE_modifiers.txt: modifier 'KIE_elite_army' is defined but never used
WARN  common/event_modifiers/RIP_KIE_modifiers.txt: modifier 'KIE_glory' is defined but never used
WARN  common/event_modifiers/RIP_KIE_modifiers.txt: modifier 'KIE_public_relief' is defined but never used
WARN  common/event_modifiers/RIP_KIE_modifiers.txt: modifier 'KIE_triumphant_military' is defined but never used
WARN  common/event_modifiers/RIP_KIE_modifiers.txt: modifier 'KIE_tull_privileges' is defined but never used
WARN  common/event_modifiers/RIP_KIE_modifiers.txt: modifier 'KIE_unification_of_principalities' is defined but never used
WARN  common/event_modifiers/RIP_CHR_modifiers.txt: modifier 'chr_crimean_convoy_charters_mod' is defined but never used
WARN  common/event_modifiers/RIP_CHR_modifiers.txt: modifier 'chr_crimean_convoy_network_mod' is defined but never used
WARN  common/event_modifiers/RIP_CHR_modifiers.txt: modifier 'chr_dominate_home_trade_reward' is defined but never used
WARN  common/event_modifiers/RIP_CHR_modifiers.txt: modifier 'chr_muscovy_auxiliary_corps_mod' is defined but never used
WARN  common/event_modifiers/RIP_CHR_modifiers.txt: modifier 'chr_muscovy_border_patrols_mod' is defined but never used
WARN  common/event_modifiers/RIP_CHR_modifiers.txt: modifier 'chr_polish_diet_network_mod' is defined but never used
WARN  common/event_modifiers/RIP_CHR_modifiers.txt: modifier 'chr_polish_guardian_covenant_mod' is defined but never used
WARN  common/event_modifiers/RIP_CHR_modifiers.txt: modifier 'chr_ruthenian_civil_registers' is defined but never used
WARN  common/event_modifiers/RIP_CHR_modifiers.txt: modifier 'chr_ruthenian_registers_commissions' is defined but never used
WARN  common/event_modifiers/RIP_CHR_modifiers.txt: modifier 'chr_ruthenian_registers_ledgers' is defined but never used
WARN  common/event_modifiers/raid_mechanics_modifiers.txt: modifier 'coastal_raid' is defined but never used
WARN  common/event_modifiers/uniate_church_modifiers.txt: modifier 'commonwealth_church_protection' is defined but never used
WARN  common/event_modifiers/raid_mechanics_modifiers.txt: modifier 'cossack_raid_culture' is defined but never used
WARN  common/event_modifiers/raid_mechanics_modifiers.txt: modifier 'deep_penetration_raid' is defined but never used
WARN  common/event_modifiers/RIP_DNIESTER_modifiers.txt: modifier 'dniester_kilia_trade' is defined but never used
WARN  common/event_modifiers/RIP_DNIESTER_modifiers.txt: modifier 'dniester_ottoman_control' is defined but never used
WARN  common/event_modifiers/zaz_fixes_modifiers.txt: modifier 'emergency_border_mobilization' is defined but never used
WARN  common/event_modifiers/raid_mechanics_modifiers.txt: modifier 'exhausted_raiders' is defined but never used
WARN  common/event_modifiers/raid_mechanics_modifiers.txt: modifier 'fortified_settlements' is defined but never used
WARN  common/event_modifiers/RIP_VOL_modifiers.txt: modifier 'fortress_modifier' is defined but never used
WARN  common/event_modifiers/rip_galicia_modifiers.txt: modifier 'galician_sejm_assembly' is defined but never used
WARN  common/event_modifiers/zaz_fixes_modifiers.txt: modifier 'general_rada_recent_cd' is defined but never used
WARN  common/event_modifiers/RIP_HET_modifiers.txt: modifier 'het_academy_network' is defined but never used
WARN  common/event_modifiers/RIP_HET_modifiers.txt: modifier 'het_autonomy_threatened' is defined but never used
WARN  common/event_modifiers/RIP_HET_modifiers.txt: modifier 'het_last_struggle' is defined but never used
WARN  common/event_modifiers/RIP_HET_modifiers.txt: modifier 'het_poltava_defeat' is defined but never used
WARN  common/event_modifiers/RIP_HET_modifiers.txt: modifier 'het_poltava_victory' is defined but never used
WARN  common/event_modifiers/RIP_HET_modifiers.txt: modifier 'het_registered_cossacks_integrated' is defined but never used
WARN  common/event_modifiers/RIP_HET_modifiers.txt: modifier 'het_swedish_gambit' is defined but never used
WARN  common/event_modifiers/RIP_HET_modifiers.txt: modifier 'hetman_administrative_background' is defined but never used
WARN  common/event_modifiers/RIP_HET_modifiers.txt: modifier 'hetman_diplomatic_background' is defined but never used
WARN  common/event_modifiers/RIP_HET_modifiers.txt: modifier 'hetman_military_background' is defined but never used
WARN  common/event_modifiers/RIP_HET_modifiers.txt: modifier 'hetman_strong_mandate' is defined but never used
WARN  common/event_modifiers/RIP_HET_modifiers.txt: modifier 'hetman_weak_mandate' is defined but never used
WARN  common/event_modifiers/RIP_KRU_modifiers.txt: modifier 'khmelnytsky_ferment' is defined but never used
WARN  common/event_modifiers/RIP_KRU_modifiers.txt: modifier 'khmelnytsky_negotiations' is defined but never used
WARN  common/event_modifiers/raid_mechanics_modifiers.txt: modifier 'lightning_raid' is defined but never used
WARN  common/event_modifiers/raid_mechanics_modifiers.txt: modifier 'moderate_raid_failure' is defined but never used
WARN  common/event_modifiers/russian_orthodox_modifiers.txt: modifier 'orthodox_cathedral_province' is defined but never used
WARN  common/event_modifiers/RIP_ZAZ_modifiers.txt: modifier 'orthodox_defender_war' is defined but never used
WARN  common/event_modifiers/RIP_ZAZ_modifiers.txt: modifier 'ottoman_protected_sich' is defined but never used
WARN  common/event_modifiers/podillia_modifiers.txt: modifier 'pdl_greater_ruthenia' is defined but never used
WARN  common/event_modifiers/podillia_modifiers.txt: modifier 'pdl_jewish_emancipation_modifier' is defined but never used
WARN  common/event_modifiers/podillia_modifiers.txt: modifier 'pdl_ottoman_menace_modifier' is defined but never used
WARN  common/event_modifiers/podillia_modifiers.txt: modifier 'pdl_ottoman_mobilization' is defined but never used
WARN  common/event_modifiers/raid_mechanics_modifiers.txt: modifier 'polesian_marsh_warfare' is defined but never used
WARN  common/event_modifiers/raid_mechanics_modifiers.txt: modifier 'polesian_river_raids' is defined but never used
WARN  common/event_modifiers/uniate_church_modifiers.txt: modifier 'polish_nobility_union_support' is defined but never used
WARN  common/event_modifiers/raid_mechanics_modifiers.txt: modifier 'protected_from_raids' is defined but never used
WARN  common/event_modifiers/raid_mechanics_modifiers.txt: modifier 'raid_flotilla_preparation' is defined but never used
WARN  common/event_modifiers/raid_mechanics_modifiers.txt: modifier 'raid_preparation_period' is defined but never used
WARN  common/event_modifiers/raid_mechanics_modifiers.txt: modifier 'raid_supply_stockpiling' is defined but never used
WARN  common/event_modifiers/raid_mechanics_modifiers.txt: modifier 'raid_suppression_efforts' is defined but never used
WARN  common/event_modifiers/raid_mechanics_modifiers.txt: modifier 'raid_warning_system' is defined but never used
WARN  common/event_modifiers/raid_mechanics_modifiers.txt: modifier 'raider_state_reputation' is defined but never used
WARN  common/event_modifiers/raid_mechanics_modifiers.txt: modifier 'registered_cossack_raids' is defined but never used
WARN  common/event_modifiers/russian_orthodox_modifiers.txt: modifier 'religious_resistance_movement' is defined but never used
WARN  common/event_modifiers/RIP_faith_modifiers.txt: modifier 'rip_ro_merchant_parish' is defined but never used
WARN  common/event_modifiers/RIP_faith_modifiers.txt: modifier 'rip_ro_merchant_preaching' is defined but never used
WARN  common/event_modifiers/RIP_faith_modifiers.txt: modifier 'rip_ro_sobor_recently_sat' is defined but never used
WARN  common/event_modifiers/RIP_HET_modifiers.txt: modifier 'russian_backed_hetman' is defined but never used
WARN  common/event_modifiers/russian_orthodox_modifiers.txt: modifier 'russian_colonial_administration' is defined but never used
WARN  common/event_modifiers/ruthenian_eastward_modifiers.txt: modifier 'ruthenian_forward_fort_chain_mod' is defined but never used
WARN  common/event_modifiers/ruthenian_eastward_modifiers.txt: modifier 'ruthenian_frontier_mobility_network_mod' is defined but never used
WARN  common/event_modifiers/ruthenian_eastward_modifiers.txt: modifier 'ruthenian_frontier_waystations_mod' is defined but never used
WARN  common/event_modifiers/ruthenian_eastward_modifiers.txt: modifier 'ruthenian_line_fort_node_mod' is defined but never used
WARN  common/event_modifiers/ruthenian_eastward_modifiers.txt: modifier 'ruthenian_open_steppe_corridors_mod' is defined but never used
WARN  common/event_modifiers/ruthenian_eastward_modifiers.txt: modifier 'ruthenian_steppe_corridor_doctrine_mod' is defined but never used
WARN  common/event_modifiers/ruthenian_eastward_modifiers.txt: modifier 'ruthenian_steppe_raid_doctrine_mod' is defined but never used
WARN  common/event_modifiers/zaz_fixes_modifiers.txt: modifier 'sich_recently_relocated_cd' is defined but never used
WARN  common/event_modifiers/zaz_fixes_modifiers.txt: modifier 'sich_relocation_doctrine' is defined but never used
WARN  common/event_modifiers/raid_mechanics_modifiers.txt: modifier 'siege_raid' is defined but never used
WARN  common/event_modifiers/RIP_HET_modifiers.txt: modifier 'sloboda_network_established' is defined but never used
WARN  common/event_modifiers/RIP_shared_modifiers.txt: modifier 'steppe_brotherhood' is defined but never used
WARN  common/event_modifiers/RIP_KIE_modifiers.txt: modifier 'subjugation_of_the_crimeans' is defined but never used
WARN  common/event_modifiers/RIP_KIE_modifiers.txt: modifier 'subjugation_of_the_great_horde' is defined but never used
WARN  common/event_modifiers/RIP_KRU_modifiers.txt: modifier 'svydrigaylo_independent_ruthenian_state' is defined but never used
WARN  common/event_modifiers/RIP_KRU_modifiers.txt: modifier 'svydrigaylo_legacy' is defined but never used
WARN  common/event_modifiers/RIP_KRU_modifiers.txt: modifier 'svydrigaylo_preparing_independence' is defined but never used
WARN  common/event_modifiers/RIP_KRU_modifiers.txt: modifier 'svydrigaylo_starshyna_council' is defined but never used
WARN  common/event_modifiers/raid_mechanics_modifiers.txt: modifier 'tatar_raid_networks' is defined but never used
WARN  common/event_modifiers/raid_mechanics_modifiers.txt: modifier 'tatar_yasyr_tribute' is defined but never used
WARN  common/event_modifiers/raid_mechanics_modifiers.txt: modifier 'unregistered_cossack_raids' is defined but never used
WARN  common/event_modifiers/RIP_UZH_modifiers.txt: modifier 'uz_granichar_command' is defined but never used
WARN  common/event_modifiers/RIP_UZH_modifiers.txt: modifier 'uz_rusin_national_awakening' is defined but never used
WARN  common/event_modifiers/VLN_government_modifiers.txt: modifier 'vln_confessional_diet' is defined but never used
WARN  common/event_modifiers/VLN_government_modifiers.txt: modifier 'vln_crown_statutes' is defined but never used
WARN  common/event_modifiers/VLN_government_modifiers.txt: modifier 'vln_voivodeship_assembly' is defined but never used
WARN  common/event_modifiers/VOL_alt_history_modifiers.txt: modifier 'vol_baltic_ambitions' is defined but never used
WARN  common/event_modifiers/VOL_alt_history_modifiers.txt: modifier 'vol_baltic_dominance' is defined but never used
WARN  common/event_modifiers/VOL_alt_history_modifiers.txt: modifier 'vol_carpathian_federation_modifier' is defined but never used
WARN  common/event_modifiers/VOL_alt_history_modifiers.txt: modifier 'vol_confessional_dialogue' is defined but never used
WARN  common/event_modifiers/VOL_alt_history_modifiers.txt: modifier 'vol_cossack_recruitment' is defined but never used
WARN  common/event_modifiers/VOL_mission_modifiers.txt: modifier 'vol_cultural_golden_age' is defined but never used
WARN  common/event_modifiers/VOL_mission_modifiers.txt: modifier 'vol_diplomatic_web' is defined but never used
WARN  common/event_modifiers/VOL_mission_modifiers.txt: modifier 'vol_dynasty_prestige' is defined but never used
WARN  common/event_modifiers/VOL_alt_history_modifiers.txt: modifier 'vol_eastern_military_tradition' is defined but never used
WARN  common/event_modifiers/VOL_alt_history_modifiers.txt: modifier 'vol_eastern_prosperity' is defined but never used
WARN  common/event_modifiers/VOL_alt_history_modifiers.txt: modifier 'vol_economic_prosperity' is defined but never used
WARN  common/event_modifiers/VOL_alt_history_modifiers.txt: modifier 'vol_galician_brotherhood' is defined but never used
WARN  common/event_modifiers/VOL_alt_history_modifiers.txt: modifier 'vol_galician_unification' is defined but never used
WARN  common/event_modifiers/VOL_alt_history_modifiers.txt: modifier 'vol_grand_ruthenia_authority' is defined but never used
WARN  common/event_modifiers/VOL_alt_history_modifiers.txt: modifier 'vol_grand_ruthenia_modifier' is defined but never used
WARN  common/event_modifiers/VOL_alt_history_modifiers.txt: modifier 'vol_legitimate_authority' is defined but never used
WARN  common/event_modifiers/VOL_alt_history_modifiers.txt: modifier 'vol_northern_integration' is defined but never used
WARN  common/event_modifiers/VOL_alt_history_modifiers.txt: modifier 'vol_ruthenian_renaissance_modifier' is defined but never used
WARN  common/event_modifiers/VOL_alt_history_modifiers.txt: modifier 'vol_steppe_master' is defined but never used
WARN  common/event_modifiers/VOL_alt_history_modifiers.txt: modifier 'vol_supreme_authority' is defined but never used
WARN  common/event_modifiers/raid_mechanics_modifiers.txt: modifier 'winter_raid_season' is defined but never used
WARN  common/event_modifiers/RIP_ZAZ_modifiers.txt: modifier 'zaz_lit_kill' is defined but never used
WARN  common/event_modifiers/RIP_ZAZ_modifiers.txt: modifier 'zaz_rebellious_cossacks' is defined but never used
WARN  common/event_modifiers/RIP_ZAZ_modifiers.txt: modifier 'zaz_slave_raiders' is defined but never used
WARN  common/event_modifiers/RIP_ZAZ_modifiers.txt: modifier 'zaz_steppe_brotherhood' is defined but never used
WARN  common/colonial_regions/00_colonial_regions.txt:771: province 906 is 'Lakota', but the comment says 'Yankton' (unchanged native comment)
WARN  common/colonial_regions/00_colonial_regions.txt:1020: province 885 is 'Comanche', but the comment says 'Teyas' (unchanged native comment)
WARN  common/colonial_regions/00_colonial_regions.txt:1123: province 489 is 'Tortuga', but the comment says 'Barahonas' (unchanged native comment)
WARN  common/colonial_regions/00_colonial_regions.txt:1124: province 490 is 'Barahonas', but the comment says 'Tortuga' (unchanged native comment)
WARN  common/colonial_regions/00_colonial_regions.txt:1534: province 772 is 'Paysandu', but the comment says 'Uruguay' (unchanged native comment)
WARN  common/province_names/CRI.txt:50: renames province 463 to 'Cerkes', but 463 is Circassia in circassia_area (caucasia_region) - far outside this tag's horizon
WARN  common/province_names/CRI.txt:51: renames province 2195 to 'Natuhay', but 2195 is Adyghe in circassia_area (caucasia_region) - far outside this tag's horizon
WARN  common/province_names/CRI.txt:52: renames province 2197 to 'Kabartay', but 2197 is Cabardia in circassia_area (caucasia_region) - far outside this tag's horizon
WARN  common/province_names/CRI.txt:55: renames province 422 to 'Acikbas', but 422 is Imereti in imereti_area (caucasia_region) - far outside this tag's horizon
WARN  common/province_names/CRI.txt:56: renames province 462 to 'Dadyan', but 462 is Mingrelia in imereti_area (caucasia_region) - far outside this tag's horizon
WARN  common/province_names/CRI.txt:57: renames province 1856 to 'Abaza', but 1856 is Abkhazia in imereti_area (caucasia_region) - far outside this tag's horizon
WARN  common/estates/01_church.txt:267: country flag 'hordes_devout_tengri_completion_flag' is tested but never set by the mod or vanilla
WARN  common/scripted_effects/01_scripted_effects_for_on_actions.txt:4638: country flag 'GER_unlocked_saxon_reform' is tested but never set by the mod or vanilla
WARN  common/scripted_effects/01_scripted_effects_for_on_actions.txt:4649: country flag 'GER_unlocked_franconian_reform' is tested but never set by the mod or vanilla

488 script files, 95 localisation files
vanilla localisation: 126744 keys from D:\Programs Files(x86)\Steam\steamapps\common\Europa Universalis IV
755 events, 1187 event modifiers
0 error(s), 182 warning(s)



ALL CRITICAL TESTS PASS: True
