[country.cpp:6507]: AST had no default sub-unit defined for 'Infantry' Assigning Eastern Archers
Callstack:00007FF682084F93 (eu4): (filename not available): (function-name not available)
00007FF682087B01 (eu4): (filename not available): (function-name not available)
00007FF68251332A (eu4): (filename not available): (function-name not available)
00007FF682514424 (eu4): (filename not available): (function-name not available)
00007FF6825BAC4C (eu4): (filename not available): (function-name not available)
00007FF6825AB18A (eu4): (filename not available): (function-name not available)
00007FF682E7AEB2 (eu4): (filename not available): (function-name not available)
00007FF682E73C5A (eu4): (filename not available): (function-name not available)
00007FF683262818 (eu4): (filename not available): (function-name not available)
00007FF683262E18 (eu4): (filename not available): (function-name not available)
00007FF6826181B9 (eu4): (filename not available): (function-name not available)
00007FF68381889A (eu4): (filename not available): PHYSFS_writeULE64
00007FF6837D375A (eu4): (filename not available): PHYSFS_writeULE64
00007FFB7AE9CDF7 (KERNEL32): (filename not available): BaseThreadInitThunk
00007FFB7C0BEE4C (ntdll): (filename not available): RtlUserThreadStart

[country.cpp:6507]: AST had no default sub-unit defined for 'Cavalry' Assigning Eastern Steppe Cavalry
Callstack:00007FF682084F93 (eu4): (filename not available): (function-name not available)
00007FF682087B01 (eu4): (filename not available): (function-name not available)
00007FF68251332A (eu4): (filename not available): (function-name not available)
00007FF682514424 (eu4): (filename not available): (function-name not available)
00007FF6825BAC4C (eu4): (filename not available): (function-name not available)
00007FF6825AB18A (eu4): (filename not available): (function-name not available)
00007FF682E7AEB2 (eu4): (filename not available): (function-name not available)
00007FF682E73C5A (eu4): (filename not available): (function-name not available)
00007FF683262818 (eu4): (filename not available): (function-name not available)
00007FF683262E18 (eu4): (filename not available): (function-name not available)
00007FF6826181B9 (eu4): (filename not available): (function-name not available)
00007FF68381889A (eu4): (filename not available): PHYSFS_writeULE64
00007FF6837D375A (eu4): (filename not available): PHYSFS_writeULE64
00007FFB7AE9CDF7 (KERNEL32): (filename not available): BaseThreadInitThunk
00007FFB7C0BEE4C (ntdll): (filename not available): RtlUserThreadStart

[country.cpp:6507]: CRI had no default sub-unit defined for 'Infantry' Assigning Eastern Archers
Callstack:00007FF682084F93 (eu4): (filename not available): (function-name not available)
00007FF682087B01 (eu4): (filename not available): (function-name not available)
00007FF68251332A (eu4): (filename not available): (function-name not available)
00007FF682514424 (eu4): (filename not available): (function-name not available)
00007FF6825BAC4C (eu4): (filename not available): (function-name not available)
00007FF6825AB18A (eu4): (filename not available): (function-name not available)
00007FF682E7AEB2 (eu4): (filename not available): (function-name not available)
00007FF682E73C5A (eu4): (filename not available): (function-name not available)
00007FF683262818 (eu4): (filename not available): (function-name not available)
00007FF683262E18 (eu4): (filename not available): (function-name not available)
00007FF6826181B9 (eu4): (filename not available): (function-name not available)
00007FF68381889A (eu4): (filename not available): PHYSFS_writeULE64
00007FF6837D375A (eu4): (filename not available): PHYSFS_writeULE64
00007FFB7AE9CDF7 (KERNEL32): (filename not available): BaseThreadInitThunk
00007FFB7C0BEE4C (ntdll): (filename not available): RtlUserThreadStart

[country.cpp:6507]: CRI had no default sub-unit defined for 'Cavalry' Assigning Eastern Steppe Cavalry
Callstack:00007FF682084F93 (eu4): (filename not available): (function-name not available)
00007FF682087B01 (eu4): (filename not available): (function-name not available)
00007FF68251332A (eu4): (filename not available): (function-name not available)
00007FF682514424 (eu4): (filename not available): (function-name not available)
00007FF6825BAC4C (eu4): (filename not available): (function-name not available)
00007FF6825AB18A (eu4): (filename not available): (function-name not available)
00007FF682E7AEB2 (eu4): (filename not available): (function-name not available)
00007FF682E73C5A (eu4): (filename not available): (function-name not available)
00007FF683262818 (eu4): (filename not available): (function-name not available)
00007FF683262E18 (eu4): (filename not available): (function-name not available)
00007FF6826181B9 (eu4): (filename not available): (function-name not available)
00007FF68381889A (eu4): (filename not available): PHYSFS_writeULE64
00007FF6837D375A (eu4): (filename not available): PHYSFS_writeULE64
00007FFB7AE9CDF7 (KERNEL32): (filename not available): BaseThreadInitThunk
00007FFB7C0BEE4C (ntdll): (filename not available): RtlUserThreadStart

[country.cpp:6507]: KAZ had no default sub-unit defined for 'Infantry' Assigning Eastern Archers
Callstack:00007FF682084F93 (eu4): (filename not available): (function-name not available)
00007FF682087B01 (eu4): (filename not available): (function-name not available)
00007FF68251332A (eu4): (filename not available): (function-name not available)
00007FF682514424 (eu4): (filename not available): (function-name not available)
00007FF6825BAC4C (eu4): (filename not available): (function-name not available)
00007FF6825AB18A (eu4): (filename not available): (function-name not available)
00007FF682E7AEB2 (eu4): (filename not available): (function-name not available)
00007FF682E73C5A (eu4): (filename not available): (function-name not available)
00007FF683262818 (eu4): (filename not available): (function-name not available)
00007FF683262E18 (eu4): (filename not available): (function-name not available)
00007FF6826181B9 (eu4): (filename not available): (function-name not available)
00007FF68381889A (eu4): (filename not available): PHYSFS_writeULE64
00007FF6837D375A (eu4): (filename not available): PHYSFS_writeULE64
00007FFB7AE9CDF7 (KERNEL32): (filename not available): BaseThreadInitThunk
00007FFB7C0BEE4C (ntdll): (filename not available): RtlUserThreadStart

[country.cpp:6507]: KAZ had no default sub-unit defined for 'Cavalry' Assigning Eastern Steppe Cavalry
Callstack:00007FF682084F93 (eu4): (filename not available): (function-name not available)
00007FF682087B01 (eu4): (filename not available): (function-name not available)
00007FF68251332A (eu4): (filename not available): (function-name not available)
00007FF682514424 (eu4): (filename not available): (function-name not available)
00007FF6825BAC4C (eu4): (filename not available): (function-name not available)
00007FF6825AB18A (eu4): (filename not available): (function-name not available)
00007FF682E7AEB2 (eu4): (filename not available): (function-name not available)
00007FF682E73C5A (eu4): (filename not available): (function-name not available)
00007FF683262818 (eu4): (filename not available): (function-name not available)
00007FF683262E18 (eu4): (filename not available): (function-name not available)
00007FF6826181B9 (eu4): (filename not available): (function-name not available)
00007FF68381889A (eu4): (filename not available): PHYSFS_writeULE64
00007FF6837D375A (eu4): (filename not available): PHYSFS_writeULE64
00007FFB7AE9CDF7 (KERNEL32): (filename not available): BaseThreadInitThunk
00007FFB7C0BEE4C (ntdll): (filename not available): RtlUserThreadStart

[country.cpp:6507]: QAS had no default sub-unit defined for 'Infantry' Assigning Eastern Archers
Callstack:00007FF682084F93 (eu4): (filename not available): (function-name not available)
00007FF682087B01 (eu4): (filename not available): (function-name not available)
00007FF68251332A (eu4): (filename not available): (function-name not available)
00007FF682514424 (eu4): (filename not available): (function-name not available)
00007FF6825BAC4C (eu4): (filename not available): (function-name not available)
00007FF6825AB18A (eu4): (filename not available): (function-name not available)
00007FF682E7AEB2 (eu4): (filename not available): (function-name not available)
00007FF682E73C5A (eu4): (filename not available): (function-name not available)
00007FF683262818 (eu4): (filename not available): (function-name not available)
00007FF683262E18 (eu4): (filename not available): (function-name not available)
00007FF6826181B9 (eu4): (filename not available): (function-name not available)
00007FF68381889A (eu4): (filename not available): PHYSFS_writeULE64
00007FF6837D375A (eu4): (filename not available): PHYSFS_writeULE64
00007FFB7AE9CDF7 (KERNEL32): (filename not available): BaseThreadInitThunk
00007FFB7C0BEE4C (ntdll): (filename not available): RtlUserThreadStart

[country.cpp:6507]: QAS had no default sub-unit defined for 'Cavalry' Assigning Eastern Steppe Cavalry
Callstack:00007FF682084F93 (eu4): (filename not available): (function-name not available)
00007FF682087B01 (eu4): (filename not available): (function-name not available)
00007FF68251332A (eu4): (filename not available): (function-name not available)
00007FF682514424 (eu4): (filename not available): (function-name not available)
00007FF6825BAC4C (eu4): (filename not available): (function-name not available)
00007FF6825AB18A (eu4): (filename not available): (function-name not available)
00007FF682E7AEB2 (eu4): (filename not available): (function-name not available)
00007FF682E73C5A (eu4): (filename not available): (function-name not available)
00007FF683262818 (eu4): (filename not available): (function-name not available)
00007FF683262E18 (eu4): (filename not available): (function-name not available)
00007FF6826181B9 (eu4): (filename not available): (function-name not available)
00007FF68381889A (eu4): (filename not available): PHYSFS_writeULE64
00007FF6837D375A (eu4): (filename not available): PHYSFS_writeULE64
00007FFB7AE9CDF7 (KERNEL32): (filename not available): BaseThreadInitThunk
00007FFB7C0BEE4C (ntdll): (filename not available): RtlUserThreadStart

[country.cpp:6507]: NOG had no default sub-unit defined for 'Infantry' Assigning Eastern Archers
Callstack:00007FF682084F93 (eu4): (filename not available): (function-name not available)
00007FF682087B01 (eu4): (filename not available): (function-name not available)
00007FF68251332A (eu4): (filename not available): (function-name not available)
00007FF682514424 (eu4): (filename not available): (function-name not available)
00007FF6825BAC4C (eu4): (filename not available): (function-name not available)
00007FF6825AB18A (eu4): (filename not available): (function-name not available)
00007FF682E7AEB2 (eu4): (filename not available): (function-name not available)
00007FF682E73C5A (eu4): (filename not available): (function-name not available)
00007FF683262818 (eu4): (filename not available): (function-name not available)
00007FF683262E18 (eu4): (filename not available): (function-name not available)
00007FF6826181B9 (eu4): (filename not available): (function-name not available)
00007FF68381889A (eu4): (filename not available): PHYSFS_writeULE64
00007FF6837D375A (eu4): (filename not available): PHYSFS_writeULE64
00007FFB7AE9CDF7 (KERNEL32): (filename not available): BaseThreadInitThunk
00007FFB7C0BEE4C (ntdll): (filename not available): RtlUserThreadStart

[country.cpp:6507]: NOG had no default sub-unit defined for 'Cavalry' Assigning Eastern Steppe Cavalry
Callstack:00007FF682084F93 (eu4): (filename not available): (function-name not available)
00007FF682087B01 (eu4): (filename not available): (function-name not available)
00007FF68251332A (eu4): (filename not available): (function-name not available)
00007FF682514424 (eu4): (filename not available): (function-name not available)
00007FF6825BAC4C (eu4): (filename not available): (function-name not available)
00007FF6825AB18A (eu4): (filename not available): (function-name not available)
00007FF682E7AEB2 (eu4): (filename not available): (function-name not available)
00007FF682E73C5A (eu4): (filename not available): (function-name not available)
00007FF683262818 (eu4): (filename not available): (function-name not available)
00007FF683262E18 (eu4): (filename not available): (function-name not available)
00007FF6826181B9 (eu4): (filename not available): (function-name not available)
00007FF68381889A (eu4): (filename not available): PHYSFS_writeULE64
00007FF6837D375A (eu4): (filename not available): PHYSFS_writeULE64
00007FFB7AE9CDF7 (KERNEL32): (filename not available): BaseThreadInitThunk
00007FFB7C0BEE4C (ntdll): (filename not available): RtlUserThreadStart

[country.cpp:6507]: SIB had no default sub-unit defined for 'Infantry' Assigning Eastern Archers
Callstack:00007FF682084F93 (eu4): (filename not available): (function-name not available)
00007FF682087B01 (eu4): (filename not available): (function-name not available)
00007FF68251332A (eu4): (filename not available): (function-name not available)
00007FF682514424 (eu4): (filename not available): (function-name not available)
00007FF6825BAC4C (eu4): (filename not available): (function-name not available)
00007FF6825AB18A (eu4): (filename not available): (function-name not available)
00007FF682E7AEB2 (eu4): (filename not available): (function-name not available)
00007FF682E73C5A (eu4): (filename not available): (function-name not available)
00007FF683262818 (eu4): (filename not available): (function-name not available)
00007FF683262E18 (eu4): (filename not available): (function-name not available)
00007FF6826181B9 (eu4): (filename not available): (function-name not available)
00007FF68381889A (eu4): (filename not available): PHYSFS_writeULE64
00007FF6837D375A (eu4): (filename not available): PHYSFS_writeULE64
00007FFB7AE9CDF7 (KERNEL32): (filename not available): BaseThreadInitThunk
00007FFB7C0BEE4C (ntdll): (filename not available): RtlUserThreadStart

[country.cpp:6507]: SIB had no default sub-unit defined for 'Cavalry' Assigning Eastern Steppe Cavalry
Callstack:00007FF682084F93 (eu4): (filename not available): (function-name not available)
00007FF682087B01 (eu4): (filename not available): (function-name not available)
00007FF68251332A (eu4): (filename not available): (function-name not available)
00007FF682514424 (eu4): (filename not available): (function-name not available)
00007FF6825BAC4C (eu4): (filename not available): (function-name not available)
00007FF6825AB18A (eu4): (filename not available): (function-name not available)
00007FF682E7AEB2 (eu4): (filename not available): (function-name not available)
00007FF682E73C5A (eu4): (filename not available): (function-name not available)
00007FF683262818 (eu4): (filename not available): (function-name not available)
00007FF683262E18 (eu4): (filename not available): (function-name not available)
00007FF6826181B9 (eu4): (filename not available): (function-name not available)
00007FF68381889A (eu4): (filename not available): PHYSFS_writeULE64
00007FF6837D375A (eu4): (filename not available): PHYSFS_writeULE64
00007FFB7AE9CDF7 (KERNEL32): (filename not available): BaseThreadInitThunk
00007FFB7C0BEE4C (ntdll): (filename not available): RtlUserThreadStart

[country.cpp:6507]: BSH had no default sub-unit defined for 'Infantry' Assigning Eastern Archers
Callstack:00007FF682084F93 (eu4): (filename not available): (function-name not available)
00007FF682087B01 (eu4): (filename not available): (function-name not available)
00007FF68251332A (eu4): (filename not available): (function-name not available)
00007FF682514424 (eu4): (filename not available): (function-name not available)
00007FF6825BAC4C (eu4): (filename not available): (function-name not available)
00007FF6825AB18A (eu4): (filename not available): (function-name not available)
00007FF682E7AEB2 (eu4): (filename not available): (function-name not available)
00007FF682E73C5A (eu4): (filename not available): (function-name not available)
00007FF683262818 (eu4): (filename not available): (function-name not available)
00007FF683262E18 (eu4): (filename not available): (function-name not available)
00007FF6826181B9 (eu4): (filename not available): (function-name not available)
00007FF68381889A (eu4): (filename not available): PHYSFS_writeULE64
00007FF6837D375A (eu4): (filename not available): PHYSFS_writeULE64
00007FFB7AE9CDF7 (KERNEL32): (filename not available): BaseThreadInitThunk
00007FFB7C0BEE4C (ntdll): (filename not available): RtlUserThreadStart

[country.cpp:6507]: BSH had no default sub-unit defined for 'Cavalry' Assigning Eastern Steppe Cavalry
Callstack:00007FF682084F93 (eu4): (filename not available): (function-name not available)
00007FF682087B01 (eu4): (filename not available): (function-name not available)
00007FF68251332A (eu4): (filename not available): (function-name not available)
00007FF682514424 (eu4): (filename not available): (function-name not available)
00007FF6825BAC4C (eu4): (filename not available): (function-name not available)
00007FF6825AB18A (eu4): (filename not available): (function-name not available)
00007FF682E7AEB2 (eu4): (filename not available): (function-name not available)
00007FF682E73C5A (eu4): (filename not available): (function-name not available)
00007FF683262818 (eu4): (filename not available): (function-name not available)
00007FF683262E18 (eu4): (filename not available): (function-name not available)
00007FF6826181B9 (eu4): (filename not available): (function-name not available)
00007FF68381889A (eu4): (filename not available): PHYSFS_writeULE64
00007FF6837D375A (eu4): (filename not available): PHYSFS_writeULE64
00007FFB7AE9CDF7 (KERNEL32): (filename not available): BaseThreadInitThunk
00007FFB7C0BEE4C (ntdll): (filename not available): RtlUserThreadStart

[country.cpp:6507]: GOL had no default sub-unit defined for 'Infantry' Assigning Eastern Archers
Callstack:00007FF682084F93 (eu4): (filename not available): (function-name not available)
00007FF682087B01 (eu4): (filename not available): (function-name not available)
00007FF68251332A (eu4): (filename not available): (function-name not available)
00007FF682514424 (eu4): (filename not available): (function-name not available)
00007FF6825BAC4C (eu4): (filename not available): (function-name not available)
00007FF6825AB18A (eu4): (filename not available): (function-name not available)
00007FF682E7AEB2 (eu4): (filename not available): (function-name not available)
00007FF682E73C5A (eu4): (filename not available): (function-name not available)
00007FF683262818 (eu4): (filename not available): (function-name not available)
00007FF683262E18 (eu4): (filename not available): (function-name not available)
00007FF6826181B9 (eu4): (filename not available): (function-name not available)
00007FF68381889A (eu4): (filename not available): PHYSFS_writeULE64
00007FF6837D375A (eu4): (filename not available): PHYSFS_writeULE64
00007FFB7AE9CDF7 (KERNEL32): (filename not available): BaseThreadInitThunk
00007FFB7C0BEE4C (ntdll): (filename not available): RtlUserThreadStart

[country.cpp:6507]: GOL had no default sub-unit defined for 'Cavalry' Assigning Eastern Steppe Cavalry
Callstack:00007FF682084F93 (eu4): (filename not available): (function-name not available)
00007FF682087B01 (eu4): (filename not available): (function-name not available)
00007FF68251332A (eu4): (filename not available): (function-name not available)
00007FF682514424 (eu4): (filename not available): (function-name not available)
00007FF6825BAC4C (eu4): (filename not available): (function-name not available)
00007FF6825AB18A (eu4): (filename not available): (function-name not available)
00007FF682E7AEB2 (eu4): (filename not available): (function-name not available)
00007FF682E73C5A (eu4): (filename not available): (function-name not available)
00007FF683262818 (eu4): (filename not available): (function-name not available)
00007FF683262E18 (eu4): (filename not available): (function-name not available)
00007FF6826181B9 (eu4): (filename not available): (function-name not available)
00007FF68381889A (eu4): (filename not available): PHYSFS_writeULE64
00007FF6837D375A (eu4): (filename not available): PHYSFS_writeULE64
00007FFB7AE9CDF7 (KERNEL32): (filename not available): BaseThreadInitThunk
00007FFB7C0BEE4C (ntdll): (filename not available): RtlUserThreadStart

[country.cpp:6507]: GLH had no default sub-unit defined for 'Infantry' Assigning Eastern Archers
Callstack:00007FF682084F93 (eu4): (filename not available): (function-name not available)
00007FF682087B01 (eu4): (filename not available): (function-name not available)
00007FF68251332A (eu4): (filename not available): (function-name not available)
00007FF682514424 (eu4): (filename not available): (function-name not available)
00007FF6825BAC4C (eu4): (filename not available): (function-name not available)
00007FF6825AB18A (eu4): (filename not available): (function-name not available)
00007FF682E7AEB2 (eu4): (filename not available): (function-name not available)
00007FF682E73C5A (eu4): (filename not available): (function-name not available)
00007FF683262818 (eu4): (filename not available): (function-name not available)
00007FF683262E18 (eu4): (filename not available): (function-name not available)
00007FF6826181B9 (eu4): (filename not available): (function-name not available)
00007FF68381889A (eu4): (filename not available): PHYSFS_writeULE64
00007FF6837D375A (eu4): (filename not available): PHYSFS_writeULE64
00007FFB7AE9CDF7 (KERNEL32): (filename not available): BaseThreadInitThunk
00007FFB7C0BEE4C (ntdll): (filename not available): RtlUserThreadStart

[country.cpp:6507]: GLH had no default sub-unit defined for 'Cavalry' Assigning Eastern Steppe Cavalry
Callstack:00007FF682084F93 (eu4): (filename not available): (function-name not available)
00007FF682087B01 (eu4): (filename not available): (function-name not available)
00007FF68251332A (eu4): (filename not available): (function-name not available)
00007FF682514424 (eu4): (filename not available): (function-name not available)
00007FF6825BAC4C (eu4): (filename not available): (function-name not available)
00007FF6825AB18A (eu4): (filename not available): (function-name not available)
00007FF682E7AEB2 (eu4): (filename not available): (function-name not available)
00007FF682E73C5A (eu4): (filename not available): (function-name not available)
00007FF683262818 (eu4): (filename not available): (function-name not available)
00007FF683262E18 (eu4): (filename not available): (function-name not available)
00007FF6826181B9 (eu4): (filename not available): (function-name not available)
00007FF68381889A (eu4): (filename not available): PHYSFS_writeULE64
00007FF6837D375A (eu4): (filename not available): PHYSFS_writeULE64
00007FFB7AE9CDF7 (KERNEL32): (filename not available): BaseThreadInitThunk
00007FFB7C0BEE4C (ntdll): (filename not available): RtlUserThreadStart

[country.cpp:6507]: AKK had no default sub-unit defined for 'Cavalry' Assigning Charge Cavalry
Callstack:00007FF682084F93 (eu4): (filename not available): (function-name not available)
00007FF682087B01 (eu4): (filename not available): (function-name not available)
00007FF68251332A (eu4): (filename not available): (function-name not available)
00007FF682514424 (eu4): (filename not available): (function-name not available)
00007FF6825BAC4C (eu4): (filename not available): (function-name not available)
00007FF6825AB18A (eu4): (filename not available): (function-name not available)
00007FF682E7AEB2 (eu4): (filename not available): (function-name not available)
00007FF682E73C5A (eu4): (filename not available): (function-name not available)
00007FF683262818 (eu4): (filename not available): (function-name not available)
00007FF683262E18 (eu4): (filename not available): (function-name not available)
00007FF6826181B9 (eu4): (filename not available): (function-name not available)
00007FF68381889A (eu4): (filename not available): PHYSFS_writeULE64
00007FF6837D375A (eu4): (filename not available): PHYSFS_writeULE64
00007FFB7AE9CDF7 (KERNEL32): (filename not available): BaseThreadInitThunk
00007FFB7C0BEE4C (ntdll): (filename not available): RtlUserThreadStart

[country.cpp:6507]: AKK had no default sub-unit defined for 'Infantry' Assigning Muslim Archer
Callstack:00007FF682084F93 (eu4): (filename not available): (function-name not available)
00007FF682087B01 (eu4): (filename not available): (function-name not available)
00007FF68251332A (eu4): (filename not available): (function-name not available)
00007FF682514424 (eu4): (filename not available): (function-name not available)
00007FF6825BAC4C (eu4): (filename not available): (function-name not available)
00007FF6825AB18A (eu4): (filename not available): (function-name not available)
00007FF682E7AEB2 (eu4): (filename not available): (function-name not available)
00007FF682E73C5A (eu4): (filename not available): (function-name not available)
00007FF683262818 (eu4): (filename not available): (function-name not available)
00007FF683262E18 (eu4): (filename not available): (function-name not available)
00007FF6826181B9 (eu4): (filename not available): (function-name not available)
00007FF68381889A (eu4): (filename not available): PHYSFS_writeULE64
00007FF6837D375A (eu4): (filename not available): PHYSFS_writeULE64
00007FFB7AE9CDF7 (KERNEL32): (filename not available): BaseThreadInitThunk
00007FFB7C0BEE4C (ntdll): (filename not available): RtlUserThreadStart

[country.cpp:6507]: KZH had no default sub-unit defined for 'Infantry' Assigning Eastern Archers
Callstack:00007FF682084F93 (eu4): (filename not available): (function-name not available)
00007FF682087B01 (eu4): (filename not available): (function-name not available)
00007FF68251332A (eu4): (filename not available): (function-name not available)
00007FF682514424 (eu4): (filename not available): (function-name not available)
00007FF6825BAC4C (eu4): (filename not available): (function-name not available)
00007FF6825AB18A (eu4): (filename not available): (function-name not available)
00007FF682E7AEB2 (eu4): (filename not available): (function-name not available)
00007FF682E73C5A (eu4): (filename not available): (function-name not available)
00007FF683262818 (eu4): (filename not available): (function-name not available)
00007FF683262E18 (eu4): (filename not available): (function-name not available)
00007FF6826181B9 (eu4): (filename not available): (function-name not available)
00007FF68381889A (eu4): (filename not available): PHYSFS_writeULE64
00007FF6837D375A (eu4): (filename not available): PHYSFS_writeULE64
00007FFB7AE9CDF7 (KERNEL32): (filename not available): BaseThreadInitThunk
00007FFB7C0BEE4C (ntdll): (filename not available): RtlUserThreadStart

[country.cpp:6507]: KZH had no default sub-unit defined for 'Cavalry' Assigning Eastern Steppe Cavalry
Callstack:00007FF682084F93 (eu4): (filename not available): (function-name not available)
00007FF682087B01 (eu4): (filename not available): (function-name not available)
00007FF68251332A (eu4): (filename not available): (function-name not available)
00007FF682514424 (eu4): (filename not available): (function-name not available)
00007FF6825BAC4C (eu4): (filename not available): (function-name not available)
00007FF6825AB18A (eu4): (filename not available): (function-name not available)
00007FF682E7AEB2 (eu4): (filename not available): (function-name not available)
00007FF682E73C5A (eu4): (filename not available): (function-name not available)
00007FF683262818 (eu4): (filename not available): (function-name not available)
00007FF683262E18 (eu4): (filename not available): (function-name not available)
00007FF6826181B9 (eu4): (filename not available): (function-name not available)
00007FF68381889A (eu4): (filename not available): PHYSFS_writeULE64
00007FF6837D375A (eu4): (filename not available): PHYSFS_writeULE64
00007FFB7AE9CDF7 (KERNEL32): (filename not available): BaseThreadInitThunk
00007FFB7C0BEE4C (ntdll): (filename not available): RtlUserThreadStart

[country.cpp:6507]: SHY had no default sub-unit defined for 'Infantry' Assigning Eastern Archers
Callstack:00007FF682084F93 (eu4): (filename not available): (function-name not available)
00007FF682087B01 (eu4): (filename not available): (function-name not available)
00007FF68251332A (eu4): (filename not available): (function-name not available)
00007FF682514424 (eu4): (filename not available): (function-name not available)
00007FF6825BAC4C (eu4): (filename not available): (function-name not available)
00007FF6825AB18A (eu4): (filename not available): (function-name not available)
00007FF682E7AEB2 (eu4): (filename not available): (function-name not available)
00007FF682E73C5A (eu4): (filename not available): (function-name not available)
00007FF683262818 (eu4): (filename not available): (function-name not available)
00007FF683262E18 (eu4): (filename not available): (function-name not available)
00007FF6826181B9 (eu4): (filename not available): (function-name not available)
00007FF68381889A (eu4): (filename not available): PHYSFS_writeULE64
00007FF6837D375A (eu4): (filename not available): PHYSFS_writeULE64
00007FFB7AE9CDF7 (KERNEL32): (filename not available): BaseThreadInitThunk
00007FFB7C0BEE4C (ntdll): (filename not available): RtlUserThreadStart

[country.cpp:6507]: SHY had no default sub-unit defined for 'Cavalry' Assigning Eastern Steppe Cavalry
Callstack:00007FF682084F93 (eu4): (filename not available): (function-name not available)
00007FF682087B01 (eu4): (filename not available): (function-name not available)
00007FF68251332A (eu4): (filename not available): (function-name not available)
00007FF682514424 (eu4): (filename not available): (function-name not available)
00007FF6825BAC4C (eu4): (filename not available): (function-name not available)
00007FF6825AB18A (eu4): (filename not available): (function-name not available)
00007FF682E7AEB2 (eu4): (filename not available): (function-name not available)
00007FF682E73C5A (eu4): (filename not available): (function-name not available)
00007FF683262818 (eu4): (filename not available): (function-name not available)
00007FF683262E18 (eu4): (filename not available): (function-name not available)
00007FF6826181B9 (eu4): (filename not available): (function-name not available)
00007FF68381889A (eu4): (filename not available): PHYSFS_writeULE64
00007FF6837D375A (eu4): (filename not available): PHYSFS_writeULE64
00007FFB7AE9CDF7 (KERNEL32): (filename not available): BaseThreadInitThunk
00007FFB7C0BEE4C (ntdll): (filename not available): RtlUserThreadStart

[country.cpp:6507]: QAR had no default sub-unit defined for 'Cavalry' Assigning Charge Cavalry
Callstack:00007FF682084F93 (eu4): (filename not available): (function-name not available)
00007FF682087B01 (eu4): (filename not available): (function-name not available)
00007FF68251332A (eu4): (filename not available): (function-name not available)
00007FF682514424 (eu4): (filename not available): (function-name not available)
00007FF6825BAC4C (eu4): (filename not available): (function-name not available)
00007FF6825AB18A (eu4): (filename not available): (function-name not available)
00007FF682E7AEB2 (eu4): (filename not available): (function-name not available)
00007FF682E73C5A (eu4): (filename not available): (function-name not available)
00007FF683262818 (eu4): (filename not available): (function-name not available)
00007FF683262E18 (eu4): (filename not available): (function-name not available)
00007FF6826181B9 (eu4): (filename not available): (function-name not available)
00007FF68381889A (eu4): (filename not available): PHYSFS_writeULE64
00007FF6837D375A (eu4): (filename not available): PHYSFS_writeULE64
00007FFB7AE9CDF7 (KERNEL32): (filename not available): BaseThreadInitThunk
00007FFB7C0BEE4C (ntdll): (filename not available): RtlUserThreadStart

[country.cpp:6507]: QAR had no default sub-unit defined for 'Infantry' Assigning Muslim Archer
Callstack:00007FF682084F93 (eu4): (filename not available): (function-name not available)
00007FF682087B01 (eu4): (filename not available): (function-name not available)
00007FF68251332A (eu4): (filename not available): (function-name not available)
00007FF682514424 (eu4): (filename not available): (function-name not available)
00007FF6825BAC4C (eu4): (filename not available): (function-name not available)
00007FF6825AB18A (eu4): (filename not available): (function-name not available)
00007FF682E7AEB2 (eu4): (filename not available): (function-name not available)
00007FF682E73C5A (eu4): (filename not available): (function-name not available)
00007FF683262818 (eu4): (filename not available): (function-name not available)
00007FF683262E18 (eu4): (filename not available): (function-name not available)
00007FF6826181B9 (eu4): (filename not available): (function-name not available)
00007FF68381889A (eu4): (filename not available): PHYSFS_writeULE64
00007FF6837D375A (eu4): (filename not available): PHYSFS_writeULE64
00007FFB7AE9CDF7 (KERNEL32): (filename not available): BaseThreadInitThunk
00007FFB7C0BEE4C (ntdll): (filename not available): RtlUserThreadStart

[country.cpp:6507]: TIM had no default sub-unit defined for 'Cavalry' Assigning Charge Cavalry
Callstack:00007FF682084F93 (eu4): (filename not available): (function-name not available)
00007FF682087B01 (eu4): (filename not available): (function-name not available)
00007FF68251332A (eu4): (filename not available): (function-name not available)
00007FF682514424 (eu4): (filename not available): (function-name not available)
00007FF6825BAC4C (eu4): (filename not available): (function-name not available)
00007FF6825AB18A (eu4): (filename not available): (function-name not available)
00007FF682E7AEB2 (eu4): (filename not available): (function-name not available)
00007FF682E73C5A (eu4): (filename not available): (function-name not available)
00007FF683262818 (eu4): (filename not available): (function-name not available)
00007FF683262E18 (eu4): (filename not available): (function-name not available)
00007FF6826181B9 (eu4): (filename not available): (function-name not available)
00007FF68381889A (eu4): (filename not available): PHYSFS_writeULE64
00007FF6837D375A (eu4): (filename not available): PHYSFS_writeULE64
00007FFB7AE9CDF7 (KERNEL32): (filename not available): BaseThreadInitThunk
00007FFB7C0BEE4C (ntdll): (filename not available): RtlUserThreadStart

[country.cpp:6507]: TIM had no default sub-unit defined for 'Infantry' Assigning Muslim Archer
Callstack:00007FF682084F93 (eu4): (filename not available): (function-name not available)
00007FF682087B01 (eu4): (filename not available): (function-name not available)
00007FF68251332A (eu4): (filename not available): (function-name not available)
00007FF682514424 (eu4): (filename not available): (function-name not available)
00007FF6825BAC4C (eu4): (filename not available): (function-name not available)
00007FF6825AB18A (eu4): (filename not available): (function-name not available)
00007FF682E7AEB2 (eu4): (filename not available): (function-name not available)
00007FF682E73C5A (eu4): (filename not available): (function-name not available)
00007FF683262818 (eu4): (filename not available): (function-name not available)
00007FF683262E18 (eu4): (filename not available): (function-name not available)
00007FF6826181B9 (eu4): (filename not available): (function-name not available)
00007FF68381889A (eu4): (filename not available): PHYSFS_writeULE64
00007FF6837D375A (eu4): (filename not available): PHYSFS_writeULE64
00007FFB7AE9CDF7 (KERNEL32): (filename not available): BaseThreadInitThunk
00007FFB7C0BEE4C (ntdll): (filename not available): RtlUserThreadStart

[country.cpp:6507]: TRS had no default sub-unit defined for 'Cavalry' Assigning Charge Cavalry
Callstack:00007FF682084F93 (eu4): (filename not available): (function-name not available)
00007FF682087B01 (eu4): (filename not available): (function-name not available)
00007FF68251332A (eu4): (filename not available): (function-name not available)
00007FF682514424 (eu4): (filename not available): (function-name not available)
00007FF6825BAC4C (eu4): (filename not available): (function-name not available)
00007FF6825AB18A (eu4): (filename not available): (function-name not available)
00007FF682E7AEB2 (eu4): (filename not available): (function-name not available)
00007FF682E73C5A (eu4): (filename not available): (function-name not available)
00007FF683262818 (eu4): (filename not available): (function-name not available)
00007FF683262E18 (eu4): (filename not available): (function-name not available)
00007FF6826181B9 (eu4): (filename not available): (function-name not available)
00007FF68381889A (eu4): (filename not available): PHYSFS_writeULE64
00007FF6837D375A (eu4): (filename not available): PHYSFS_writeULE64
00007FFB7AE9CDF7 (KERNEL32): (filename not available): BaseThreadInitThunk
00007FFB7C0BEE4C (ntdll): (filename not available): RtlUserThreadStart

[country.cpp:6507]: TRS had no default sub-unit defined for 'Infantry' Assigning Muslim Archer
Callstack:00007FF682084F93 (eu4): (filename not available): (function-name not available)
00007FF682087B01 (eu4): (filename not available): (function-name not available)
00007FF68251332A (eu4): (filename not available): (function-name not available)
00007FF682514424 (eu4): (filename not available): (function-name not available)
00007FF6825BAC4C (eu4): (filename not available): (function-name not available)
00007FF6825AB18A (eu4): (filename not available): (function-name not available)
00007FF682E7AEB2 (eu4): (filename not available): (function-name not available)
00007FF682E73C5A (eu4): (filename not available): (function-name not available)
00007FF683262818 (eu4): (filename not available): (function-name not available)
00007FF683262E18 (eu4): (filename not available): (function-name not available)
00007FF6826181B9 (eu4): (filename not available): (function-name not available)
00007FF68381889A (eu4): (filename not available): PHYSFS_writeULE64
00007FF6837D375A (eu4): (filename not available): PHYSFS_writeULE64
00007FFB7AE9CDF7 (KERNEL32): (filename not available): BaseThreadInitThunk
00007FFB7C0BEE4C (ntdll): (filename not available): RtlUserThreadStart

[country.cpp:6507]: CHG had no default sub-unit defined for 'Infantry' Assigning Eastern Archers
Callstack:00007FF682084F93 (eu4): (filename not available): (function-name not available)
00007FF682087B01 (eu4): (filename not available): (function-name not available)
00007FF68251332A (eu4): (filename not available): (function-name not available)
00007FF682514424 (eu4): (filename not available): (function-name not available)
00007FF6825BAC4C (eu4): (filename not available): (function-name not available)
00007FF6825AB18A (eu4): (filename not available): (function-name not available)
00007FF682E7AEB2 (eu4): (filename not available): (function-name not available)
00007FF682E73C5A (eu4): (filename not available): (function-name not available)
00007FF683262818 (eu4): (filename not available): (function-name not available)
00007FF683262E18 (eu4): (filename not available): (function-name not available)
00007FF6826181B9 (eu4): (filename not available): (function-name not available)
00007FF68381889A (eu4): (filename not available): PHYSFS_writeULE64
00007FF6837D375A (eu4): (filename not available): PHYSFS_writeULE64
00007FFB7AE9CDF7 (KERNEL32): (filename not available): BaseThreadInitThunk
00007FFB7C0BEE4C (ntdll): (filename not available): RtlUserThreadStart

[country.cpp:6507]: CHG had no default sub-unit defined for 'Cavalry' Assigning Eastern Steppe Cavalry
Callstack:00007FF682084F93 (eu4): (filename not available): (function-name not available)
00007FF682087B01 (eu4): (filename not available): (function-name not available)
00007FF68251332A (eu4): (filename not available): (function-name not available)
00007FF682514424 (eu4): (filename not available): (function-name not available)
00007FF6825BAC4C (eu4): (filename not available): (function-name not available)
00007FF6825AB18A (eu4): (filename not available): (function-name not available)
00007FF682E7AEB2 (eu4): (filename not available): (function-name not available)
00007FF682E73C5A (eu4): (filename not available): (function-name not available)
00007FF683262818 (eu4): (filename not available): (function-name not available)
00007FF683262E18 (eu4): (filename not available): (function-name not available)
00007FF6826181B9 (eu4): (filename not available): (function-name not available)
00007FF68381889A (eu4): (filename not available): PHYSFS_writeULE64
00007FF6837D375A (eu4): (filename not available): PHYSFS_writeULE64
00007FFB7AE9CDF7 (KERNEL32): (filename not available): BaseThreadInitThunk
00007FFB7C0BEE4C (ntdll): (filename not available): RtlUserThreadStart

[country.cpp:6507]: KHA had no default sub-unit defined for 'Infantry' Assigning Eastern Archers
Callstack:00007FF682084F93 (eu4): (filename not available): (function-name not available)
00007FF682087B01 (eu4): (filename not available): (function-name not available)
00007FF68251332A (eu4): (filename not available): (function-name not available)
00007FF682514424 (eu4): (filename not available): (function-name not available)
00007FF6825BAC4C (eu4): (filename not available): (function-name not available)
00007FF6825AB18A (eu4): (filename not available): (function-name not available)
00007FF682E7AEB2 (eu4): (filename not available): (function-name not available)
00007FF682E73C5A (eu4): (filename not available): (function-name not available)
00007FF683262818 (eu4): (filename not available): (function-name not available)
00007FF683262E18 (eu4): (filename not available): (function-name not available)
00007FF6826181B9 (eu4): (filename not available): (function-name not available)
00007FF68381889A (eu4): (filename not available): PHYSFS_writeULE64
00007FF6837D375A (eu4): (filename not available): PHYSFS_writeULE64
00007FFB7AE9CDF7 (KERNEL32): (filename not available): BaseThreadInitThunk
00007FFB7C0BEE4C (ntdll): (filename not available): RtlUserThreadStart

[country.cpp:6507]: KHA had no default sub-unit defined for 'Cavalry' Assigning Eastern Steppe Cavalry
Callstack:00007FF682084F93 (eu4): (filename not available): (function-name not available)
00007FF682087B01 (eu4): (filename not available): (function-name not available)
00007FF68251332A (eu4): (filename not available): (function-name not available)
00007FF682514424 (eu4): (filename not available): (function-name not available)
00007FF6825BAC4C (eu4): (filename not available): (function-name not available)
00007FF6825AB18A (eu4): (filename not available): (function-name not available)
00007FF682E7AEB2 (eu4): (filename not available): (function-name not available)
00007FF682E73C5A (eu4): (filename not available): (function-name not available)
00007FF683262818 (eu4): (filename not available): (function-name not available)
00007FF683262E18 (eu4): (filename not available): (function-name not available)
00007FF6826181B9 (eu4): (filename not available): (function-name not available)
00007FF68381889A (eu4): (filename not available): PHYSFS_writeULE64
00007FF6837D375A (eu4): (filename not available): PHYSFS_writeULE64
00007FFB7AE9CDF7 (KERNEL32): (filename not available): BaseThreadInitThunk
00007FFB7C0BEE4C (ntdll): (filename not available): RtlUserThreadStart

[country.cpp:6507]: MCH had no default sub-unit defined for 'Infantry' Assigning Eastern Archers
Callstack:00007FF682084F93 (eu4): (filename not available): (function-name not available)
00007FF682087B01 (eu4): (filename not available): (function-name not available)
00007FF68251332A (eu4): (filename not available): (function-name not available)
00007FF682514424 (eu4): (filename not available): (function-name not available)
00007FF6825BAC4C (eu4): (filename not available): (function-name not available)
00007FF6825AB18A (eu4): (filename not available): (function-name not available)
00007FF682E7AEB2 (eu4): (filename not available): (function-name not available)
00007FF682E73C5A (eu4): (filename not available): (function-name not available)
00007FF683262818 (eu4): (filename not available): (function-name not available)
00007FF683262E18 (eu4): (filename not available): (function-name not available)
00007FF6826181B9 (eu4): (filename not available): (function-name not available)
00007FF68381889A (eu4): (filename not available): PHYSFS_writeULE64
00007FF6837D375A (eu4): (filename not available): PHYSFS_writeULE64
00007FFB7AE9CDF7 (KERNEL32): (filename not available): BaseThreadInitThunk
00007FFB7C0BEE4C (ntdll): (filename not available): RtlUserThreadStart

[country.cpp:6507]: MCH had no default sub-unit defined for 'Cavalry' Assigning Eastern Steppe Cavalry
Callstack:00007FF682084F93 (eu4): (filename not available): (function-name not available)
00007FF682087B01 (eu4): (filename not available): (function-name not available)
00007FF68251332A (eu4): (filename not available): (function-name not available)
00007FF682514424 (eu4): (filename not available): (function-name not available)
00007FF6825BAC4C (eu4): (filename not available): (function-name not available)
00007FF6825AB18A (eu4): (filename not available): (function-name not available)
00007FF682E7AEB2 (eu4): (filename not available): (function-name not available)
00007FF682E73C5A (eu4): (filename not available): (function-name not available)
00007FF683262818 (eu4): (filename not available): (function-name not available)
00007FF683262E18 (eu4): (filename not available): (function-name not available)
00007FF6826181B9 (eu4): (filename not available): (function-name not available)
00007FF68381889A (eu4): (filename not available): PHYSFS_writeULE64
00007FF6837D375A (eu4): (filename not available): PHYSFS_writeULE64
00007FFB7AE9CDF7 (KERNEL32): (filename not available): BaseThreadInitThunk
00007FFB7C0BEE4C (ntdll): (filename not available): RtlUserThreadStart

[country.cpp:6507]: OIR had no default sub-unit defined for 'Infantry' Assigning Eastern Archers
Callstack:00007FF682084F93 (eu4): (filename not available): (function-name not available)
00007FF682087B01 (eu4): (filename not available): (function-name not available)
00007FF68251332A (eu4): (filename not available): (function-name not available)
00007FF682514424 (eu4): (filename not available): (function-name not available)
00007FF6825BAC4C (eu4): (filename not available): (function-name not available)
00007FF6825AB18A (eu4): (filename not available): (function-name not available)
00007FF682E7AEB2 (eu4): (filename not available): (function-name not available)
00007FF682E73C5A (eu4): (filename not available): (function-name not available)
00007FF683262818 (eu4): (filename not available): (function-name not available)
00007FF683262E18 (eu4): (filename not available): (function-name not available)
00007FF6826181B9 (eu4): (filename not available): (function-name not available)
00007FF68381889A (eu4): (filename not available): PHYSFS_writeULE64
00007FF6837D375A (eu4): (filename not available): PHYSFS_writeULE64
00007FFB7AE9CDF7 (KERNEL32): (filename not available): BaseThreadInitThunk
00007FFB7C0BEE4C (ntdll): (filename not available): RtlUserThreadStart

[country.cpp:6507]: OIR had no default sub-unit defined for 'Cavalry' Assigning Eastern Steppe Cavalry
Callstack:00007FF682084F93 (eu4): (filename not available): (function-name not available)
00007FF682087B01 (eu4): (filename not available): (function-name not available)
00007FF68251332A (eu4): (filename not available): (function-name not available)
00007FF682514424 (eu4): (filename not available): (function-name not available)
00007FF6825BAC4C (eu4): (filename not available): (function-name not available)
00007FF6825AB18A (eu4): (filename not available): (function-name not available)
00007FF682E7AEB2 (eu4): (filename not available): (function-name not available)
00007FF682E73C5A (eu4): (filename not available): (function-name not available)
00007FF683262818 (eu4): (filename not available): (function-name not available)
00007FF683262E18 (eu4): (filename not available): (function-name not available)
00007FF6826181B9 (eu4): (filename not available): (function-name not available)
00007FF68381889A (eu4): (filename not available): PHYSFS_writeULE64
00007FF6837D375A (eu4): (filename not available): PHYSFS_writeULE64
00007FFB7AE9CDF7 (KERNEL32): (filename not available): BaseThreadInitThunk
00007FFB7C0BEE4C (ntdll): (filename not available): RtlUserThreadStart

[country.cpp:6507]: ILK had no default sub-unit defined for 'Cavalry' Assigning Charge Cavalry
Callstack:00007FF682084F93 (eu4): (filename not available): (function-name not available)
00007FF682087B01 (eu4): (filename not available): (function-name not available)
00007FF68251332A (eu4): (filename not available): (function-name not available)
00007FF682514424 (eu4): (filename not available): (function-name not available)
00007FF6825BAC4C (eu4): (filename not available): (function-name not available)
00007FF6825AB18A (eu4): (filename not available): (function-name not available)
00007FF682E7AEB2 (eu4): (filename not available): (function-name not available)
00007FF682E73C5A (eu4): (filename not available): (function-name not available)
00007FF683262818 (eu4): (filename not available): (function-name not available)
00007FF683262E18 (eu4): (filename not available): (function-name not available)
00007FF6826181B9 (eu4): (filename not available): (function-name not available)
00007FF68381889A (eu4): (filename not available): PHYSFS_writeULE64
00007FF6837D375A (eu4): (filename not available): PHYSFS_writeULE64
00007FFB7AE9CDF7 (KERNEL32): (filename not available): BaseThreadInitThunk
00007FFB7C0BEE4C (ntdll): (filename not available): RtlUserThreadStart

[country.cpp:6507]: ILK had no default sub-unit defined for 'Infantry' Assigning Muslim Archer
Callstack:00007FF682084F93 (eu4): (filename not available): (function-name not available)
00007FF682087B01 (eu4): (filename not available): (function-name not available)
00007FF68251332A (eu4): (filename not available): (function-name not available)
00007FF682514424 (eu4): (filename not available): (function-name not available)
00007FF6825BAC4C (eu4): (filename not available): (function-name not available)
00007FF6825AB18A (eu4): (filename not available): (function-name not available)
00007FF682E7AEB2 (eu4): (filename not available): (function-name not available)
00007FF682E73C5A (eu4): (filename not available): (function-name not available)
00007FF683262818 (eu4): (filename not available): (function-name not available)
00007FF683262E18 (eu4): (filename not available): (function-name not available)
00007FF6826181B9 (eu4): (filename not available): (function-name not available)
00007FF68381889A (eu4): (filename not available): PHYSFS_writeULE64
00007FF6837D375A (eu4): (filename not available): PHYSFS_writeULE64
00007FFB7AE9CDF7 (KERNEL32): (filename not available): BaseThreadInitThunk
00007FFB7C0BEE4C (ntdll): (filename not available): RtlUserThreadStart

[country.cpp:6507]: KLM had no default sub-unit defined for 'Infantry' Assigning Eastern Archers
Callstack:00007FF682084F93 (eu4): (filename not available): (function-name not available)
00007FF682087B01 (eu4): (filename not available): (function-name not available)
00007FF68251332A (eu4): (filename not available): (function-name not available)
00007FF682514424 (eu4): (filename not available): (function-name not available)
00007FF6825BAC4C (eu4): (filename not available): (function-name not available)
00007FF6825AB18A (eu4): (filename not available): (function-name not available)
00007FF682E7AEB2 (eu4): (filename not available): (function-name not available)
00007FF682E73C5A (eu4): (filename not available): (function-name not available)
00007FF683262818 (eu4): (filename not available): (function-name not available)
00007FF683262E18 (eu4): (filename not available): (function-name not available)
00007FF6826181B9 (eu4): (filename not available): (function-name not available)
00007FF68381889A (eu4): (filename not available): PHYSFS_writeULE64
00007FF6837D375A (eu4): (filename not available): PHYSFS_writeULE64
00007FFB7AE9CDF7 (KERNEL32): (filename not available): BaseThreadInitThunk
00007FFB7C0BEE4C (ntdll): (filename not available): RtlUserThreadStart

[country.cpp:6507]: KLM had no default sub-unit defined for 'Cavalry' Assigning Eastern Steppe Cavalry
Callstack:00007FF682084F93 (eu4): (filename not available): (function-name not available)
00007FF682087B01 (eu4): (filename not available): (function-name not available)
00007FF68251332A (eu4): (filename not available): (function-name not available)
00007FF682514424 (eu4): (filename not available): (function-name not available)
00007FF6825BAC4C (eu4): (filename not available): (function-name not available)
00007FF6825AB18A (eu4): (filename not available): (function-name not available)
00007FF682E7AEB2 (eu4): (filename not available): (function-name not available)
00007FF682E73C5A (eu4): (filename not available): (function-name not available)
00007FF683262818 (eu4): (filename not available): (function-name not available)
00007FF683262E18 (eu4): (filename not available): (function-name not available)
00007FF6826181B9 (eu4): (filename not available): (function-name not available)
00007FF68381889A (eu4): (filename not available): PHYSFS_writeULE64
00007FF6837D375A (eu4): (filename not available): PHYSFS_writeULE64
00007FFB7AE9CDF7 (KERNEL32): (filename not available): BaseThreadInitThunk
00007FFB7C0BEE4C (ntdll): (filename not available): RtlUserThreadStart

[country.cpp:6507]: MGE had no default sub-unit defined for 'Infantry' Assigning Eastern Archers
Callstack:00007FF682084F93 (eu4): (filename not available): (function-name not available)
00007FF682087B01 (eu4): (filename not available): (function-name not available)
00007FF68251332A (eu4): (filename not available): (function-name not available)
00007FF682514424 (eu4): (filename not available): (function-name not available)
00007FF6825BAC4C (eu4): (filename not available): (function-name not available)
00007FF6825AB18A (eu4): (filename not available): (function-name not available)
00007FF682E7AEB2 (eu4): (filename not available): (function-name not available)
00007FF682E73C5A (eu4): (filename not available): (function-name not available)
00007FF683262818 (eu4): (filename not available): (function-name not available)
00007FF683262E18 (eu4): (filename not available): (function-name not available)
00007FF6826181B9 (eu4): (filename not available): (function-name not available)
00007FF68381889A (eu4): (filename not available): PHYSFS_writeULE64
00007FF6837D375A (eu4): (filename not available): PHYSFS_writeULE64
00007FFB7AE9CDF7 (KERNEL32): (filename not available): BaseThreadInitThunk
00007FFB7C0BEE4C (ntdll): (filename not available): RtlUserThreadStart

[country.cpp:6507]: MGE had no default sub-unit defined for 'Cavalry' Assigning Eastern Steppe Cavalry
Callstack:00007FF682084F93 (eu4): (filename not available): (function-name not available)
00007FF682087B01 (eu4): (filename not available): (function-name not available)
00007FF68251332A (eu4): (filename not available): (function-name not available)
00007FF682514424 (eu4): (filename not available): (function-name not available)
00007FF6825BAC4C (eu4): (filename not available): (function-name not available)
00007FF6825AB18A (eu4): (filename not available): (function-name not available)
00007FF682E7AEB2 (eu4): (filename not available): (function-name not available)
00007FF682E73C5A (eu4): (filename not available): (function-name not available)
00007FF683262818 (eu4): (filename not available): (function-name not available)
00007FF683262E18 (eu4): (filename not available): (function-name not available)
00007FF6826181B9 (eu4): (filename not available): (function-name not available)
00007FF68381889A (eu4): (filename not available): PHYSFS_writeULE64
00007FF6837D375A (eu4): (filename not available): PHYSFS_writeULE64
00007FFB7AE9CDF7 (KERNEL32): (filename not available): BaseThreadInitThunk
00007FFB7C0BEE4C (ntdll): (filename not available): RtlUserThreadStart

[country.cpp:6507]: NVK had no default sub-unit defined for 'Cavalry' Assigning East Asian Archer Cavalry
Callstack:00007FF682084F93 (eu4): (filename not available): (function-name not available)
00007FF682087B01 (eu4): (filename not available): (function-name not available)
00007FF68251332A (eu4): (filename not available): (function-name not available)
00007FF682514424 (eu4): (filename not available): (function-name not available)
00007FF6825BAC4C (eu4): (filename not available): (function-name not available)
00007FF6825AB18A (eu4): (filename not available): (function-name not available)
00007FF682E7AEB2 (eu4): (filename not available): (function-name not available)
00007FF682E73C5A (eu4): (filename not available): (function-name not available)
00007FF683262818 (eu4): (filename not available): (function-name not available)
00007FF683262E18 (eu4): (filename not available): (function-name not available)
00007FF6826181B9 (eu4): (filename not available): (function-name not available)
00007FF68381889A (eu4): (filename not available): PHYSFS_writeULE64
00007FF6837D375A (eu4): (filename not available): PHYSFS_writeULE64
00007FFB7AE9CDF7 (KERNEL32): (filename not available): BaseThreadInitThunk
00007FFB7C0BEE4C (ntdll): (filename not available): RtlUserThreadStart

[country.cpp:6507]: NVK had no default sub-unit defined for 'Infantry' Assigning East Asian Spearmen
Callstack:00007FF682084F93 (eu4): (filename not available): (function-name not available)
00007FF682087B01 (eu4): (filename not available): (function-name not available)
00007FF68251332A (eu4): (filename not available): (function-name not available)
00007FF682514424 (eu4): (filename not available): (function-name not available)
00007FF6825BAC4C (eu4): (filename not available): (function-name not available)
00007FF6825AB18A (eu4): (filename not available): (function-name not available)
00007FF682E7AEB2 (eu4): (filename not available): (function-name not available)
00007FF682E73C5A (eu4): (filename not available): (function-name not available)
00007FF683262818 (eu4): (filename not available): (function-name not available)
00007FF683262E18 (eu4): (filename not available): (function-name not available)
00007FF6826181B9 (eu4): (filename not available): (function-name not available)
00007FF68381889A (eu4): (filename not available): PHYSFS_writeULE64
00007FF6837D375A (eu4): (filename not available): PHYSFS_writeULE64
00007FFB7AE9CDF7 (KERNEL32): (filename not available): BaseThreadInitThunk
00007FFB7C0BEE4C (ntdll): (filename not available): RtlUserThreadStart

[country.cpp:6507]: SOL had no default sub-unit defined for 'Cavalry' Assigning East Asian Archer Cavalry
Callstack:00007FF682084F93 (eu4): (filename not available): (function-name not available)
00007FF682087B01 (eu4): (filename not available): (function-name not available)
00007FF68251332A (eu4): (filename not available): (function-name not available)
00007FF682514424 (eu4): (filename not available): (function-name not available)
00007FF6825BAC4C (eu4): (filename not available): (function-name not available)
00007FF6825AB18A (eu4): (filename not available): (function-name not available)
00007FF682E7AEB2 (eu4): (filename not available): (function-name not available)
00007FF682E73C5A (eu4): (filename not available): (function-name not available)
00007FF683262818 (eu4): (filename not available): (function-name not available)
00007FF683262E18 (eu4): (filename not available): (function-name not available)
00007FF6826181B9 (eu4): (filename not available): (function-name not available)
00007FF68381889A (eu4): (filename not available): PHYSFS_writeULE64
00007FF6837D375A (eu4): (filename not available): PHYSFS_writeULE64
00007FFB7AE9CDF7 (KERNEL32): (filename not available): BaseThreadInitThunk
00007FFB7C0BEE4C (ntdll): (filename not available): RtlUserThreadStart

[country.cpp:6507]: SOL had no default sub-unit defined for 'Infantry' Assigning East Asian Spearmen
Callstack:00007FF682084F93 (eu4): (filename not available): (function-name not available)
00007FF682087B01 (eu4): (filename not available): (function-name not available)
00007FF68251332A (eu4): (filename not available): (function-name not available)
00007FF682514424 (eu4): (filename not available): (function-name not available)
00007FF6825BAC4C (eu4): (filename not available): (function-name not available)
00007FF6825AB18A (eu4): (filename not available): (function-name not available)
00007FF682E7AEB2 (eu4): (filename not available): (function-name not available)
00007FF682E73C5A (eu4): (filename not available): (function-name not available)
00007FF683262818 (eu4): (filename not available): (function-name not available)
00007FF683262E18 (eu4): (filename not available): (function-name not available)
00007FF6826181B9 (eu4): (filename not available): (function-name not available)
00007FF68381889A (eu4): (filename not available): PHYSFS_writeULE64
00007FF6837D375A (eu4): (filename not available): PHYSFS_writeULE64
00007FFB7AE9CDF7 (KERNEL32): (filename not available): BaseThreadInitThunk
00007FFB7C0BEE4C (ntdll): (filename not available): RtlUserThreadStart

[country.cpp:6507]: EJZ had no default sub-unit defined for 'Infantry' Assigning Eastern Archers
Callstack:00007FF682084F93 (eu4): (filename not available): (function-name not available)
00007FF682087B01 (eu4): (filename not available): (function-name not available)
00007FF68251332A (eu4): (filename not available): (function-name not available)
00007FF682514424 (eu4): (filename not available): (function-name not available)
00007FF6825BAC4C (eu4): (filename not available): (function-name not available)
00007FF6825AB18A (eu4): (filename not available): (function-name not available)
00007FF682E7AEB2 (eu4): (filename not available): (function-name not available)
00007FF682E73C5A (eu4): (filename not available): (function-name not available)
00007FF683262818 (eu4): (filename not available): (function-name not available)
00007FF683262E18 (eu4): (filename not available): (function-name not available)
00007FF6826181B9 (eu4): (filename not available): (function-name not available)
00007FF68381889A (eu4): (filename not available): PHYSFS_writeULE64
00007FF6837D375A (eu4): (filename not available): PHYSFS_writeULE64
00007FFB7AE9CDF7 (KERNEL32): (filename not available): BaseThreadInitThunk
00007FFB7C0BEE4C (ntdll): (filename not available): RtlUserThreadStart

[country.cpp:6507]: EJZ had no default sub-unit defined for 'Cavalry' Assigning Eastern Steppe Cavalry
Callstack:00007FF682084F93 (eu4): (filename not available): (function-name not available)
00007FF682087B01 (eu4): (filename not available): (function-name not available)
00007FF68251332A (eu4): (filename not available): (function-name not available)
00007FF682514424 (eu4): (filename not available): (function-name not available)
00007FF6825BAC4C (eu4): (filename not available): (function-name not available)
00007FF6825AB18A (eu4): (filename not available): (function-name not available)
00007FF682E7AEB2 (eu4): (filename not available): (function-name not available)
00007FF682E73C5A (eu4): (filename not available): (function-name not available)
00007FF683262818 (eu4): (filename not available): (function-name not available)
00007FF683262E18 (eu4): (filename not available): (function-name not available)
00007FF6826181B9 (eu4): (filename not available): (function-name not available)
00007FF68381889A (eu4): (filename not available): PHYSFS_writeULE64
00007FF6837D375A (eu4): (filename not available): PHYSFS_writeULE64
00007FFB7AE9CDF7 (KERNEL32): (filename not available): BaseThreadInitThunk
00007FFB7C0BEE4C (ntdll): (filename not available): RtlUserThreadStart

[country.cpp:6507]: NHX had no default sub-unit defined for 'Infantry' Assigning Eastern Archers
Callstack:00007FF682084F93 (eu4): (filename not available): (function-name not available)
00007FF682087B01 (eu4): (filename not available): (function-name not available)
00007FF68251332A (eu4): (filename not available): (function-name not available)
00007FF682514424 (eu4): (filename not available): (function-name not available)
00007FF6825BAC4C (eu4): (filename not available): (function-name not available)
00007FF6825AB18A (eu4): (filename not available): (function-name not available)
00007FF682E7AEB2 (eu4): (filename not available): (function-name not available)
00007FF682E73C5A (eu4): (filename not available): (function-name not available)
00007FF683262818 (eu4): (filename not available): (function-name not available)
00007FF683262E18 (eu4): (filename not available): (function-name not available)
00007FF6826181B9 (eu4): (filename not available): (function-name not available)
00007FF68381889A (eu4): (filename not available): PHYSFS_writeULE64
00007FF6837D375A (eu4): (filename not available): PHYSFS_writeULE64
00007FFB7AE9CDF7 (KERNEL32): (filename not available): BaseThreadInitThunk
00007FFB7C0BEE4C (ntdll): (filename not available): RtlUserThreadStart

[country.cpp:6507]: NHX had no default sub-unit defined for 'Cavalry' Assigning Eastern Steppe Cavalry
Callstack:00007FF682084F93 (eu4): (filename not available): (function-name not available)
00007FF682087B01 (eu4): (filename not available): (function-name not available)
00007FF68251332A (eu4): (filename not available): (function-name not available)
00007FF682514424 (eu4): (filename not available): (function-name not available)
00007FF6825BAC4C (eu4): (filename not available): (function-name not available)
00007FF6825AB18A (eu4): (filename not available): (function-name not available)
00007FF682E7AEB2 (eu4): (filename not available): (function-name not available)
00007FF682E73C5A (eu4): (filename not available): (function-name not available)
00007FF683262818 (eu4): (filename not available): (function-name not available)
00007FF683262E18 (eu4): (filename not available): (function-name not available)
00007FF6826181B9 (eu4): (filename not available): (function-name not available)
00007FF68381889A (eu4): (filename not available): PHYSFS_writeULE64
00007FF6837D375A (eu4): (filename not available): PHYSFS_writeULE64
00007FFB7AE9CDF7 (KERNEL32): (filename not available): BaseThreadInitThunk
00007FFB7C0BEE4C (ntdll): (filename not available): RtlUserThreadStart

[country.cpp:6507]: MYR had no default sub-unit defined for 'Infantry' Assigning Eastern Archers
Callstack:00007FF682084F93 (eu4): (filename not available): (function-name not available)
00007FF682087B01 (eu4): (filename not available): (function-name not available)
00007FF68251332A (eu4): (filename not available): (function-name not available)
00007FF682514424 (eu4): (filename not available): (function-name not available)
00007FF6825BAC4C (eu4): (filename not available): (function-name not available)
00007FF6825AB18A (eu4): (filename not available): (function-name not available)
00007FF682E7AEB2 (eu4): (filename not available): (function-name not available)
00007FF682E73C5A (eu4): (filename not available): (function-name not available)
00007FF683262818 (eu4): (filename not available): (function-name not available)
00007FF683262E18 (eu4): (filename not available): (function-name not available)
00007FF6826181B9 (eu4): (filename not available): (function-name not available)
00007FF68381889A (eu4): (filename not available): PHYSFS_writeULE64
00007FF6837D375A (eu4): (filename not available): PHYSFS_writeULE64
00007FFB7AE9CDF7 (KERNEL32): (filename not available): BaseThreadInitThunk
00007FFB7C0BEE4C (ntdll): (filename not available): RtlUserThreadStart

[country.cpp:6507]: MYR had no default sub-unit defined for 'Cavalry' Assigning Eastern Steppe Cavalry
Callstack:00007FF682084F93 (eu4): (filename not available): (function-name not available)
00007FF682087B01 (eu4): (filename not available): (function-name not available)
00007FF68251332A (eu4): (filename not available): (function-name not available)
00007FF682514424 (eu4): (filename not available): (function-name not available)
00007FF6825BAC4C (eu4): (filename not available): (function-name not available)
00007FF6825AB18A (eu4): (filename not available): (function-name not available)
00007FF682E7AEB2 (eu4): (filename not available): (function-name not available)
00007FF682E73C5A (eu4): (filename not available): (function-name not available)
00007FF683262818 (eu4): (filename not available): (function-name not available)
00007FF683262E18 (eu4): (filename not available): (function-name not available)
00007FF6826181B9 (eu4): (filename not available): (function-name not available)
00007FF68381889A (eu4): (filename not available): PHYSFS_writeULE64
00007FF6837D375A (eu4): (filename not available): PHYSFS_writeULE64
00007FFB7AE9CDF7 (KERNEL32): (filename not available): BaseThreadInitThunk
00007FFB7C0BEE4C (ntdll): (filename not available): RtlUserThreadStart

[country.cpp:6507]: MHX had no default sub-unit defined for 'Infantry' Assigning Eastern Archers
Callstack:00007FF682084F93 (eu4): (filename not available): (function-name not available)
00007FF682087B01 (eu4): (filename not available): (function-name not available)
00007FF68251332A (eu4): (filename not available): (function-name not available)
00007FF682514424 (eu4): (filename not available): (function-name not available)
00007FF6825BAC4C (eu4): (filename not available): (function-name not available)
00007FF6825AB18A (eu4): (filename not available): (function-name not available)
00007FF682E7AEB2 (eu4): (filename not available): (function-name not available)
00007FF682E73C5A (eu4): (filename not available): (function-name not available)
00007FF683262818 (eu4): (filename not available): (function-name not available)
00007FF683262E18 (eu4): (filename not available): (function-name not available)
00007FF6826181B9 (eu4): (filename not available): (function-name not available)
00007FF68381889A (eu4): (filename not available): PHYSFS_writeULE64
00007FF6837D375A (eu4): (filename not available): PHYSFS_writeULE64
00007FFB7AE9CDF7 (KERNEL32): (filename not available): BaseThreadInitThunk
00007FFB7C0BEE4C (ntdll): (filename not available): RtlUserThreadStart

[country.cpp:6507]: MHX had no default sub-unit defined for 'Cavalry' Assigning Eastern Steppe Cavalry
Callstack:00007FF682084F93 (eu4): (filename not available): (function-name not available)
00007FF682087B01 (eu4): (filename not available): (function-name not available)
00007FF68251332A (eu4): (filename not available): (function-name not available)
00007FF682514424 (eu4): (filename not available): (function-name not available)
00007FF6825BAC4C (eu4): (filename not available): (function-name not available)
00007FF6825AB18A (eu4): (filename not available): (function-name not available)
00007FF682E7AEB2 (eu4): (filename not available): (function-name not available)
00007FF682E73C5A (eu4): (filename not available): (function-name not available)
00007FF683262818 (eu4): (filename not available): (function-name not available)
00007FF683262E18 (eu4): (filename not available): (function-name not available)
00007FF6826181B9 (eu4): (filename not available): (function-name not available)
00007FF68381889A (eu4): (filename not available): PHYSFS_writeULE64
00007FF6837D375A (eu4): (filename not available): PHYSFS_writeULE64
00007FFB7AE9CDF7 (KERNEL32): (filename not available): BaseThreadInitThunk
00007FFB7C0BEE4C (ntdll): (filename not available): RtlUserThreadStart

[country.cpp:6507]: MJZ had no default sub-unit defined for 'Infantry' Assigning Eastern Archers
Callstack:00007FF682084F93 (eu4): (filename not available): (function-name not available)
00007FF682087B01 (eu4): (filename not available): (function-name not available)
00007FF68251332A (eu4): (filename not available): (function-name not available)
00007FF682514424 (eu4): (filename not available): (function-name not available)
00007FF6825BAC4C (eu4): (filename not available): (function-name not available)
00007FF6825AB18A (eu4): (filename not available): (function-name not available)
00007FF682E7AEB2 (eu4): (filename not available): (function-name not available)
00007FF682E73C5A (eu4): (filename not available): (function-name not available)
00007FF683262818 (eu4): (filename not available): (function-name not available)
00007FF683262E18 (eu4): (filename not available): (function-name not available)
00007FF6826181B9 (eu4): (filename not available): (function-name not available)
00007FF68381889A (eu4): (filename not available): PHYSFS_writeULE64
00007FF6837D375A (eu4): (filename not available): PHYSFS_writeULE64
00007FFB7AE9CDF7 (KERNEL32): (filename not available): BaseThreadInitThunk
00007FFB7C0BEE4C (ntdll): (filename not available): RtlUserThreadStart

[country.cpp:6507]: MJZ had no default sub-unit defined for 'Cavalry' Assigning Eastern Steppe Cavalry
Callstack:00007FF682084F93 (eu4): (filename not available): (function-name not available)
00007FF682087B01 (eu4): (filename not available): (function-name not available)
00007FF68251332A (eu4): (filename not available): (function-name not available)
00007FF682514424 (eu4): (filename not available): (function-name not available)
00007FF6825BAC4C (eu4): (filename not available): (function-name not available)
00007FF6825AB18A (eu4): (filename not available): (function-name not available)
00007FF682E7AEB2 (eu4): (filename not available): (function-name not available)
00007FF682E73C5A (eu4): (filename not available): (function-name not available)
00007FF683262818 (eu4): (filename not available): (function-name not available)
00007FF683262E18 (eu4): (filename not available): (function-name not available)
00007FF6826181B9 (eu4): (filename not available): (function-name not available)
00007FF68381889A (eu4): (filename not available): PHYSFS_writeULE64
00007FF6837D375A (eu4): (filename not available): PHYSFS_writeULE64
00007FFB7AE9CDF7 (KERNEL32): (filename not available): BaseThreadInitThunk
00007FFB7C0BEE4C (ntdll): (filename not available): RtlUserThreadStart

[country.cpp:6507]: KRC had no default sub-unit defined for 'Infantry' Assigning Eastern Archers
Callstack:00007FF682084F93 (eu4): (filename not available): (function-name not available)
00007FF682087B01 (eu4): (filename not available): (function-name not available)
00007FF68251332A (eu4): (filename not available): (function-name not available)
00007FF682514424 (eu4): (filename not available): (function-name not available)
00007FF6825BAC4C (eu4): (filename not available): (function-name not available)
00007FF6825AB18A (eu4): (filename not available): (function-name not available)
00007FF682E7AEB2 (eu4): (filename not available): (function-name not available)
00007FF682E73C5A (eu4): (filename not available): (function-name not available)
00007FF683262818 (eu4): (filename not available): (function-name not available)
00007FF683262E18 (eu4): (filename not available): (function-name not available)
00007FF6826181B9 (eu4): (filename not available): (function-name not available)
00007FF68381889A (eu4): (filename not available): PHYSFS_writeULE64
00007FF6837D375A (eu4): (filename not available): PHYSFS_writeULE64
00007FFB7AE9CDF7 (KERNEL32): (filename not available): BaseThreadInitThunk
00007FFB7C0BEE4C (ntdll): (filename not available): RtlUserThreadStart

[country.cpp:6507]: KRC had no default sub-unit defined for 'Cavalry' Assigning Eastern Steppe Cavalry
Callstack:00007FF682084F93 (eu4): (filename not available): (function-name not available)
00007FF682087B01 (eu4): (filename not available): (function-name not available)
00007FF68251332A (eu4): (filename not available): (function-name not available)
00007FF682514424 (eu4): (filename not available): (function-name not available)
00007FF6825BAC4C (eu4): (filename not available): (function-name not available)
00007FF6825AB18A (eu4): (filename not available): (function-name not available)
00007FF682E7AEB2 (eu4): (filename not available): (function-name not available)
00007FF682E73C5A (eu4): (filename not available): (function-name not available)
00007FF683262818 (eu4): (filename not available): (function-name not available)
00007FF683262E18 (eu4): (filename not available): (function-name not available)
00007FF6826181B9 (eu4): (filename not available): (function-name not available)
00007FF68381889A (eu4): (filename not available): PHYSFS_writeULE64
00007FF6837D375A (eu4): (filename not available): PHYSFS_writeULE64
00007FFB7AE9CDF7 (KERNEL32): (filename not available): BaseThreadInitThunk
00007FFB7C0BEE4C (ntdll): (filename not available): RtlUserThreadStart

[country.cpp:6507]: KLK had no default sub-unit defined for 'Infantry' Assigning Eastern Archers
Callstack:00007FF682084F93 (eu4): (filename not available): (function-name not available)
00007FF682087B01 (eu4): (filename not available): (function-name not available)
00007FF68251332A (eu4): (filename not available): (function-name not available)
00007FF682514424 (eu4): (filename not available): (function-name not available)
00007FF6825BAC4C (eu4): (filename not available): (function-name not available)
00007FF6825AB18A (eu4): (filename not available): (function-name not available)
00007FF682E7AEB2 (eu4): (filename not available): (function-name not available)
00007FF682E73C5A (eu4): (filename not available): (function-name not available)
00007FF683262818 (eu4): (filename not available): (function-name not available)
00007FF683262E18 (eu4): (filename not available): (function-name not available)
00007FF6826181B9 (eu4): (filename not available): (function-name not available)
00007FF68381889A (eu4): (filename not available): PHYSFS_writeULE64
00007FF6837D375A (eu4): (filename not available): PHYSFS_writeULE64
00007FFB7AE9CDF7 (KERNEL32): (filename not available): BaseThreadInitThunk
00007FFB7C0BEE4C (ntdll): (filename not available): RtlUserThreadStart

[country.cpp:6507]: KLK had no default sub-unit defined for 'Cavalry' Assigning Eastern Steppe Cavalry
Callstack:00007FF682084F93 (eu4): (filename not available): (function-name not available)
00007FF682087B01 (eu4): (filename not available): (function-name not available)
00007FF68251332A (eu4): (filename not available): (function-name not available)
00007FF682514424 (eu4): (filename not available): (function-name not available)
00007FF6825BAC4C (eu4): (filename not available): (function-name not available)
00007FF6825AB18A (eu4): (filename not available): (function-name not available)
00007FF682E7AEB2 (eu4): (filename not available): (function-name not available)
00007FF682E73C5A (eu4): (filename not available): (function-name not available)
00007FF683262818 (eu4): (filename not available): (function-name not available)
00007FF683262E18 (eu4): (filename not available): (function-name not available)
00007FF6826181B9 (eu4): (filename not available): (function-name not available)
00007FF68381889A (eu4): (filename not available): PHYSFS_writeULE64
00007FF6837D375A (eu4): (filename not available): PHYSFS_writeULE64
00007FFB7AE9CDF7 (KERNEL32): (filename not available): BaseThreadInitThunk
00007FFB7C0BEE4C (ntdll): (filename not available): RtlUserThreadStart

[country.cpp:6507]: HMI had no default sub-unit defined for 'Infantry' Assigning Eastern Archers
Callstack:00007FF682084F93 (eu4): (filename not available): (function-name not available)
00007FF682087B01 (eu4): (filename not available): (function-name not available)
00007FF68251332A (eu4): (filename not available): (function-name not available)
00007FF682514424 (eu4): (filename not available): (function-name not available)
00007FF6825BAC4C (eu4): (filename not available): (function-name not available)
00007FF6825AB18A (eu4): (filename not available): (function-name not available)
00007FF682E7AEB2 (eu4): (filename not available): (function-name not available)
00007FF682E73C5A (eu4): (filename not available): (function-name not available)
00007FF683262818 (eu4): (filename not available): (function-name not available)
00007FF683262E18 (eu4): (filename not available): (function-name not available)
00007FF6826181B9 (eu4): (filename not available): (function-name not available)
00007FF68381889A (eu4): (filename not available): PHYSFS_writeULE64
00007FF6837D375A (eu4): (filename not available): PHYSFS_writeULE64
00007FFB7AE9CDF7 (KERNEL32): (filename not available): BaseThreadInitThunk
00007FFB7C0BEE4C (ntdll): (filename not available): RtlUserThreadStart

[country.cpp:6507]: HMI had no default sub-unit defined for 'Cavalry' Assigning Eastern Steppe Cavalry
Callstack:00007FF682084F93 (eu4): (filename not available): (function-name not available)
00007FF682087B01 (eu4): (filename not available): (function-name not available)
00007FF68251332A (eu4): (filename not available): (function-name not available)
00007FF682514424 (eu4): (filename not available): (function-name not available)
00007FF6825BAC4C (eu4): (filename not available): (function-name not available)
00007FF6825AB18A (eu4): (filename not available): (function-name not available)
00007FF682E7AEB2 (eu4): (filename not available): (function-name not available)
00007FF682E73C5A (eu4): (filename not available): (function-name not available)
00007FF683262818 (eu4): (filename not available): (function-name not available)
00007FF683262E18 (eu4): (filename not available): (function-name not available)
00007FF6826181B9 (eu4): (filename not available): (function-name not available)
00007FF68381889A (eu4): (filename not available): PHYSFS_writeULE64
00007FF6837D375A (eu4): (filename not available): PHYSFS_writeULE64
00007FFB7AE9CDF7 (KERNEL32): (filename not available): BaseThreadInitThunk
00007FFB7C0BEE4C (ntdll): (filename not available): RtlUserThreadStart

[country.cpp:6507]: ZUN had no default sub-unit defined for 'Infantry' Assigning Eastern Archers
Callstack:00007FF682084F93 (eu4): (filename not available): (function-name not available)
00007FF682087B01 (eu4): (filename not available): (function-name not available)
00007FF68251332A (eu4): (filename not available): (function-name not available)
00007FF682514424 (eu4): (filename not available): (function-name not available)
00007FF6825BAC4C (eu4): (filename not available): (function-name not available)
00007FF6825AB18A (eu4): (filename not available): (function-name not available)
00007FF682E7AEB2 (eu4): (filename not available): (function-name not available)
00007FF682E73C5A (eu4): (filename not available): (function-name not available)
00007FF683262818 (eu4): (filename not available): (function-name not available)
00007FF683262E18 (eu4): (filename not available): (function-name not available)
00007FF6826181B9 (eu4): (filename not available): (function-name not available)
00007FF68381889A (eu4): (filename not available): PHYSFS_writeULE64
00007FF6837D375A (eu4): (filename not available): PHYSFS_writeULE64
00007FFB7AE9CDF7 (KERNEL32): (filename not available): BaseThreadInitThunk
00007FFB7C0BEE4C (ntdll): (filename not available): RtlUserThreadStart

[country.cpp:6507]: ZUN had no default sub-unit defined for 'Cavalry' Assigning Eastern Steppe Cavalry
Callstack:00007FF682084F93 (eu4): (filename not available): (function-name not available)
00007FF682087B01 (eu4): (filename not available): (function-name not available)
00007FF68251332A (eu4): (filename not available): (function-name not available)
00007FF682514424 (eu4): (filename not available): (function-name not available)
00007FF6825BAC4C (eu4): (filename not available): (function-name not available)
00007FF6825AB18A (eu4): (filename not available): (function-name not available)
00007FF682E7AEB2 (eu4): (filename not available): (function-name not available)
00007FF682E73C5A (eu4): (filename not available): (function-name not available)
00007FF683262818 (eu4): (filename not available): (function-name not available)
00007FF683262E18 (eu4): (filename not available): (function-name not available)
00007FF6826181B9 (eu4): (filename not available): (function-name not available)
00007FF68381889A (eu4): (filename not available): PHYSFS_writeULE64
00007FF6837D375A (eu4): (filename not available): PHYSFS_writeULE64
00007FFB7AE9CDF7 (KERNEL32): (filename not available): BaseThreadInitThunk
00007FFB7C0BEE4C (ntdll): (filename not available): RtlUserThreadStart

[country.cpp:6507]: CHH had no default sub-unit defined for 'Infantry' Assigning Eastern Archers
Callstack:00007FF682084F93 (eu4): (filename not available): (function-name not available)
00007FF682087B01 (eu4): (filename not available): (function-name not available)
00007FF68251332A (eu4): (filename not available): (function-name not available)
00007FF682514424 (eu4): (filename not available): (function-name not available)
00007FF6825BAC4C (eu4): (filename not available): (function-name not available)
00007FF6825AB18A (eu4): (filename not available): (function-name not available)
00007FF682E7AEB2 (eu4): (filename not available): (function-name not available)
00007FF682E73C5A (eu4): (filename not available): (function-name not available)
00007FF683262818 (eu4): (filename not available): (function-name not available)
00007FF683262E18 (eu4): (filename not available): (function-name not available)
00007FF6826181B9 (eu4): (filename not available): (function-name not available)
00007FF68381889A (eu4): (filename not available): PHYSFS_writeULE64
00007FF6837D375A (eu4): (filename not available): PHYSFS_writeULE64
00007FFB7AE9CDF7 (KERNEL32): (filename not available): BaseThreadInitThunk
00007FFB7C0BEE4C (ntdll): (filename not available): RtlUserThreadStart

[country.cpp:6507]: CHH had no default sub-unit defined for 'Cavalry' Assigning Eastern Steppe Cavalry
Callstack:00007FF682084F93 (eu4): (filename not available): (function-name not available)
00007FF682087B01 (eu4): (filename not available): (function-name not available)
00007FF68251332A (eu4): (filename not available): (function-name not available)
00007FF682514424 (eu4): (filename not available): (function-name not available)
00007FF6825BAC4C (eu4): (filename not available): (function-name not available)
00007FF6825AB18A (eu4): (filename not available): (function-name not available)
00007FF682E7AEB2 (eu4): (filename not available): (function-name not available)
00007FF682E73C5A (eu4): (filename not available): (function-name not available)
00007FF683262818 (eu4): (filename not available): (function-name not available)
00007FF683262E18 (eu4): (filename not available): (function-name not available)
00007FF6826181B9 (eu4): (filename not available): (function-name not available)
00007FF68381889A (eu4): (filename not available): PHYSFS_writeULE64
00007FF6837D375A (eu4): (filename not available): PHYSFS_writeULE64
00007FFB7AE9CDF7 (KERNEL32): (filename not available): BaseThreadInitThunk
00007FFB7C0BEE4C (ntdll): (filename not available): RtlUserThreadStart

[country.cpp:6507]: KSD had no default sub-unit defined for 'Infantry' Assigning Eastern Archers
Callstack:00007FF682084F93 (eu4): (filename not available): (function-name not available)
00007FF682087B01 (eu4): (filename not available): (function-name not available)
00007FF68251332A (eu4): (filename not available): (function-name not available)
00007FF682514424 (eu4): (filename not available): (function-name not available)
00007FF6825BAC4C (eu4): (filename not available): (function-name not available)
00007FF6825AB18A (eu4): (filename not available): (function-name not available)
00007FF682E7AEB2 (eu4): (filename not available): (function-name not available)
00007FF682E73C5A (eu4): (filename not available): (function-name not available)
00007FF683262818 (eu4): (filename not available): (function-name not available)
00007FF683262E18 (eu4): (filename not available): (function-name not available)
00007FF6826181B9 (eu4): (filename not available): (function-name not available)
00007FF68381889A (eu4): (filename not available): PHYSFS_writeULE64
00007FF6837D375A (eu4): (filename not available): PHYSFS_writeULE64
00007FFB7AE9CDF7 (KERNEL32): (filename not available): BaseThreadInitThunk
00007FFB7C0BEE4C (ntdll): (filename not available): RtlUserThreadStart

[country.cpp:6507]: KSD had no default sub-unit defined for 'Cavalry' Assigning Eastern Steppe Cavalry
Callstack:00007FF682084F93 (eu4): (filename not available): (function-name not available)
00007FF682087B01 (eu4): (filename not available): (function-name not available)
00007FF68251332A (eu4): (filename not available): (function-name not available)
00007FF682514424 (eu4): (filename not available): (function-name not available)
00007FF6825BAC4C (eu4): (filename not available): (function-name not available)
00007FF6825AB18A (eu4): (filename not available): (function-name not available)
00007FF682E7AEB2 (eu4): (filename not available): (function-name not available)
00007FF682E73C5A (eu4): (filename not available): (function-name not available)
00007FF683262818 (eu4): (filename not available): (function-name not available)
00007FF683262E18 (eu4): (filename not available): (function-name not available)
00007FF6826181B9 (eu4): (filename not available): (function-name not available)
00007FF68381889A (eu4): (filename not available): PHYSFS_writeULE64
00007FF6837D375A (eu4): (filename not available): PHYSFS_writeULE64
00007FFB7AE9CDF7 (KERNEL32): (filename not available): BaseThreadInitThunk
00007FFB7C0BEE4C (ntdll): (filename not available): RtlUserThreadStart

[country.cpp:6507]: SYG had no default sub-unit defined for 'Infantry' Assigning Eastern Archers
Callstack:00007FF682084F93 (eu4): (filename not available): (function-name not available)
00007FF682087B01 (eu4): (filename not available): (function-name not available)
00007FF68251332A (eu4): (filename not available): (function-name not available)
00007FF682514424 (eu4): (filename not available): (function-name not available)
00007FF6825BAC4C (eu4): (filename not available): (function-name not available)
00007FF6825AB18A (eu4): (filename not available): (function-name not available)
00007FF682E7AEB2 (eu4): (filename not available): (function-name not available)
00007FF682E73C5A (eu4): (filename not available): (function-name not available)
00007FF683262818 (eu4): (filename not available): (function-name not available)
00007FF683262E18 (eu4): (filename not available): (function-name not available)
00007FF6826181B9 (eu4): (filename not available): (function-name not available)
00007FF68381889A (eu4): (filename not available): PHYSFS_writeULE64
00007FF6837D375A (eu4): (filename not available): PHYSFS_writeULE64
00007FFB7AE9CDF7 (KERNEL32): (filename not available): BaseThreadInitThunk
00007FFB7C0BEE4C (ntdll): (filename not available): RtlUserThreadStart

[country.cpp:6507]: SYG had no default sub-unit defined for 'Cavalry' Assigning Eastern Steppe Cavalry
Callstack:00007FF682084F93 (eu4): (filename not available): (function-name not available)
00007FF682087B01 (eu4): (filename not available): (function-name not available)
00007FF68251332A (eu4): (filename not available): (function-name not available)
00007FF682514424 (eu4): (filename not available): (function-name not available)
00007FF6825BAC4C (eu4): (filename not available): (function-name not available)
00007FF6825AB18A (eu4): (filename not available): (function-name not available)
00007FF682E7AEB2 (eu4): (filename not available): (function-name not available)
00007FF682E73C5A (eu4): (filename not available): (function-name not available)
00007FF683262818 (eu4): (filename not available): (function-name not available)
00007FF683262E18 (eu4): (filename not available): (function-name not available)
00007FF6826181B9 (eu4): (filename not available): (function-name not available)
00007FF68381889A (eu4): (filename not available): PHYSFS_writeULE64
00007FF6837D375A (eu4): (filename not available): PHYSFS_writeULE64
00007FFB7AE9CDF7 (KERNEL32): (filename not available): BaseThreadInitThunk
00007FFB7C0BEE4C (ntdll): (filename not available): RtlUserThreadStart

[country.cpp:6507]: ROM had no default sub-unit defined for 'Infantry' Assigning Latin Medieval Infantry
Callstack:00007FF682084F93 (eu4): (filename not available): (function-name not available)
00007FF682087B01 (eu4): (filename not available): (function-name not available)
00007FF68251332A (eu4): (filename not available): (function-name not available)
00007FF682514424 (eu4): (filename not available): (function-name not available)
00007FF6825BAC4C (eu4): (filename not available): (function-name not available)
00007FF6825AB18A (eu4): (filename not available): (function-name not available)
00007FF682E7AEB2 (eu4): (filename not available): (function-name not available)
00007FF682E73C5A (eu4): (filename not available): (function-name not available)
00007FF683262818 (eu4): (filename not available): (function-name not available)
00007FF683262E18 (eu4): (filename not available): (function-name not available)
00007FF6826181B9 (eu4): (filename not available): (function-name not available)
00007FF68381889A (eu4): (filename not available): PHYSFS_writeULE64
00007FF6837D375A (eu4): (filename not available): PHYSFS_writeULE64
00007FFB7AE9CDF7 (KERNEL32): (filename not available): BaseThreadInitThunk
00007FFB7C0BEE4C (ntdll): (filename not available): RtlUserThreadStart

[country.cpp:6507]: ROM had no default sub-unit defined for 'Cavalry' Assigning Latin Knights
Callstack:00007FF682084F93 (eu4): (filename not available): (function-name not available)
00007FF682087B01 (eu4): (filename not available): (function-name not available)
00007FF68251332A (eu4): (filename not available): (function-name not available)
00007FF682514424 (eu4): (filename not available): (function-name not available)
00007FF6825BAC4C (eu4): (filename not available): (function-name not available)
00007FF6825AB18A (eu4): (filename not available): (function-name not available)
00007FF682E7AEB2 (eu4): (filename not available): (function-name not available)
00007FF682E73C5A (eu4): (filename not available): (function-name not available)
00007FF683262818 (eu4): (filename not available): (function-name not available)
00007FF683262E18 (eu4): (filename not available): (function-name not available)
00007FF6826181B9 (eu4): (filename not available): (function-name not available)
00007FF68381889A (eu4): (filename not available): PHYSFS_writeULE64
00007FF6837D375A (eu4): (filename not available): PHYSFS_writeULE64
00007FFB7AE9CDF7 (KERNEL32): (filename not available): BaseThreadInitThunk
00007FFB7C0BEE4C (ntdll): (filename not available): RtlUserThreadStart

[gamestate.cpp:6277]: 1444.11.11 Synthetics has no primary culture specified.
[gamestate.cpp:6286]: 1444.11.11 Synthetics has no religion specified.
[gamestate.cpp:6277]: 1444.11.11 Ruthenian Tsardom has no primary culture specified.
[gamestate.cpp:6280]: 1444.11.11 Ruthenian Tsardom has no government type specified.
[gamestate.cpp:6283]: 1444.11.11 Ruthenian Tsardom has no technology group specified.
[gamestate.cpp:6286]: 1444.11.11 Ruthenian Tsardom has no religion specified.
