   92%  [##################..]  EU4_MOD_AUDITOR_SKILL_IMPORT.uk.md  (24/26)
   92%  [##################..]  GAME_DESIGN_DOCUMENT.uk.md  (340/366)
   94%  [##################..]  core_ruthenia_visual_audit.md  (32/34)
   94%  [##################..]  PROVINCE_NAMES.md  (93/98)
   94%  [##################..]  BALANCE_PLAYTEST_REPORT.md  (127/135)
   95%  [###################.]  MAP_REWORK_SUGGESTIONS.md  (433/452)
   96%  [###################.]  RUSSIAN_ORTHODOX_README.md  (205/212)
   97%  [###################.]  STYLE_GLOSSARY.md  (131/134)
   97%  [###################.]  VOLHYNIA_AUSTRIAN_POLISH_PATHS.md  (281/288)
   97%  [###################.]  GOVERNMENT_REFORMS_MAP.uk.md  (294/301)
   98%  [###################.]  OLD_MOD_INTEGRATION.md  (123/125)
   98%  [###################.]  STEPPE_RAIDING_SYSTEM.md  (194/196)
   98%  [###################.]  RUSSIAN_ORTHODOX_QUICKREF.md  (221/224)
   98%  [###################.]  GOVERNMENT_REDESIGN_PROPOSAL.uk.md  (330/335)
   99%  [###################.]  HANDOFF.md  (190/191)
   99%  [###################.]  RELIGION_REDESIGN_PROPOSAL.uk.md  (215/217)
   99%  [###################.]  CULTURE_REDESIGN_PROPOSAL.uk.md  (220/221)
   99%  [###################.]  KYIV_DNIEPER_HISTORICAL_PROCESSES.md  (259/260)
   99%  [###################.]  WEST_UKRAINE_HISTORY.md  (481/485)
  100%  [####################]  core_ruthenia_visual_prompts.md  (3/3)
  100%  [####################]  README.md  (8/8)
  100%  [####################]  CHURCH_LOAD_CRASH_20260912.uk.md  (29/29)
  100%  [####################]  RUTHENIANEW_EXTRACTION_AUDIT.md  (30/30)
  100%  [####################]  CANONICAL_ROOT_MIGRATION.md  (42/42)
  100%  [####################]  EVENT_CHAINS_AUDIT_2026-02-28.md  (50/50)
  100%  [####################]  README.md  (52/52)
  100%  [####################]  RELIGION_SETTLEMENT_VERIFICATION.uk.md  (57/57)
  100%  [####################]  AUTHENTICITY_IMPLEMENTATION_137.uk.md  (59/59)
  100%  [####################]  NOVGOROD_ZALESYE_MANSUR_JAGOLDAI_SYSTEM.md  (59/59)
  100%  [####################]  PROVINCE_NAMES_NORMALIZATION_NOTES.md  (66/66)
  100%  [####################]  VOL_PATHS_QUICKREF.md  (66/66)
  100%  [####################]  GREEK_CATHOLIC_CURIA_BALANCE.uk.md  (74/74)
  100%  [####################]  WORKSHOP_LISTING.md  (78/78)
  100%  [####################]  ZAPORIZHIA_PATHS.md  (81/81)
  100%  [####################]  CHURCH_BALANCE_PROTOCOL.uk.md  (87/87)
  100%  [####################]  RUSSIAN_ORTHODOX_BLESSING_WINDOW.uk.md  (93/93)
  100%  [####################]  README.md  (95/95)
  100%  [####################]  RELIGION_CONTENT_REVIEW_20260907.uk.md  (103/103)
  100%  [####################]  CHERNIHIV_HISTORICAL_PROCESSES.md  (122/122)
  100%  [####################]  GREEK_CATHOLIC_WINDOW_GUIDE.uk.md  (130/130)
  100%  [####################]  CHERNIHIV_PATHS.md  (131/131)
  100%  [####################]  CULTURAL_AUTHENTICITY_130.uk.md  (139/139)
  100%  [####################]  LITHUANIA_GRAND_DUCHY.md  (144/144)
  100%  [####################]  CHURCH_REDESIGN_VERIFICATION.uk.md  (146/146)
  100%  [####################]  SLOBOZHANSHCHYNA_HISTORICAL_PROCESSES.md  (188/188)
  100%  [####################]  FAITH_MECHANICS_REWORK.md  (197/197)
  100%  [####################]  ORTHODOX_CRUSADE_SYSTEM.md  (203/203)
  100%  [####################]  RELIGION_SETTLEMENT_20260911.uk.md  (203/203)
  100%  [####################]  RELIGION_MECHANICS_ATLAS.uk.md  (235/235)
  100%  [####################]  CHURCH_REDESIGN_20260911.uk.md  (254/254)
  100%  [####################]  GOVERNMENT_AUTHENTICITY_105.uk.md  (269/269)
  100%  [####################]  BORDER_PRINCIPALITIES_SYSTEM.md  (351/351)
  100%  [####################]  RUSSIAN_ORTHODOX_IMPLEMENTATION.md  (385/385)

  Разом: 8422/8529 перекладних рядків українською (98%)
