WARN  events/KIEmission.txt:3: M_UKR_Events.1 is is_triggered_only but nothing fires it
WARN  events/VOLmission.txt:3: M_VOL_Events.1 is is_triggered_only but nothing fires it
WARN  events/RIP.txt:769: bs_flavor.1 is is_triggered_only but nothing fires it
WARN  events/Chernihiv.txt:3: chr_flavor.1 is is_triggered_only but nothing fires it
WARN  events/Chernihiv.txt:530: chr_flavor.2 is is_triggered_only but nothing fires it
WARN  events/Chernihiv.txt:566: chr_flavor.3 is is_triggered_only but nothing fires it
WARN  events/RIP.txt:439: harass_tatar.1 is is_triggered_only but nothing fires it
WARN  events/HetmanateCossackRaids.txt:313: het_cossack_raids.7 is is_triggered_only but nothing fires it
WARN  events/RIP.txt:569: kyiv_independence.1 is is_triggered_only but nothing fires it
WARN  events/RIP.txt:621: kyiv_independence.2 is is_triggered_only but nothing fires it
WARN  events/OrthodoxCrusade.txt:155: orthodox_crusade.13 is is_triggered_only but nothing fires it
WARN  events/OrthodoxCrusade.txt:188: orthodox_crusade.16 is is_triggered_only but nothing fires it
WARN  events/OrthodoxCrusade.txt:198: orthodox_crusade.17 is is_triggered_only but nothing fires it
WARN  events/OrthodoxCrusade.txt:206: orthodox_crusade.18 is is_triggered_only but nothing fires it
WARN  events/OrthodoxCrusade.txt:37: orthodox_crusade.3 is is_triggered_only but nothing fires it
WARN  events/OrthodoxCrusade.txt:70: orthodox_crusade.6 is is_triggered_only but nothing fires it
WARN  events/OrthodoxCrusade.txt:80: orthodox_crusade.7 is is_triggered_only but nothing fires it
WARN  events/OrthodoxCrusade.txt:88: orthodox_crusade.8 is is_triggered_only but nothing fires it
WARN  events/Podillia_Events.txt:340: podillia_events.11 is is_triggered_only but nothing fires it
WARN  events/PolesianBelarus.txt:416: polesian_belarus.20 is is_triggered_only but nothing fires it
WARN  events/RIP.txt:532: princes_revolt.3 is is_triggered_only but nothing fires it
WARN  events/RIP_FaithCanons.txt:121: rip_faith.3 is is_triggered_only but nothing fires it
WARN  events/RIP_OrthodoxAuthority.txt:3: rip_ro_authority.1 is is_triggered_only but nothing fires it
WARN  events/Volhynia_Alt_History.txt:91: rip_vol_alt_history.5 is is_triggered_only but nothing fires it
WARN  events/Volhynia_Alt_History.txt:111: rip_vol_alt_history.6 is is_triggered_only but nothing fires it
WARN  events/Volhynia_Alt_History.txt:138: rip_vol_alt_history.7 is is_triggered_only but nothing fires it
WARN  events/Volhynia_Alt_History.txt:157: rip_vol_alt_history.8 is is_triggered_only but nothing fires it
WARN  events/RIP.txt:670: ruth_instituties.1 is is_triggered_only but nothing fires it
WARN  events/RIP.txt:719: ruth_instituties.2 is is_triggered_only but nothing fires it
WARN  events/svydrigaylo_independence.txt:11: svydrigaylo.001 is is_triggered_only but nothing fires it
WARN  events/RIP.txt:45: ukr_flavor.2 is is_triggered_only but nothing fires it
WARN  events/RIP.txt:142: ukr_flavor.3 is is_triggered_only but nothing fires it
WARN  events/Uzh.txt:12: uzh.1 is is_triggered_only but nothing fires it
WARN  events/Uzh.txt:381: uzh.10 is is_triggered_only but nothing fires it
WARN  events/Uzh.txt:339: uzh.9 is is_triggered_only but nothing fires it
WARN  events/CossackRevolts.txt:908: zaz.17 is is_triggered_only but nothing fires it
WARN  events/ZAZmission.txt:3: zaz_flavor_m_1.1 is is_triggered_only but nothing fires it
WARN  events/ZAZmission.txt:489: zaz_flavor_m_5.2 is is_triggered_only but nothing fires it
WARN  events/CossackRevolts.txt: event zaz.1001 references missing localisation key 'zaz_1001_title' (hidden event - never displayed)
WARN  events/CossackRevolts.txt: event zaz.1001 references missing localisation key 'zaz_1001_desc' (hidden event - never displayed)
WARN  events/CossackRevolts.txt: event zaz.1001 references missing localisation key 'zaz_1001_a' (hidden event - never displayed)
WARN  events/CossackRevolts.txt: event zaz.1002 references missing localisation key 'zaz_1002_title' (hidden event - never displayed)
WARN  events/CossackRevolts.txt: event zaz.1002 references missing localisation key 'zaz_1002_desc' (hidden event - never displayed)
WARN  events/CossackRevolts.txt: event zaz.1002 references missing localisation key 'zaz_1002_a' (hidden event - never displayed)
WARN  events/CossackRevolts.txt: event zaz.1003 references missing localisation key 'zaz_1003_title' (hidden event - never displayed)
WARN  events/CossackRevolts.txt: event zaz.1003 references missing localisation key 'zaz_1003_desc' (hidden event - never displayed)
WARN  events/CossackRevolts.txt: event zaz.1003 references missing localisation key 'zaz_1003_a' (hidden event - never displayed)
WARN  events/CossackRevolts.txt: event zaz.1004 references missing localisation key 'zaz_1004_title' (hidden event - never displayed)
WARN  events/CossackRevolts.txt: event zaz.1004 references missing localisation key 'zaz_1004_desc' (hidden event - never displayed)
WARN  events/CossackRevolts.txt: event zaz.1004 references missing localisation key 'zaz_1004_a' (hidden event - never displayed)
WARN  events/CossackRevolts.txt: event zaz.1005 references missing localisation key 'zaz_1005_title' (hidden event - never displayed)
WARN  events/CossackRevolts.txt: event zaz.1005 references missing localisation key 'zaz_1005_desc' (hidden event - never displayed)
WARN  events/CossackRevolts.txt: event zaz.1005 references missing localisation key 'zaz_1005_a' (hidden event - never displayed)
WARN  common/event_modifiers/RIP_KIE_modifiers.txt: modifier 'KIE_Subdued_by_ruthenians' is defined but never used
WARN  common/event_modifiers/RIP_KIE_modifiers.txt: modifier 'KIE_army_renovation' is defined but never used
WARN  common/event_modifiers/RIP_KIE_modifiers.txt: modifier 'KIE_dominance_of_crimea' is defined but never used
WARN  common/event_modifiers/RIP_KIE_modifiers.txt: modifier 'KIE_elite_army' is defined but never used
WARN  common/event_modifiers/RIP_KIE_modifiers.txt: modifier 'KIE_glory' is defined but never used
WARN  common/event_modifiers/RIP_KIE_modifiers.txt: modifier 'KIE_public_relief' is defined but never used
WARN  common/event_modifiers/RIP_KIE_modifiers.txt: modifier 'KIE_triumphant_military' is defined but never used
WARN  common/event_modifiers/RIP_KIE_modifiers.txt: modifier 'KIE_tull_privileges' is defined but never used
WARN  common/event_modifiers/RIP_KIE_modifiers.txt: modifier 'KIE_unification_of_principalities' is defined but never used
WARN  common/event_modifiers/RIP_CHR_modifiers.txt: modifier 'chr_crimean_convoy_charters_mod' is defined but never used
WARN  common/event_modifiers/RIP_CHR_modifiers.txt: modifier 'chr_crimean_convoy_network_mod' is defined but never used
WARN  common/event_modifiers/RIP_CHR_modifiers.txt: modifier 'chr_dominate_home_trade_reward' is defined but never used
WARN  common/event_modifiers/RIP_CHR_modifiers.txt: modifier 'chr_muscovy_auxiliary_corps_mod' is defined but never used
WARN  common/event_modifiers/RIP_CHR_modifiers.txt: modifier 'chr_muscovy_border_patrols_mod' is defined but never used
WARN  common/event_modifiers/RIP_CHR_modifiers.txt: modifier 'chr_polish_diet_network_mod' is defined but never used
WARN  common/event_modifiers/RIP_CHR_modifiers.txt: modifier 'chr_polish_guardian_covenant_mod' is defined but never used
WARN  common/event_modifiers/RIP_CHR_modifiers.txt: modifier 'chr_ruthenian_civil_registers' is defined but never used
WARN  common/event_modifiers/RIP_CHR_modifiers.txt: modifier 'chr_ruthenian_registers_commissions' is defined but never used
WARN  common/event_modifiers/RIP_CHR_modifiers.txt: modifier 'chr_ruthenian_registers_ledgers' is defined but never used
WARN  common/event_modifiers/raid_mechanics_modifiers.txt: modifier 'coastal_raid' is defined but never used
WARN  common/event_modifiers/uniate_church_modifiers.txt: modifier 'commonwealth_church_protection' is defined but never used
WARN  common/event_modifiers/raid_mechanics_modifiers.txt: modifier 'cossack_raid_culture' is defined but never used
WARN  common/event_modifiers/russian_orthodox_modifiers.txt: modifier 'crusade_religious_fervor' is defined but never used
WARN  common/event_modifiers/raid_mechanics_modifiers.txt: modifier 'deep_penetration_raid' is defined but never used
WARN  common/event_modifiers/RIP_DNIESTER_modifiers.txt: modifier 'dniester_kilia_trade' is defined but never used
WARN  common/event_modifiers/RIP_DNIESTER_modifiers.txt: modifier 'dniester_ottoman_control' is defined but never used
WARN  common/event_modifiers/zaz_fixes_modifiers.txt: modifier 'emergency_border_mobilization' is defined but never used
WARN  common/event_modifiers/raid_mechanics_modifiers.txt: modifier 'exhausted_raiders' is defined but never used
WARN  common/event_modifiers/russian_orthodox_modifiers.txt: modifier 'fortified_against_crusade' is defined but never used
WARN  common/event_modifiers/raid_mechanics_modifiers.txt: modifier 'fortified_settlements' is defined but never used
WARN  common/event_modifiers/RIP_VOL_modifiers.txt: modifier 'fortress_modifier' is defined but never used
WARN  common/event_modifiers/rip_galicia_modifiers.txt: modifier 'galician_sejm_assembly' is defined but never used
WARN  common/event_modifiers/zaz_fixes_modifiers.txt: modifier 'general_rada_recent_cd' is defined but never used
WARN  common/event_modifiers/RIP_HET_modifiers.txt: modifier 'het_academy_network' is defined but never used
WARN  common/event_modifiers/RIP_HET_modifiers.txt: modifier 'het_autonomy_threatened' is defined but never used
WARN  common/event_modifiers/RIP_HET_modifiers.txt: modifier 'het_last_struggle' is defined but never used
WARN  common/event_modifiers/RIP_HET_modifiers.txt: modifier 'het_poltava_defeat' is defined but never used
WARN  common/event_modifiers/RIP_HET_modifiers.txt: modifier 'het_poltava_victory' is defined but never used
WARN  common/event_modifiers/RIP_HET_modifiers.txt: modifier 'het_registered_cossacks_integrated' is defined but never used
WARN  common/event_modifiers/RIP_HET_modifiers.txt: modifier 'het_swedish_gambit' is defined but never used
WARN  common/event_modifiers/RIP_HET_modifiers.txt: modifier 'hetman_administrative_background' is defined but never used
WARN  common/event_modifiers/RIP_HET_modifiers.txt: modifier 'hetman_diplomatic_background' is defined but never used
WARN  common/event_modifiers/RIP_HET_modifiers.txt: modifier 'hetman_military_background' is defined but never used
WARN  common/event_modifiers/RIP_HET_modifiers.txt: modifier 'hetman_strong_mandate' is defined but never used
WARN  common/event_modifiers/RIP_HET_modifiers.txt: modifier 'hetman_weak_mandate' is defined but never used
WARN  common/event_modifiers/RIP_KRU_modifiers.txt: modifier 'khmelnytsky_ferment' is defined but never used
WARN  common/event_modifiers/RIP_KRU_modifiers.txt: modifier 'khmelnytsky_negotiations' is defined but never used
WARN  common/event_modifiers/raid_mechanics_modifiers.txt: modifier 'lightning_raid' is defined but never used
WARN  common/event_modifiers/raid_mechanics_modifiers.txt: modifier 'moderate_raid_failure' is defined but never used
WARN  common/event_modifiers/russian_orthodox_modifiers.txt: modifier 'orthodox_cathedral_province' is defined but never used
WARN  common/event_modifiers/RIP_ZAZ_modifiers.txt: modifier 'orthodox_defender_war' is defined but never used
WARN  common/event_modifiers/RIP_ZAZ_modifiers.txt: modifier 'ottoman_protected_sich' is defined but never used
WARN  common/event_modifiers/podillia_modifiers.txt: modifier 'pdl_greater_ruthenia' is defined but never used
WARN  common/event_modifiers/podillia_modifiers.txt: modifier 'pdl_jewish_emancipation_modifier' is defined but never used
WARN  common/event_modifiers/podillia_modifiers.txt: modifier 'pdl_ottoman_menace_modifier' is defined but never used
WARN  common/event_modifiers/podillia_modifiers.txt: modifier 'pdl_ottoman_mobilization' is defined but never used
WARN  common/event_modifiers/raid_mechanics_modifiers.txt: modifier 'polesian_marsh_warfare' is defined but never used
WARN  common/event_modifiers/raid_mechanics_modifiers.txt: modifier 'polesian_river_raids' is defined but never used
WARN  common/event_modifiers/uniate_church_modifiers.txt: modifier 'polish_nobility_union_support' is defined but never used
WARN  common/event_modifiers/raid_mechanics_modifiers.txt: modifier 'protected_from_raids' is defined but never used
WARN  common/event_modifiers/raid_mechanics_modifiers.txt: modifier 'raid_flotilla_preparation' is defined but never used
WARN  common/event_modifiers/raid_mechanics_modifiers.txt: modifier 'raid_preparation_period' is defined but never used
WARN  common/event_modifiers/raid_mechanics_modifiers.txt: modifier 'raid_supply_stockpiling' is defined but never used
WARN  common/event_modifiers/raid_mechanics_modifiers.txt: modifier 'raid_suppression_efforts' is defined but never used
WARN  common/event_modifiers/raid_mechanics_modifiers.txt: modifier 'raid_warning_system' is defined but never used
WARN  common/event_modifiers/raid_mechanics_modifiers.txt: modifier 'raider_state_reputation' is defined but never used
WARN  common/event_modifiers/raid_mechanics_modifiers.txt: modifier 'registered_cossack_raids' is defined but never used
WARN  common/event_modifiers/russian_orthodox_modifiers.txt: modifier 'religious_resistance_movement' is defined but never used
WARN  common/event_modifiers/RIP_church_redesign_modifiers.txt: modifier 'rip_church_conversion_resistance' is defined but never used
WARN  common/event_modifiers/RIP_faith_modifiers.txt: modifier 'rip_ro_merchant_parish' is defined but never used
WARN  common/event_modifiers/RIP_faith_modifiers.txt: modifier 'rip_ro_merchant_preaching' is defined but never used
WARN  common/event_modifiers/RIP_religion_settlement_modifiers.txt: modifier 'rip_uc_see_recently_raised' is defined but never used
WARN  common/event_modifiers/RIP_HET_modifiers.txt: modifier 'russian_backed_hetman' is defined but never used
WARN  common/event_modifiers/russian_orthodox_modifiers.txt: modifier 'russian_colonial_administration' is defined but never used
WARN  common/event_modifiers/ruthenian_eastward_modifiers.txt: modifier 'ruthenian_forward_fort_chain_mod' is defined but never used
WARN  common/event_modifiers/ruthenian_eastward_modifiers.txt: modifier 'ruthenian_frontier_mobility_network_mod' is defined but never used
WARN  common/event_modifiers/ruthenian_eastward_modifiers.txt: modifier 'ruthenian_frontier_waystations_mod' is defined but never used
WARN  common/event_modifiers/ruthenian_eastward_modifiers.txt: modifier 'ruthenian_line_fort_node_mod' is defined but never used
WARN  common/event_modifiers/ruthenian_eastward_modifiers.txt: modifier 'ruthenian_open_steppe_corridors_mod' is defined but never used
WARN  common/event_modifiers/ruthenian_eastward_modifiers.txt: modifier 'ruthenian_steppe_corridor_doctrine_mod' is defined but never used
WARN  common/event_modifiers/ruthenian_eastward_modifiers.txt: modifier 'ruthenian_steppe_raid_doctrine_mod' is defined but never used
WARN  common/event_modifiers/russian_orthodox_modifiers.txt: modifier 'seeking_anti_crusade_allies' is defined but never used
WARN  common/event_modifiers/zaz_fixes_modifiers.txt: modifier 'sich_recently_relocated_cd' is defined but never used
WARN  common/event_modifiers/zaz_fixes_modifiers.txt: modifier 'sich_relocation_doctrine' is defined but never used
WARN  common/event_modifiers/raid_mechanics_modifiers.txt: modifier 'siege_raid' is defined but never used
WARN  common/event_modifiers/RIP_HET_modifiers.txt: modifier 'sloboda_network_established' is defined but never used
WARN  common/event_modifiers/RIP_shared_modifiers.txt: modifier 'steppe_brotherhood' is defined but never used
WARN  common/event_modifiers/RIP_KIE_modifiers.txt: modifier 'subjugation_of_the_crimeans' is defined but never used
WARN  common/event_modifiers/RIP_KIE_modifiers.txt: modifier 'subjugation_of_the_great_horde' is defined but never used
WARN  common/event_modifiers/RIP_KRU_modifiers.txt: modifier 'svydrigaylo_independent_ruthenian_state' is defined but never used
WARN  common/event_modifiers/RIP_KRU_modifiers.txt: modifier 'svydrigaylo_legacy' is defined but never used
WARN  common/event_modifiers/RIP_KRU_modifiers.txt: modifier 'svydrigaylo_preparing_independence' is defined but never used
WARN  common/event_modifiers/RIP_KRU_modifiers.txt: modifier 'svydrigaylo_starshyna_council' is defined but never used
WARN  common/event_modifiers/raid_mechanics_modifiers.txt: modifier 'tatar_raid_networks' is defined but never used
WARN  common/event_modifiers/raid_mechanics_modifiers.txt: modifier 'tatar_yasyr_tribute' is defined but never used
WARN  common/event_modifiers/raid_mechanics_modifiers.txt: modifier 'unregistered_cossack_raids' is defined but never used
WARN  common/event_modifiers/RIP_UZH_modifiers.txt: modifier 'uz_granichar_command' is defined but never used
WARN  common/event_modifiers/RIP_UZH_modifiers.txt: modifier 'uz_rusin_national_awakening' is defined but never used
WARN  common/event_modifiers/VLN_government_modifiers.txt: modifier 'vln_confessional_diet' is defined but never used
WARN  common/event_modifiers/VLN_government_modifiers.txt: modifier 'vln_crown_statutes' is defined but never used
WARN  common/event_modifiers/VLN_government_modifiers.txt: modifier 'vln_voivodeship_assembly' is defined but never used
WARN  common/event_modifiers/VOL_alt_history_modifiers.txt: modifier 'vol_baltic_ambitions' is defined but never used
WARN  common/event_modifiers/VOL_alt_history_modifiers.txt: modifier 'vol_baltic_dominance' is defined but never used
WARN  common/event_modifiers/VOL_alt_history_modifiers.txt: modifier 'vol_carpathian_federation_modifier' is defined but never used
WARN  common/event_modifiers/VOL_alt_history_modifiers.txt: modifier 'vol_confessional_dialogue' is defined but never used
WARN  common/event_modifiers/VOL_alt_history_modifiers.txt: modifier 'vol_cossack_recruitment' is defined but never used
WARN  common/event_modifiers/VOL_mission_modifiers.txt: modifier 'vol_cultural_golden_age' is defined but never used
WARN  common/event_modifiers/VOL_mission_modifiers.txt: modifier 'vol_diplomatic_web' is defined but never used
WARN  common/event_modifiers/VOL_mission_modifiers.txt: modifier 'vol_dynasty_prestige' is defined but never used
WARN  common/event_modifiers/VOL_alt_history_modifiers.txt: modifier 'vol_eastern_military_tradition' is defined but never used
WARN  common/event_modifiers/VOL_alt_history_modifiers.txt: modifier 'vol_eastern_prosperity' is defined but never used
WARN  common/event_modifiers/VOL_alt_history_modifiers.txt: modifier 'vol_economic_prosperity' is defined but never used
WARN  common/event_modifiers/VOL_alt_history_modifiers.txt: modifier 'vol_galician_brotherhood' is defined but never used
WARN  common/event_modifiers/VOL_alt_history_modifiers.txt: modifier 'vol_galician_unification' is defined but never used
WARN  common/event_modifiers/VOL_alt_history_modifiers.txt: modifier 'vol_grand_ruthenia_authority' is defined but never used
WARN  common/event_modifiers/VOL_alt_history_modifiers.txt: modifier 'vol_grand_ruthenia_modifier' is defined but never used
WARN  common/event_modifiers/VOL_alt_history_modifiers.txt: modifier 'vol_legitimate_authority' is defined but never used
WARN  common/event_modifiers/VOL_alt_history_modifiers.txt: modifier 'vol_northern_integration' is defined but never used
WARN  common/event_modifiers/VOL_alt_history_modifiers.txt: modifier 'vol_ruthenian_renaissance_modifier' is defined but never used
WARN  common/event_modifiers/VOL_alt_history_modifiers.txt: modifier 'vol_steppe_master' is defined but never used
WARN  common/event_modifiers/VOL_alt_history_modifiers.txt: modifier 'vol_supreme_authority' is defined but never used
WARN  common/event_modifiers/raid_mechanics_modifiers.txt: modifier 'winter_raid_season' is defined but never used
WARN  common/event_modifiers/RIP_ZAZ_modifiers.txt: modifier 'zaz_lit_kill' is defined but never used
WARN  common/event_modifiers/RIP_ZAZ_modifiers.txt: modifier 'zaz_rebellious_cossacks' is defined but never used
WARN  common/event_modifiers/RIP_ZAZ_modifiers.txt: modifier 'zaz_slave_raiders' is defined but never used
WARN  common/event_modifiers/RIP_ZAZ_modifiers.txt: modifier 'zaz_steppe_brotherhood' is defined but never used
WARN  common/province_names/CRI.txt:50: renames province 463 to 'Cerkes', but 463 is Circassia in circassia_area (caucasia_region) - far outside this tag's horizon
WARN  common/province_names/CRI.txt:51: renames province 2195 to 'Natuhay', but 2195 is Adyghe in circassia_area (caucasia_region) - far outside this tag's horizon
WARN  common/province_names/CRI.txt:52: renames province 2197 to 'Kabartay', but 2197 is Cabardia in circassia_area (caucasia_region) - far outside this tag's horizon
WARN  common/province_names/CRI.txt:55: renames province 422 to 'Acikbas', but 422 is Imereti in imereti_area (caucasia_region) - far outside this tag's horizon
WARN  common/province_names/CRI.txt:56: renames province 462 to 'Dadyan', but 462 is Mingrelia in imereti_area (caucasia_region) - far outside this tag's horizon
WARN  common/province_names/CRI.txt:57: renames province 1856 to 'Abaza', but 1856 is Abkhazia in imereti_area (caucasia_region) - far outside this tag's horizon
WARN  common/estates/01_church.txt:267: country flag 'hordes_devout_tengri_completion_flag' is tested but never set by the mod or vanilla
WARN  common/religious_conversions/zz_RIP_greek_catholic.txt:19: country flag 'rip_church_opposes_union' is tested but never set by the mod or vanilla
WARN  common/scripted_effects/01_scripted_effects_for_on_actions.txt:4638: country flag 'GER_unlocked_saxon_reform' is tested but never set by the mod or vanilla
WARN  common/scripted_effects/01_scripted_effects_for_on_actions.txt:4649: country flag 'GER_unlocked_franconian_reform' is tested but never set by the mod or vanilla
WARN  common/scripted_effects/rip_crusade_effects.txt:16: country flag 'orthodox_crusade_constantinople_active' is tested but never set by the mod or vanilla
WARN  common/scripted_effects/rip_crusade_effects.txt:16: country flag 'orthodox_crusade_jerusalem_active' is tested but never set by the mod or vanilla
WARN  common/scripted_effects/rip_crusade_effects.txt:19: country flag 'orthodox_crusade_constantinople_active' is tested but never set by the mod or vanilla
WARN  common/scripted_effects/rip_crusade_effects.txt:19: country flag 'orthodox_crusade_jerusalem_active' is tested but never set by the mod or vanilla
WARN  common/scripted_effects/rip_crusade_effects.txt:21: country flag 'orthodox_crusade_target_constantinople' is tested but never set by the mod or vanilla
WARN  common/scripted_effects/rip_crusade_effects.txt:21: country flag 'orthodox_crusade_target_jerusalem' is tested but never set by the mod or vanilla
WARN  common/scripted_effects/rip_crusade_effects.txt:30: country flag 'orthodox_crusade_target_constantinople' is tested but never set by the mod or vanilla
WARN  common/scripted_effects/rip_crusade_effects.txt:30: country flag 'orthodox_crusade_target_jerusalem' is tested but never set by the mod or vanilla
WARN  common/scripted_effects/rip_crusade_effects.txt:30: country flag 'orthodox_crusade_constantinople_active' is tested but never set by the mod or vanilla
WARN  common/scripted_effects/rip_crusade_effects.txt:30: country flag 'orthodox_crusade_jerusalem_active' is tested but never set by the mod or vanilla
WARN  common/scripted_effects/rip_crusade_effects.txt:77: country flag 'orthodox_crusade_target_constantinople' is tested but never set by the mod or vanilla
WARN  common/scripted_effects/rip_crusade_effects.txt:81: country flag 'orthodox_crusade_target_jerusalem' is tested but never set by the mod or vanilla
WARN  common/scripted_effects/rip_crusade_effects.txt:91: country flag 'orthodox_crusade_constantinople_active' is tested but never set by the mod or vanilla
WARN  common/scripted_effects/rip_crusade_effects.txt:91: country flag 'orthodox_crusade_jerusalem_active' is tested but never set by the mod or vanilla
WARN  common/scripted_effects/rip_crusade_effects.txt:113: country flag 'orthodox_crusade_target_constantinople' is tested but never set by the mod or vanilla
WARN  common/scripted_effects/rip_crusade_effects.txt:113: country flag 'orthodox_crusade_target_jerusalem' is tested but never set by the mod or vanilla
WARN  common/scripted_effects/rip_crusade_effects.txt:123: country flag 'orthodox_crusade_constantinople_active' is tested but never set by the mod or vanilla
WARN  common/scripted_effects/rip_crusade_effects.txt:123: country flag 'orthodox_crusade_jerusalem_active' is tested but never set by the mod or vanilla
WARN  common/scripted_effects/rip_crusade_effects.txt:127: country flag 'orthodox_crusade_target_constantinople' is tested but never set by the mod or vanilla
WARN  common/scripted_effects/rip_crusade_effects.txt:127: country flag 'orthodox_crusade_target_jerusalem' is tested but never set by the mod or vanilla
WARN  common/scripted_effects/rip_crusade_effects.txt:135: country flag 'orthodox_crusade_target_constantinople' is tested but never set by the mod or vanilla
WARN  common/scripted_effects/rip_crusade_effects.txt:135: country flag 'orthodox_crusade_target_jerusalem' is tested but never set by the mod or vanilla
WARN  common/scripted_triggers/rip_crusade_triggers.txt:5: country flag 'orthodox_crusade_constantinople_active' is tested but never set by the mod or vanilla
WARN  common/scripted_triggers/rip_crusade_triggers.txt:5: country flag 'orthodox_crusade_jerusalem_active' is tested but never set by the mod or vanilla
WARN  common/scripted_triggers/rip_crusade_triggers.txt:43: country flag 'orthodox_crusade_target_constantinople' is tested but never set by the mod or vanilla
WARN  common/scripted_triggers/rip_crusade_triggers.txt:43: country flag 'orthodox_crusade_target_jerusalem' is tested but never set by the mod or vanilla
WARN  common/scripted_triggers/rip_crusade_triggers.txt:47: country flag 'orthodox_crusade_constantinople_active' is tested but never set by the mod or vanilla
WARN  common/scripted_triggers/rip_crusade_triggers.txt:47: country flag 'orthodox_crusade_jerusalem_active' is tested but never set by the mod or vanilla
WARN  common/scripted_triggers/rip_crusade_triggers.txt:52: country flag 'orthodox_crusade_target_constantinople' is tested but never set by the mod or vanilla
WARN  common/scripted_triggers/rip_crusade_triggers.txt:52: country flag 'orthodox_crusade_target_jerusalem' is tested but never set by the mod or vanilla
WARN  common/scripted_triggers/rip_crusade_triggers.txt:55: country flag 'orthodox_crusade_constantinople_active' is tested but never set by the mod or vanilla
WARN  common/scripted_triggers/rip_crusade_triggers.txt:55: country flag 'orthodox_crusade_target_constantinople' is tested but never set by the mod or vanilla
WARN  common/scripted_triggers/rip_crusade_triggers.txt:56: country flag 'orthodox_crusade_jerusalem_active' is tested but never set by the mod or vanilla
WARN  common/scripted_triggers/rip_crusade_triggers.txt:56: country flag 'orthodox_crusade_target_jerusalem' is tested but never set by the mod or vanilla
WARN  common/scripted_triggers/rus_russian_orthodox_triggers.txt:114: country flag 'orthodox_crusade_constantinople_active' is tested but never set by the mod or vanilla
WARN  common/scripted_triggers/rus_russian_orthodox_triggers.txt:115: country flag 'orthodox_crusade_jerusalem_active' is tested but never set by the mod or vanilla
WARN  common/scripted_triggers/rus_russian_orthodox_triggers.txt:153: country flag 'orthodox_crusade_constantinople_active' is tested but never set by the mod or vanilla
WARN  common/scripted_triggers/rus_russian_orthodox_triggers.txt:154: country flag 'orthodox_crusade_jerusalem_active' is tested but never set by the mod or vanilla
WARN  common/scripted_triggers/rus_russian_orthodox_triggers.txt:167: country flag 'orthodox_crusade_constantinople_active' is tested but never set by the mod or vanilla
WARN  common/scripted_triggers/rus_russian_orthodox_triggers.txt:179: country flag 'orthodox_crusade_jerusalem_active' is tested but never set by the mod or vanilla
WARN  common/scripted_triggers/rus_russian_orthodox_triggers.txt:200: country flag 'orthodox_crusade_constantinople_active' is tested but never set by the mod or vanilla
WARN  common/scripted_triggers/rus_russian_orthodox_triggers.txt:204: country flag 'orthodox_crusade_jerusalem_active' is tested but never set by the mod or vanilla
WARN  common/scripted_triggers/rus_russian_orthodox_triggers.txt:214: country flag 'orthodox_crusade_constantinople_active' is tested but never set by the mod or vanilla
WARN  common/scripted_triggers/rus_russian_orthodox_triggers.txt:215: country flag 'orthodox_crusade_jerusalem_active' is tested but never set by the mod or vanilla
WARN  common/scripted_triggers/rus_russian_orthodox_triggers.txt:232: country flag 'orthodox_crusade_target_constantinople' is tested but never set by the mod or vanilla
WARN  common/scripted_triggers/rus_russian_orthodox_triggers.txt:236: country flag 'orthodox_crusade_target_jerusalem' is tested but never set by the mod or vanilla
WARN  decisions/OrthodoxCrusadeDecisions.txt:43: country flag 'orthodox_crusade_constantinople_active' is tested but never set by the mod or vanilla
WARN  decisions/OrthodoxCrusadeDecisions.txt:43: country flag 'orthodox_crusade_jerusalem_active' is tested but never set by the mod or vanilla
ERROR common/colonial_regions/00_colonial_regions.txt:771: province 906 is 'Lakota', but the comment says 'Yankton'
ERROR common/colonial_regions/00_colonial_regions.txt:1020: province 885 is 'Comanche', but the comment says 'Teyas'
ERROR common/colonial_regions/00_colonial_regions.txt:1123: province 489 is 'Tortuga', but the comment says 'Barahonas'
ERROR common/colonial_regions/00_colonial_regions.txt:1124: province 490 is 'Barahonas', but the comment says 'Tortuga'
ERROR common/colonial_regions/00_colonial_regions.txt:1534: province 772 is 'Paysandu', but the comment says 'Uruguay'
ERROR common/religious_conversions/00_religious_conversions.txt:58: province 118 is 'Roma', but the comment says 'Rome, seat of Papacy'
ERROR common/religious_conversions/00_religious_conversions.txt:161: province 118 is 'Roma', but the comment says 'Rome, seat of Papacy'
ERROR common/religious_conversions/00_religious_conversions.txt:286: province 118 is 'Roma', but the comment says 'Rome, seat of Papacy'
ERROR common/religious_conversions/00_religious_conversions.txt:414: province 118 is 'Roma', but the comment says 'Rome, seat of Papacy'
ERROR common/religious_conversions/00_religious_conversions.txt:535: province 118 is 'Roma', but the comment says 'Rome, seat of Papacy'
ERROR common/religious_conversions/00_religious_conversions.txt:656: province 118 is 'Roma', but the comment says 'Rome, seat of Papacy'
ERROR common/religious_conversions/00_religious_conversions.txt:777: province 118 is 'Roma', but the comment says 'Rome, seat of Papacy'
ERROR common/religious_conversions/00_religious_conversions.txt:896: province 118 is 'Roma', but the comment says 'Rome, seat of Papacy'
ERROR common/religious_conversions/00_religious_conversions.txt:973: province 118 is 'Roma', but the comment says 'Rome, seat of Papacy'

540 script files, 110 localisation files
vanilla localisation: 126744 keys from D:\Programs Files(x86)\Steam\steamapps\common\Europa Universalis IV
761 events, 1364 event modifiers
14 error(s), 237 warning(s)
